Archive member included to satisfy reference by file (symbol)

libprotocol_core.a(arm_controller.c.obj)
                              CMakeFiles/ChallengeCup_Main.elf.dir/App/Src/app_bridge.c.obj (arm_controller_init)
libprotocol_core.a(arm_kinematics.c.obj)
                              libprotocol_core.a(arm_controller.c.obj) (arm_kinematics_config_default)
libprotocol_core.a(arm_nuc_protocol.c.obj)
                              CMakeFiles/ChallengeCup_Main.elf.dir/App/Src/app_bridge.c.obj (arm_nuc_parse)
libprotocol_core.a(erob_canopen.c.obj)
                              CMakeFiles/ChallengeCup_Main.elf.dir/App/Src/app_bridge.c.obj (erob_parse_sdo_response)
libprotocol_core.a(force_sensor.c.obj)
                              CMakeFiles/ChallengeCup_Main.elf.dir/App/Src/app_bridge.c.obj (force_sensor_parser_init)
libprotocol_core.a(legacy_can_bridge.c.obj)
                              CMakeFiles/ChallengeCup_Main.elf.dir/App/Src/udp_transport.c.obj (legacy_can_bridge_decode)
libprotocol_core.a(legacy_udp.c.obj)
                              CMakeFiles/ChallengeCup_Main.elf.dir/App/Src/app_bridge.c.obj (legacy_udp_parse)
libprotocol_core.a(robstride.c.obj)
                              CMakeFiles/ChallengeCup_Main.elf.dir/App/Src/app_bridge.c.obj (robstride_limits)
libprotocol_core.a(udp_protocol.c.obj)
                              CMakeFiles/ChallengeCup_Main.elf.dir/App/Src/app_bridge.c.obj (udp_protocol_encode)
C:/ST/STM32CubeCLT_1.22.0/GNU-tools-for-STM32/bin/../lib/gcc/arm-none-eabi/14.3.1/../../../../arm-none-eabi/lib/thumb/v7e-m+fp/hard\libm.a(libm_a-wf_atan2.o)
                              libprotocol_core.a(arm_kinematics.c.obj) (atan2f)
C:/ST/STM32CubeCLT_1.22.0/GNU-tools-for-STM32/bin/../lib/gcc/arm-none-eabi/14.3.1/../../../../arm-none-eabi/lib/thumb/v7e-m+fp/hard\libm.a(libm_a-wf_hypot.o)
                              libprotocol_core.a(arm_kinematics.c.obj) (hypotf)
C:/ST/STM32CubeCLT_1.22.0/GNU-tools-for-STM32/bin/../lib/gcc/arm-none-eabi/14.3.1/../../../../arm-none-eabi/lib/thumb/v7e-m+fp/hard\libm.a(libm_a-sf_cos.o)
                              libprotocol_core.a(arm_kinematics.c.obj) (cosf)
C:/ST/STM32CubeCLT_1.22.0/GNU-tools-for-STM32/bin/../lib/gcc/arm-none-eabi/14.3.1/../../../../arm-none-eabi/lib/thumb/v7e-m+fp/hard\libm.a(libm_a-sf_sin.o)
                              libprotocol_core.a(arm_kinematics.c.obj) (sinf)
C:/ST/STM32CubeCLT_1.22.0/GNU-tools-for-STM32/bin/../lib/gcc/arm-none-eabi/14.3.1/../../../../arm-none-eabi/lib/thumb/v7e-m+fp/hard\libm.a(libm_a-sf_finite.o)
                              C:/ST/STM32CubeCLT_1.22.0/GNU-tools-for-STM32/bin/../lib/gcc/arm-none-eabi/14.3.1/../../../../arm-none-eabi/lib/thumb/v7e-m+fp/hard\libm.a(libm_a-wf_hypot.o) (finitef)
C:/ST/STM32CubeCLT_1.22.0/GNU-tools-for-STM32/bin/../lib/gcc/arm-none-eabi/14.3.1/../../../../arm-none-eabi/lib/thumb/v7e-m+fp/hard\libm.a(libm_a-sf_lround.o)
                              CMakeFiles/ChallengeCup_Main.elf.dir/App/Src/vofa_firewater.c.obj (lroundf)
C:/ST/STM32CubeCLT_1.22.0/GNU-tools-for-STM32/bin/../lib/gcc/arm-none-eabi/14.3.1/../../../../arm-none-eabi/lib/thumb/v7e-m+fp/hard\libm.a(libm_a-sf_round.o)
                              CMakeFiles/ChallengeCup_Main.elf.dir/App/Src/app_bridge.c.obj (roundf)
C:/ST/STM32CubeCLT_1.22.0/GNU-tools-for-STM32/bin/../lib/gcc/arm-none-eabi/14.3.1/../../../../arm-none-eabi/lib/thumb/v7e-m+fp/hard\libm.a(libm_a-kf_cos.o)
                              C:/ST/STM32CubeCLT_1.22.0/GNU-tools-for-STM32/bin/../lib/gcc/arm-none-eabi/14.3.1/../../../../arm-none-eabi/lib/thumb/v7e-m+fp/hard\libm.a(libm_a-sf_cos.o) (__kernel_cosf)
C:/ST/STM32CubeCLT_1.22.0/GNU-tools-for-STM32/bin/../lib/gcc/arm-none-eabi/14.3.1/../../../../arm-none-eabi/lib/thumb/v7e-m+fp/hard\libm.a(libm_a-kf_sin.o)
                              C:/ST/STM32CubeCLT_1.22.0/GNU-tools-for-STM32/bin/../lib/gcc/arm-none-eabi/14.3.1/../../../../arm-none-eabi/lib/thumb/v7e-m+fp/hard\libm.a(libm_a-sf_cos.o) (__kernel_sinf)
C:/ST/STM32CubeCLT_1.22.0/GNU-tools-for-STM32/bin/../lib/gcc/arm-none-eabi/14.3.1/../../../../arm-none-eabi/lib/thumb/v7e-m+fp/hard\libm.a(libm_a-ef_atan2.o)
                              C:/ST/STM32CubeCLT_1.22.0/GNU-tools-for-STM32/bin/../lib/gcc/arm-none-eabi/14.3.1/../../../../arm-none-eabi/lib/thumb/v7e-m+fp/hard\libm.a(libm_a-wf_atan2.o) (__ieee754_atan2f)
C:/ST/STM32CubeCLT_1.22.0/GNU-tools-for-STM32/bin/../lib/gcc/arm-none-eabi/14.3.1/../../../../arm-none-eabi/lib/thumb/v7e-m+fp/hard\libm.a(libm_a-ef_hypot.o)
                              C:/ST/STM32CubeCLT_1.22.0/GNU-tools-for-STM32/bin/../lib/gcc/arm-none-eabi/14.3.1/../../../../arm-none-eabi/lib/thumb/v7e-m+fp/hard\libm.a(libm_a-wf_hypot.o) (__ieee754_hypotf)
C:/ST/STM32CubeCLT_1.22.0/GNU-tools-for-STM32/bin/../lib/gcc/arm-none-eabi/14.3.1/../../../../arm-none-eabi/lib/thumb/v7e-m+fp/hard\libm.a(libm_a-ef_rem_pio2.o)
[...]
Memory Configuration

Name             Origin             Length             Attributes
CCMRAM           0x10000000         0x00010000         xrw
RAM              0x20000000         0x00020000         xrw
ROM              0x08000000         0x00100000         xr
*default*        0x00000000         0xffffffff

Linker script and memory map

LOAD C:/ST/STM32CubeCLT_1.22.0/GNU-tools-for-STM32/bin/../lib/gcc/arm-none-eabi/14.3.1/thumb/v7e-m+fp/hard/crti.o
LOAD C:/ST/STM32CubeCLT_1.22.0/GNU-tools-for-STM32/bin/../lib/gcc/arm-none-eabi/14.3.1/thumb/v7e-m+fp/hard/crtbegin.o
LOAD C:/ST/STM32CubeCLT_1.22.0/GNU-tools-for-STM32/bin/../lib/gcc/arm-none-eabi/14.3.1/../../../../arm-none-eabi/lib/thumb/v7e-m+fp/hard/crt0.o
LOAD CMakeFiles/ChallengeCup_Main.elf.dir/Core/Startup/startup_stm32f407xx.s.obj
LOAD CMakeFiles/ChallengeCup_Main.elf.dir/Core/Src/board.c.obj
LOAD CMakeFiles/ChallengeCup_Main.elf.dir/Core/Src/ethernetif.c.obj
LOAD CMakeFiles/ChallengeCup_Main.elf.dir/Core/Src/main.c.obj
LOAD CMakeFiles/ChallengeCup_Main.elf.dir/Core/Src/stm32f4xx_it.c.obj
LOAD CMakeFiles/ChallengeCup_Main.elf.dir/Core/Src/syscalls.c.obj
LOAD CMakeFiles/ChallengeCup_Main.elf.dir/Core/Src/sysmem.c.obj
LOAD CMakeFiles/ChallengeCup_Main.elf.dir/Core/Src/system_stm32f4xx.c.obj
LOAD CMakeFiles/ChallengeCup_Main.elf.dir/App/Src/app_bridge.c.obj
LOAD CMakeFiles/ChallengeCup_Main.elf.dir/App/Src/vofa_firewater.c.obj
LOAD CMakeFiles/ChallengeCup_Main.elf.dir/App/Src/udp_transport.c.obj
LOAD CMakeFiles/ChallengeCup_Main.elf.dir/Drivers/BSP/Components/lan8742/lan8742.c.obj
LOAD CMakeFiles/ChallengeCup_Main.elf.dir/Drivers/STM32F4xx_HAL_Driver/Src/stm32f4xx_hal.c.obj
LOAD CMakeFiles/ChallengeCup_Main.elf.dir/Drivers/STM32F4xx_HAL_Driver/Src/stm32f4xx_hal_can.c.obj
LOAD CMakeFiles/ChallengeCup_Main.elf.dir/Drivers/STM32F4xx_HAL_Driver/Src/stm32f4xx_hal_cortex.c.obj
LOAD CMakeFiles/ChallengeCup_Main.elf.dir/Drivers/STM32F4xx_HAL_Driver/Src/stm32f4xx_hal_dma.c.obj
LOAD CMakeFiles/ChallengeCup_Main.elf.dir/Drivers/STM32F4xx_HAL_Driver/Src/stm32f4xx_hal_dma_ex.c.obj
LOAD CMakeFiles/ChallengeCup_Main.elf.dir/Drivers/STM32F4xx_HAL_Driver/Src/stm32f4xx_hal_eth.c.obj
LOAD CMakeFiles/ChallengeCup_Main.elf.dir/Drivers/STM32F4xx_HAL_Driver/Src/stm32f4xx_hal_exti.c.obj
LOAD CMakeFiles/ChallengeCup_Main.elf.dir/Drivers/STM32F4xx_HAL_Driver/Src/stm32f4xx_hal_flash.c.obj
LOAD CMakeFiles/ChallengeCup_Main.elf.dir/Drivers/STM32F4xx_HAL_Driver/Src/stm32f4xx_hal_flash_ex.c.obj
LOAD CMakeFiles/ChallengeCup_Main.elf.dir/Drivers/STM32F4xx_HAL_Driver/Src/stm32f4xx_hal_flash_ramfunc.c.obj
LOAD CMakeFiles/ChallengeCup_Main.elf.dir/Drivers/STM32F4xx_HAL_Driver/Src/stm32f4xx_hal_gpio.c.obj
LOAD CMakeFiles/ChallengeCup_Main.elf.dir/Drivers/STM32F4xx_HAL_Driver/Src/stm32f4xx_hal_pwr.c.obj
LOAD CMakeFiles/ChallengeCup_Main.elf.dir/Drivers/STM32F4xx_HAL_Driver/Src/stm32f4xx_hal_pwr_ex.c.obj
LOAD CMakeFiles/ChallengeCup_Main.elf.dir/Drivers/STM32F4xx_HAL_Driver/Src/stm32f4xx_hal_rcc.c.obj
LOAD CMakeFiles/ChallengeCup_Main.elf.dir/Drivers/STM32F4xx_HAL_Driver/Src/stm32f4xx_hal_rcc_ex.c.obj
LOAD CMakeFiles/ChallengeCup_Main.elf.dir/Drivers/STM32F4xx_HAL_Driver/Src/stm32f4xx_hal_uart.c.obj
LOAD CMakeFiles/ChallengeCup_Main.elf.dir/Middlewares/Third_Party/LwIP/src/core/altcp.c.obj
LOAD CMakeFiles/ChallengeCup_Main.elf.dir/Middlewares/Third_Party/LwIP/src/core/altcp_alloc.c.obj
LOAD CMakeFiles/ChallengeCup_Main.elf.dir/Middlewares/Third_Party/LwIP/src/core/altcp_tcp.c.obj
LOAD CMakeFiles/ChallengeCup_Main.elf.dir/Middlewares/Third_Party/LwIP/src/core/def.c.obj
LOAD CMakeFiles/ChallengeCup_Main.elf.dir/Middlewares/Third_Party/LwIP/src/core/dns.c.obj
LOAD CMakeFiles/ChallengeCup_Main.elf.dir/Middlewares/Third_Party/LwIP/src/core/inet_chksum.c.obj
LOAD CMakeFiles/ChallengeCup_Main.elf.dir/Middlewares/Third_Party/LwIP/src/core/init.c.obj
LOAD CMakeFiles/ChallengeCup_Main.elf.dir/Middlewares/Third_Party/LwIP/src/core/ip.c.obj
LOAD CMakeFiles/ChallengeCup_Main.elf.dir/Middlewares/Third_Party/LwIP/src/core/mem.c.obj
LOAD CMakeFiles/ChallengeCup_Main.elf.dir/Middlewares/Third_Party/LwIP/src/core/memp.c.obj
LOAD CMakeFiles/ChallengeCup_Main.elf.dir/Middlewares/Third_Party/LwIP/src/core/netif.c.obj
LOAD CMakeFiles/ChallengeCup_Main.elf.dir/Middlewares/Third_Party/LwIP/src/core/pbuf.c.obj
LOAD CMakeFiles/ChallengeCup_Main.elf.dir/Middlewares/Third_Party/LwIP/src/core/raw.c.obj
LOAD CMakeFiles/ChallengeCup_Main.elf.dir/Middlewares/Third_Party/LwIP/src/core/stats.c.obj
LOAD CMakeFiles/ChallengeCup_Main.elf.dir/Middlewares/Third_Party/LwIP/src/core/sys.c.obj
LOAD CMakeFiles/ChallengeCup_Main.elf.dir/Middlewares/Third_Party/LwIP/src/core/tcp.c.obj
LOAD CMakeFiles/ChallengeCup_Main.elf.dir/Middlewares/Third_Party/LwIP/src/core/tcp_in.c.obj
LOAD CMakeFiles/ChallengeCup_Main.elf.dir/Middlewares/Third_Party/LwIP/src/core/tcp_out.c.obj
LOAD CMakeFiles/ChallengeCup_Main.elf.dir/Middlewares/Third_Party/LwIP/src/core/timeouts.c.obj
LOAD CMakeFiles/ChallengeCup_Main.elf.dir/Middlewares/Third_Party/LwIP/src/core/udp.c.obj
LOAD CMakeFiles/ChallengeCup_Main.elf.dir/Middlewares/Third_Party/LwIP/src/core/ipv4/autoip.c.obj
LOAD CMakeFiles/ChallengeCup_Main.elf.dir/Middlewares/Third_Party/LwIP/src/core/ipv4/etharp.c.obj
LOAD CMakeFiles/ChallengeCup_Main.elf.dir/Middlewares/Third_Party/LwIP/src/core/ipv4/icmp.c.obj
LOAD CMakeFiles/ChallengeCup_Main.elf.dir/Middlewares/Third_Party/LwIP/src/core/ipv4/igmp.c.obj
LOAD CMakeFiles/ChallengeCup_Main.elf.dir/Middlewares/Third_Party/LwIP/src/core/ipv4/ip4.c.obj
LOAD CMakeFiles/ChallengeCup_Main.elf.dir/Middlewares/Third_Party/LwIP/src/core/ipv4/ip4_addr.c.obj
LOAD CMakeFiles/ChallengeCup_Main.elf.dir/Middlewares/Third_Party/LwIP/src/core/ipv4/ip4_frag.c.obj
LOAD CMakeFiles/ChallengeCup_Main.elf.dir/Middlewares/Third_Party/LwIP/src/netif/ethernet.c.obj
LOAD libprotocol_core.a
LOAD C:/ST/STM32CubeCLT_1.22.0/GNU-tools-for-STM32/bin/../lib/gcc/arm-none-eabi/14.3.1/../../../../arm-none-eabi/lib/thumb/v7e-m+fp/hard\libm.a
START GROUP
LOAD C:/ST/STM32CubeCLT_1.22.0/GNU-tools-for-STM32/bin/../lib/gcc/arm-none-eabi/14.3.1/thumb/v7e-m+fp/hard\libgcc.a
LOAD C:/ST/STM32CubeCLT_1.22.0/GNU-tools-for-STM32/bin/../lib/gcc/arm-none-eabi/14.3.1/../../../../arm-none-eabi/lib/thumb/v7e-m+fp/hard\libc_nano.a
END GROUP
START GROUP
LOAD C:/ST/STM32CubeCLT_1.22.0/GNU-tools-for-STM32/bin/../lib/gcc/arm-none-eabi/14.3.1/thumb/v7e-m+fp/hard\libgcc.a
LOAD C:/ST/STM32CubeCLT_1.22.0/GNU-tools-for-STM32/bin/../lib/gcc/arm-none-eabi/14.3.1/../../../../arm-none-eabi/lib/thumb/v7e-m+fp/hard\libc_nano.a
LOAD C:/ST/STM32CubeCLT_1.22.0/GNU-tools-for-STM32/bin/../lib/gcc/arm-none-eabi/14.3.1/../../../../arm-none-eabi/lib/thumb/v7e-m+fp/hard\libnosys.a
END GROUP
START GROUP
LOAD C:/ST/STM32CubeCLT_1.22.0/GNU-tools-for-STM32/bin/../lib/gcc/arm-none-eabi/14.3.1/thumb/v7e-m+fp/hard\libgcc.a
LOAD C:/ST/STM32CubeCLT_1.22.0/GNU-tools-for-STM32/bin/../lib/gcc/arm-none-eabi/14.3.1/../../../../arm-none-eabi/lib/thumb/v7e-m+fp/hard\libc_nano.a
LOAD C:/ST/STM32CubeCLT_1.22.0/GNU-tools-for-STM32/bin/../lib/gcc/arm-none-eabi/14.3.1/../../../../arm-none-eabi/lib/thumb/v7e-m+fp/hard\libnosys.a
END GROUP
LOAD C:/ST/STM32CubeCLT_1.22.0/GNU-tools-for-STM32/bin/../lib/gcc/arm-none-eabi/14.3.1/thumb/v7e-m+fp/hard/crtend.o
LOAD C:/ST/STM32CubeCLT_1.22.0/GNU-tools-for-STM32/bin/../lib/gcc/arm-none-eabi/14.3.1/thumb/v7e-m+fp/hard/crtn.o
                0x20020000                        _estack = (ORIGIN (RAM) + LENGTH (RAM))
                0x00000200                        _Min_Heap_Size = 0x200
                0x00000400                        _Min_Stack_Size = 0x400

.isr_vector     0x08000000      0x188
                0x08000000                        . = ALIGN (0x4)
 *(.isr_vector)
 .isr_vector    0x08000000      0x188 CMakeFiles/ChallengeCup_Main.elf.dir/Core/Startup/startup_stm32f407xx.s.obj
                0x08000000                g_pfnVectors
                0x08000188                        . = ALIGN (0x4)

.text           0x08000190     0xdb90
                0x08000190                        . = ALIGN (0x4)
 *(.text)
 .text          0x08000190       0x40 C:/ST/STM32CubeCLT_1.22.0/GNU-tools-for-STM32/bin/../lib/gcc/arm-none-eabi/14.3.1/thumb/v7e-m+fp/hard/crtbegin.o
 .text          0x080001d0      0x208 libprotocol_core.a(arm_controller.c.obj)
                0x080001d0                arm_controller_init
                0x080001fc                arm_controller_move_to
                0x080002a0                arm_controller_move_gripper
                0x0800033c                arm_controller_poll
                0x080003b4                arm_controller_stop
 .text          0x080003d8     0x19f0 libprotocol_core.a(arm_kinematics.c.obj)
                0x08000648                arm_kinematics_config_default
                0x080006f8                arm_kinematics_forward
                0x08000ad0                arm_kinematics_inverse
 .text          0x08001dc8      0x644 libprotocol_core.a(arm_nuc_protocol.c.obj)
                0x08001dc8                arm_nuc_parse
 .text          0x0800240c      0x484 libprotocol_core.a(erob_canopen.c.obj)
                0x0800240c                erob_make_nmt
                0x08002440                erob_make_sdo_read
                0x08002484                erob_make_sdo_write_u8
                0x080024cc                erob_make_sdo_write_u16
                0x08002518                erob_make_sdo_write_u32
                0x0800256c                erob_parse_sdo_response
                0x080025f0                erob_make_mode
                0x08002644                erob_make_controlword
                0x08002684                erob_make_target_position
                0x080026c0                erob_make_target_velocity
                0x080026fc                erob_make_target_torque
                0x0800273c                erob_make_profile_velocity
                0x08002778                erob_make_profile_acceleration
                0x080027b4                erob_make_profile_deceleration
                0x080027f0                erob_make_statusword_read
                0x08002828                erob_ds402_state
                0x08002878                erob_ds402_next_controlword
 .text          0x08002890      0x2ec libprotocol_core.a(force_sensor.c.obj)
                0x080028a4                force_sensor_parser_init
                0x080028b0                force_sensor_parser_feed
                0x080029fc                force_sensor_build_command
                0x08002a44                force_sensor_build_simple_command
                0x08002a60                force_sensor_build_baud_command
                0x08002a88                force_sensor_decode_sample
                0x08002b00                force_sensor_decode_sample_order
 .text          0x08002b7c      0x168 libprotocol_core.a(legacy_can_bridge.c.obj)
                0x08002b7c                legacy_can_bridge_decode
                0x08002bfc                legacy_can_bridge_encode
                0x08002c60                legacy_can_bridge_is_safe_stop
 .text          0x08002ce4      0x340 libprotocol_core.a(legacy_udp.c.obj)
                0x08002ce4                legacy_udp_parse
 .text          0x08003024      0x8cc libprotocol_core.a(robstride.c.obj)
                0x08003024                robstride_limits
                0x0800303c                robstride_make_extended_id
                0x0800304c                robstride_make_motion
                0x08003338                robstride_make_enable
                0x08003364                robstride_make_stop
                0x08003398                robstride_make_set_zero
                0x080033d0                robstride_make_discover
                0x080033f4                robstride_make_read_version
                0x08003424                robstride_make_set_can_id
                0x08003464                robstride_make_save_parameters
                0x080034a8                robstride_make_set_baud
                0x080034fc                robstride_make_set_reporting
                0x08003544                robstride_make_set_protocol
                0x08003594                robstride_make_read_parameter
                0x080035cc                robstride_make_write_parameter_f32
                0x08003624                robstride_make_write_parameter_u8
                0x08003668                robstride_parse_feedback
                0x08003784                robstride_parse_parameter_reply
                0x080037f4                robstride_parse_discovery_reply
                0x08003840                robstride_parse_fault_reply
                0x08003890                robstride_parse_version_reply
 .text          0x080038f0      0x448 libprotocol_core.a(udp_protocol.c.obj)
                0x080038f0                udp_protocol_crc32
                0x08003968                udp_protocol_encode
                0x08003ad0                udp_protocol_decode
                0x08003bb0                udp_protocol_decode_motor_command
                0x08003ca4                udp_protocol_encode_motor_command
 .text          0x08003d38       0x30 C:/ST/STM32CubeCLT_1.22.0/GNU-tools-for-STM32/bin/../lib/gcc/arm-none-eabi/14.3.1/thumb/v7e-m+fp/hard\libgcc.a(_aeabi_uldivmod.o)
                0x08003d38                __aeabi_uldivmod
 .text          0x08003d68      0x2f8 C:/ST/STM32CubeCLT_1.22.0/GNU-tools-for-STM32/bin/../lib/gcc/arm-none-eabi/14.3.1/thumb/v7e-m+fp/hard\libgcc.a(_udivmoddi4.o)
                0x08003d68                __udivmoddi4
 .text          0x08004060        0x4 C:/ST/STM32CubeCLT_1.22.0/GNU-tools-for-STM32/bin/../lib/gcc/arm-none-eabi/14.3.1/thumb/v7e-m+fp/hard\libgcc.a(_dvmd_tls.o)
                0x08004060                __aeabi_idiv0
                0x08004060                __aeabi_ldiv0
 .text          0x08004064       0x10 C:/ST/STM32CubeCLT_1.22.0/GNU-tools-for-STM32/bin/../lib/gcc/arm-none-eabi/14.3.1/../../../../arm-none-eabi/lib/thumb/v7e-m+fp/hard\libc_nano.a(libc_a-strlen.o)
                0x08004064                strlen
 *fill*         0x08004074        0xc 
 .text          0x08004080       0xa0 C:/ST/STM32CubeCLT_1.22.0/GNU-tools-for-STM32/bin/../lib/gcc/arm-none-eabi/14.3.1/../../../../arm-none-eabi/lib/thumb/v7e-m+fp/hard\libc_nano.a(libc_a-memchr.o)
                0x08004080                memchr
 *(.text*)
 .text.Reset_Handler
                0x08004120       0x50 CMakeFiles/ChallengeCup_Main.elf.dir/Core/Startup/startup_stm32f407xx.s.obj
                0x08004120                Reset_Handler
 .text.Default_Handler
                0x08004170        0x2 CMakeFiles/ChallengeCup_Main.elf.dir/Core/Startup/startup_stm32f407xx.s.obj
                0x08004170                RTC_Alarm_IRQHandler
                0x08004170                HASH_RNG_IRQHandler
                0x08004170                EXTI2_IRQHandler
                0x08004170                TIM8_CC_IRQHandler
                0x08004170                TIM1_CC_IRQHandler
                0x08004170                DMA2_Stream5_IRQHandler
                0x08004170                DMA1_Stream5_IRQHandler
                0x08004170                PVD_IRQHandler
                0x08004170                SDIO_IRQHandler
                0x08004170                TAMP_STAMP_IRQHandler
                0x08004170                CAN2_RX1_IRQHandler
                0x08004170                EXTI3_IRQHandler
                0x08004170                TIM8_TRG_COM_TIM14_IRQHandler
                0x08004170                TIM1_UP_TIM10_IRQHandler
                0x08004170                TIM8_UP_TIM13_IRQHandler
                0x08004170                I2C3_ER_IRQHandler
                0x08004170                EXTI0_IRQHandler
                0x08004170                I2C2_EV_IRQHandler
                0x08004170                DMA1_Stream2_IRQHandler
                0x08004170                FPU_IRQHandler
                0x08004170                OTG_HS_WKUP_IRQHandler
                0x08004170                DMA2_Stream2_IRQHandler
                0x08004170                SPI1_IRQHandler
                0x08004170                TIM6_DAC_IRQHandler
                0x08004170                TIM1_BRK_TIM9_IRQHandler
                0x08004170                DCMI_IRQHandler
                0x08004170                DMA2_Stream3_IRQHandler
                0x08004170                USART3_IRQHandler
                0x08004170                CAN1_RX1_IRQHandler
                0x08004170                UART5_IRQHandler
                0x08004170                DMA2_Stream0_IRQHandler
                0x08004170                TIM4_IRQHandler
                0x08004170                I2C1_EV_IRQHandler
                0x08004170                DMA1_Stream6_IRQHandler
                0x08004170                DMA1_Stream1_IRQHandler
                0x08004170                UART4_IRQHandler
                0x08004170                TIM3_IRQHandler
                0x08004170                RCC_IRQHandler
                0x08004170                TIM8_BRK_TIM12_IRQHandler
                0x08004170                Default_Handler
                0x08004170                EXTI15_10_IRQHandler
                0x08004170                ADC_IRQHandler
                0x08004170                DMA1_Stream7_IRQHandler
                0x08004170                TIM7_IRQHandler
                0x08004170                CAN2_TX_IRQHandler
                0x08004170                TIM5_IRQHandler
                0x08004170                DMA2_Stream7_IRQHandler
                0x08004170                I2C3_EV_IRQHandler
                0x08004170                EXTI9_5_IRQHandler
                0x08004170                RTC_WKUP_IRQHandler
                0x08004170                ETH_WKUP_IRQHandler
                0x08004170                SPI2_IRQHandler
                0x08004170                OTG_HS_EP1_IN_IRQHandler
                0x08004170                DMA1_Stream0_IRQHandler
                0x08004170                CAN1_TX_IRQHandler
                0x08004170                EXTI4_IRQHandler
                0x08004170                FSMC_IRQHandler
                0x08004170                ETH_IRQHandler
                0x08004170                OTG_HS_EP1_OUT_IRQHandler
                0x08004170                WWDG_IRQHandler
                0x08004170                TIM2_IRQHandler
                0x08004170                OTG_FS_WKUP_IRQHandler
                0x08004170                TIM1_TRG_COM_TIM11_IRQHandler
                0x08004170                OTG_HS_IRQHandler
                0x08004170                EXTI1_IRQHandler
                0x08004170                USART2_IRQHandler
                0x08004170                I2C2_ER_IRQHandler
                0x08004170                FLASH_IRQHandler
                0x08004170                DMA2_Stream4_IRQHandler
                0x08004170                USART1_IRQHandler
                0x08004170                OTG_FS_IRQHandler
                0x08004170                SPI3_IRQHandler
                0x08004170                DMA1_Stream4_IRQHandler
                0x08004170                I2C1_ER_IRQHandler
                0x08004170                DMA2_Stream6_IRQHandler
                0x08004170                DMA1_Stream3_IRQHandler
 *fill*         0x08004172        0x2 
 .text.can_init
                0x08004174       0x7c CMakeFiles/ChallengeCup_Main.elf.dir/Core/Src/board.c.obj
 .text.board_peripherals_init_selected.part.0
                0x080041f0      0x160 CMakeFiles/ChallengeCup_Main.elf.dir/Core/Src/board.c.obj
 .text.board_peripherals_start_selected.part.0
                0x08004350       0x58 CMakeFiles/ChallengeCup_Main.elf.dir/Core/Src/board.c.obj
 .text.HAL_MspInit
                0x080043a8       0x3c CMakeFiles/ChallengeCup_Main.elf.dir/Core/Src/board.c.obj
                0x080043a8                HAL_MspInit
 .text.board_peripherals_init
                0x080043e4        0x6 CMakeFiles/ChallengeCup_Main.elf.dir/Core/Src/board.c.obj
                0x080043e4                board_peripherals_init
 .text.board_peripherals_start
                0x080043ea        0x6 CMakeFiles/ChallengeCup_Main.elf.dir/Core/Src/board.c.obj
                0x080043ea                board_peripherals_start
 .text.board_phy_reset_release
                0x080043f0       0x2c CMakeFiles/ChallengeCup_Main.elf.dir/Core/Src/board.c.obj
                0x080043f0                board_phy_reset_release
 .text.board_led_set
                0x0800441c       0x28 CMakeFiles/ChallengeCup_Main.elf.dir/Core/Src/board.c.obj
                0x0800441c                board_led_set
 .text.board_led_toggle
                0x08004444       0x24 CMakeFiles/ChallengeCup_Main.elf.dir/Core/Src/board.c.obj
                0x08004444                board_led_toggle
 .text.board_critical_enter
                0x08004468        0xc CMakeFiles/ChallengeCup_Main.elf.dir/Core/Src/board.c.obj
                0x08004468                board_critical_enter
 .text.board_critical_exit
                0x08004474        0xa CMakeFiles/ChallengeCup_Main.elf.dir/Core/Src/board.c.obj
                0x08004474                board_critical_exit
 .text.board_delay_ms
                0x0800447e        0x4 CMakeFiles/ChallengeCup_Main.elf.dir/Core/Src/board.c.obj
                0x0800447e                board_delay_ms
 *fill*         0x08004482        0x2 
 .text.board_can_send
                0x08004484       0x8c CMakeFiles/ChallengeCup_Main.elf.dir/Core/Src/board.c.obj
                0x08004484                board_can_send
 .text.board_force_uart_start_rx
                0x08004510       0x2c CMakeFiles/ChallengeCup_Main.elf.dir/Core/Src/board.c.obj
                0x08004510                board_force_uart_start_rx
 .text.board_force_uart_maintain_rx
                0x0800453c       0x3c CMakeFiles/ChallengeCup_Main.elf.dir/Core/Src/board.c.obj
                0x0800453c                board_force_uart_maintain_rx
 .text.board_force_uart_rx_index
                0x08004578       0x20 CMakeFiles/ChallengeCup_Main.elf.dir/Core/Src/board.c.obj
                0x08004578                board_force_uart_rx_index
 .text.board_force_uart_send
                0x08004598       0x44 CMakeFiles/ChallengeCup_Main.elf.dir/Core/Src/board.c.obj
                0x08004598                board_force_uart_send
 .text.board_vofa_uart_send
                0x080045dc       0x24 CMakeFiles/ChallengeCup_Main.elf.dir/Core/Src/board.c.obj
                0x080045dc                board_vofa_uart_send
 .text.HAL_CAN_MspInit
                0x08004600       0xfc CMakeFiles/ChallengeCup_Main.elf.dir/Core/Src/board.c.obj
                0x08004600                HAL_CAN_MspInit
 .text.HAL_UART_MspInit
                0x080046fc      0x13c CMakeFiles/ChallengeCup_Main.elf.dir/Core/Src/board.c.obj
                0x080046fc                HAL_UART_MspInit
 .text.HAL_CAN_RxFifo0MsgPendingCallback
                0x08004838       0x84 CMakeFiles/ChallengeCup_Main.elf.dir/Core/Src/board.c.obj
                0x08004838                HAL_CAN_RxFifo0MsgPendingCallback
 .text.HAL_CAN_ErrorCallback
                0x080048bc       0x24 CMakeFiles/ChallengeCup_Main.elf.dir/Core/Src/board.c.obj
                0x080048bc                HAL_CAN_ErrorCallback
 .text.HAL_UART_ErrorCallback
                0x080048e0       0x18 CMakeFiles/ChallengeCup_Main.elf.dir/Core/Src/board.c.obj
                0x080048e0                HAL_UART_ErrorCallback
 .text.ETH_PHY_IO_DeInit
                0x080048f8        0x4 CMakeFiles/ChallengeCup_Main.elf.dir/Core/Src/ethernetif.c.obj
                0x080048f8                ETH_PHY_IO_DeInit
 .text.low_level_output
                0x080048fc       0x60 CMakeFiles/ChallengeCup_Main.elf.dir/Core/Src/ethernetif.c.obj
 .text.pbuf_free_custom
                0x0800495c       0x20 CMakeFiles/ChallengeCup_Main.elf.dir/Core/Src/ethernetif.c.obj
                0x0800495c                pbuf_free_custom
 .text.ETH_PHY_IO_GetTick
                0x0800497c        0x4 CMakeFiles/ChallengeCup_Main.elf.dir/Core/Src/ethernetif.c.obj
                0x0800497c                ETH_PHY_IO_GetTick
 .text.ETH_PHY_IO_Init
                0x08004980       0x10 CMakeFiles/ChallengeCup_Main.elf.dir/Core/Src/ethernetif.c.obj
                0x08004980                ETH_PHY_IO_Init
 .text.ETH_PHY_IO_ReadReg
                0x08004990       0x1c CMakeFiles/ChallengeCup_Main.elf.dir/Core/Src/ethernetif.c.obj
                0x08004990                ETH_PHY_IO_ReadReg
 .text.ETH_PHY_IO_WriteReg
                0x080049ac       0x1c CMakeFiles/ChallengeCup_Main.elf.dir/Core/Src/ethernetif.c.obj
                0x080049ac                ETH_PHY_IO_WriteReg
 .text.ethernetif_input
                0x080049c8       0x44 CMakeFiles/ChallengeCup_Main.elf.dir/Core/Src/ethernetif.c.obj
                0x080049c8                ethernetif_input
 .text.sys_now  0x08004a0c        0x4 CMakeFiles/ChallengeCup_Main.elf.dir/Core/Src/ethernetif.c.obj
                0x08004a0c                sys_now
 .text.HAL_ETH_MspInit
                0x08004a10       0xc8 CMakeFiles/ChallengeCup_Main.elf.dir/Core/Src/ethernetif.c.obj
                0x08004a10                HAL_ETH_MspInit
 .text.ethernet_link_check_state
                0x08004ad8       0x94 CMakeFiles/ChallengeCup_Main.elf.dir/Core/Src/ethernetif.c.obj
                0x08004ad8                ethernet_link_check_state
 .text.ethernetif_init
                0x08004b6c       0xe8 CMakeFiles/ChallengeCup_Main.elf.dir/Core/Src/ethernetif.c.obj
                0x08004b6c                ethernetif_init
 .text.HAL_ETH_RxAllocateCallback
                0x08004c54       0x44 CMakeFiles/ChallengeCup_Main.elf.dir/Core/Src/ethernetif.c.obj
                0x08004c54                HAL_ETH_RxAllocateCallback
 .text.HAL_ETH_RxLinkCallback
                0x08004c98       0x32 CMakeFiles/ChallengeCup_Main.elf.dir/Core/Src/ethernetif.c.obj
                0x08004c98                HAL_ETH_RxLinkCallback
 .text.Error_Handler
                0x08004cca        0xe CMakeFiles/ChallengeCup_Main.elf.dir/Core/Src/main.c.obj
                0x08004cca                Error_Handler
 .text.startup.main
                0x08004cd8      0x17c CMakeFiles/ChallengeCup_Main.elf.dir/Core/Src/main.c.obj
                0x08004cd8                main
 .text.NMI_Handler
                0x08004e54        0x2 CMakeFiles/ChallengeCup_Main.elf.dir/Core/Src/stm32f4xx_it.c.obj
                0x08004e54                NMI_Handler
 .text.HardFault_Handler
                0x08004e56        0x2 CMakeFiles/ChallengeCup_Main.elf.dir/Core/Src/stm32f4xx_it.c.obj
                0x08004e56                HardFault_Handler
 .text.MemManage_Handler
                0x08004e58        0x2 CMakeFiles/ChallengeCup_Main.elf.dir/Core/Src/stm32f4xx_it.c.obj
                0x08004e58                MemManage_Handler
 .text.BusFault_Handler
                0x08004e5a        0x2 CMakeFiles/ChallengeCup_Main.elf.dir/Core/Src/stm32f4xx_it.c.obj
                0x08004e5a                BusFault_Handler
 .text.UsageFault_Handler
                0x08004e5c        0x2 CMakeFiles/ChallengeCup_Main.elf.dir/Core/Src/stm32f4xx_it.c.obj
                0x08004e5c                UsageFault_Handler
 .text.SVC_Handler
                0x08004e5e        0x2 CMakeFiles/ChallengeCup_Main.elf.dir/Core/Src/stm32f4xx_it.c.obj
                0x08004e5e                SVC_Handler
 .text.DebugMon_Handler
                0x08004e60        0x2 CMakeFiles/ChallengeCup_Main.elf.dir/Core/Src/stm32f4xx_it.c.obj
                0x08004e60                DebugMon_Handler
 .text.PendSV_Handler
                0x08004e62        0x2 CMakeFiles/ChallengeCup_Main.elf.dir/Core/Src/stm32f4xx_it.c.obj
                0x08004e62                PendSV_Handler
 .text.SysTick_Handler
                0x08004e64        0xe CMakeFiles/ChallengeCup_Main.elf.dir/Core/Src/stm32f4xx_it.c.obj
                0x08004e64                SysTick_Handler
 *fill*         0x08004e72        0x2 
 .text.CAN1_RX0_IRQHandler
                0x08004e74        0xc CMakeFiles/ChallengeCup_Main.elf.dir/Core/Src/stm32f4xx_it.c.obj
                0x08004e74                CAN1_RX0_IRQHandler
 .text.CAN2_RX0_IRQHandler
                0x08004e80        0xc CMakeFiles/ChallengeCup_Main.elf.dir/Core/Src/stm32f4xx_it.c.obj
                0x08004e80                CAN2_RX0_IRQHandler
 .text.CAN1_SCE_IRQHandler
                0x08004e8c        0x4 CMakeFiles/ChallengeCup_Main.elf.dir/Core/Src/stm32f4xx_it.c.obj
                0x08004e8c                CAN1_SCE_IRQHandler
 .text.CAN2_SCE_IRQHandler
                0x08004e90        0x4 CMakeFiles/ChallengeCup_Main.elf.dir/Core/Src/stm32f4xx_it.c.obj
                0x08004e90                CAN2_SCE_IRQHandler
 .text.DMA2_Stream1_IRQHandler
                0x08004e94        0xc CMakeFiles/ChallengeCup_Main.elf.dir/Core/Src/stm32f4xx_it.c.obj
                0x08004e94                DMA2_Stream1_IRQHandler
 .text.USART6_IRQHandler
                0x08004ea0        0xc CMakeFiles/ChallengeCup_Main.elf.dir/Core/Src/stm32f4xx_it.c.obj
                0x08004ea0                USART6_IRQHandler
 .text._getpid  0x08004eac        0x4 CMakeFiles/ChallengeCup_Main.elf.dir/Core/Src/syscalls.c.obj
                0x08004eac                _getpid
 .text._kill    0x08004eb0       0x10 CMakeFiles/ChallengeCup_Main.elf.dir/Core/Src/syscalls.c.obj
                0x08004eb0                _kill
 .text._exit    0x08004ec0        0xc CMakeFiles/ChallengeCup_Main.elf.dir/Core/Src/syscalls.c.obj
                0x08004ec0                _exit
 .text._read    0x08004ecc       0x1c CMakeFiles/ChallengeCup_Main.elf.dir/Core/Src/syscalls.c.obj
                0x08004ecc                _read
 .text._write   0x08004ee8       0x1c CMakeFiles/ChallengeCup_Main.elf.dir/Core/Src/syscalls.c.obj
                0x08004ee8                _write
 .text._close   0x08004f04        0x6 CMakeFiles/ChallengeCup_Main.elf.dir/Core/Src/syscalls.c.obj
                0x08004f04                _close
 .text._fstat   0x08004f0a        0xa CMakeFiles/ChallengeCup_Main.elf.dir/Core/Src/syscalls.c.obj
                0x08004f0a                _fstat
 .text._isatty  0x08004f14        0x4 CMakeFiles/ChallengeCup_Main.elf.dir/Core/Src/syscalls.c.obj
                0x08004f14                _isatty
 .text._lseek   0x08004f18        0x4 CMakeFiles/ChallengeCup_Main.elf.dir/Core/Src/syscalls.c.obj
                0x08004f18                _lseek
 .text._sbrk    0x08004f1c       0x3c CMakeFiles/ChallengeCup_Main.elf.dir/Core/Src/sysmem.c.obj
                0x08004f1c                _sbrk
 .text.SystemInit
                0x08004f58       0x14 CMakeFiles/ChallengeCup_Main.elf.dir/Core/Src/system_stm32f4xx.c.obj
                0x08004f58                SystemInit
 .text.codec_write_u32_le
                0x08004f6c       0x10 CMakeFiles/ChallengeCup_Main.elf.dir/App/Src/app_bridge.c.obj
 .text.find_motor
                0x08004f7c       0x30 CMakeFiles/ChallengeCup_Main.elf.dir/App/Src/app_bridge.c.obj
 .text.robstride_motion_ready
                0x08004fac       0x30 CMakeFiles/ChallengeCup_Main.elf.dir/App/Src/app_bridge.c.obj
 .text.erob_motion_ready
                0x08004fdc       0x42 CMakeFiles/ChallengeCup_Main.elf.dir/App/Src/app_bridge.c.obj
 .text.send_can
                0x0800501e        0x6 CMakeFiles/ChallengeCup_Main.elf.dir/App/Src/app_bridge.c.obj
 .text.stop_motor
                0x08005024       0x58 CMakeFiles/ChallengeCup_Main.elf.dir/App/Src/app_bridge.c.obj
 .text.arm_stop_joint
                0x0800507c       0x38 CMakeFiles/ChallengeCup_Main.elf.dir/App/Src/app_bridge.c.obj
 .text.stop_all
                0x080050b4       0x3c CMakeFiles/ChallengeCup_Main.elf.dir/App/Src/app_bridge.c.obj
 .text.send_robstride_parameter
                0x080050f0       0x14 CMakeFiles/ChallengeCup_Main.elf.dir/App/Src/app_bridge.c.obj
 .text.handle_motor_command
                0x08005104      0x6c0 CMakeFiles/ChallengeCup_Main.elf.dir/App/Src/app_bridge.c.obj
 .text.make_reply
                0x080057c4       0x34 CMakeFiles/ChallengeCup_Main.elf.dir/App/Src/app_bridge.c.obj
 .text.arm_set_joint
                0x080057f8       0xec CMakeFiles/ChallengeCup_Main.elf.dir/App/Src/app_bridge.c.obj
 .text.arm_prepare_motors
                0x080058e4       0xac CMakeFiles/ChallengeCup_Main.elf.dir/App/Src/app_bridge.c.obj
 .text.handle_arm_position
                0x08005990      0x108 CMakeFiles/ChallengeCup_Main.elf.dir/App/Src/app_bridge.c.obj
 .text.handle_arm_gripper
                0x08005a98      0x104 CMakeFiles/ChallengeCup_Main.elf.dir/App/Src/app_bridge.c.obj
 .text.app_bridge_init
                0x08005b9c       0xf4 CMakeFiles/ChallengeCup_Main.elf.dir/App/Src/app_bridge.c.obj
                0x08005b9c                app_bridge_init
 .text.app_bridge_poll
                0x08005c90      0x25c CMakeFiles/ChallengeCup_Main.elf.dir/App/Src/app_bridge.c.obj
                0x08005c90                app_bridge_poll
 .text.app_bridge_on_can_frame
                0x08005eec       0xec CMakeFiles/ChallengeCup_Main.elf.dir/App/Src/app_bridge.c.obj
                0x08005eec                app_bridge_on_can_frame
 .text.app_bridge_on_can_error
                0x08005fd8       0x14 CMakeFiles/ChallengeCup_Main.elf.dir/App/Src/app_bridge.c.obj
                0x08005fd8                app_bridge_on_can_error
 .text.app_bridge_handle_datagram
                0x08005fec      0x274 CMakeFiles/ChallengeCup_Main.elf.dir/App/Src/app_bridge.c.obj
                0x08005fec                app_bridge_handle_datagram
 .text.app_bridge_build_telemetry
                0x08006260      0x1a8 CMakeFiles/ChallengeCup_Main.elf.dir/App/Src/app_bridge.c.obj
                0x08006260                app_bridge_build_telemetry
 .text.app_bridge_build_arm_status
                0x08006408       0xc8 CMakeFiles/ChallengeCup_Main.elf.dir/App/Src/app_bridge.c.obj
                0x08006408                app_bridge_build_arm_status
 .text.codec_read_u32_le
                0x080064d0        0x4 CMakeFiles/ChallengeCup_Main.elf.dir/App/Src/vofa_firewater.c.obj
 .text.append_text.constprop.0
                0x080064d4       0x40 CMakeFiles/ChallengeCup_Main.elf.dir/App/Src/vofa_firewater.c.obj
 .text.append_float_field.constprop.0
                0x08006514       0xc8 CMakeFiles/ChallengeCup_Main.elf.dir/App/Src/vofa_firewater.c.obj
 .text.append_u32_field.constprop.0
                0x080065dc       0x58 CMakeFiles/ChallengeCup_Main.elf.dir/App/Src/vofa_firewater.c.obj
 .text.vofa_firewater_poll
                0x08006634      0x408 CMakeFiles/ChallengeCup_Main.elf.dir/App/Src/vofa_firewater.c.obj
                0x08006634                vofa_firewater_poll
 .text.legacy_can_receive_callback
                0x08006a3c       0x5c CMakeFiles/ChallengeCup_Main.elf.dir/App/Src/udp_transport.c.obj
 .text.send_buffer.isra.0
                0x08006a98       0x4a CMakeFiles/ChallengeCup_Main.elf.dir/App/Src/udp_transport.c.obj
 *fill*         0x08006ae2        0x2 
 .text.receive_callback
                0x08006ae4       0xb0 CMakeFiles/ChallengeCup_Main.elf.dir/App/Src/udp_transport.c.obj
 .text.udp_transport_init
                0x08006b94       0xdc CMakeFiles/ChallengeCup_Main.elf.dir/App/Src/udp_transport.c.obj
                0x08006b94                udp_transport_init
 .text.udp_transport_poll
                0x08006c70      0x12c CMakeFiles/ChallengeCup_Main.elf.dir/App/Src/udp_transport.c.obj
                0x08006c70                udp_transport_poll
 .text.udp_transport_queue_can_from_isr
                0x08006d9c       0x3c CMakeFiles/ChallengeCup_Main.elf.dir/App/Src/udp_transport.c.obj
                0x08006d9c                udp_transport_queue_can_from_isr
 .text.LAN8742_RegisterBusIO
                0x08006dd8       0x28 CMakeFiles/ChallengeCup_Main.elf.dir/Drivers/BSP/Components/lan8742/lan8742.c.obj
                0x08006dd8                LAN8742_RegisterBusIO
 .text.LAN8742_Init
                0x08006e00       0x5c CMakeFiles/ChallengeCup_Main.elf.dir/Drivers/BSP/Components/lan8742/lan8742.c.obj
                0x08006e00                LAN8742_Init
 .text.LAN8742_GetLinkState
                0x08006e5c       0x94 CMakeFiles/ChallengeCup_Main.elf.dir/Drivers/BSP/Components/lan8742/lan8742.c.obj
                0x08006e5c                LAN8742_GetLinkState
 .text.HAL_InitTick
                0x08006ef0       0x48 CMakeFiles/ChallengeCup_Main.elf.dir/Drivers/STM32F4xx_HAL_Driver/Src/stm32f4xx_hal.c.obj
                0x08006ef0                HAL_InitTick
 .text.HAL_Init
                0x08006f38       0x34 CMakeFiles/ChallengeCup_Main.elf.dir/Drivers/STM32F4xx_HAL_Driver/Src/stm32f4xx_hal.c.obj
                0x08006f38                HAL_Init
 .text.HAL_IncTick
                0x08006f6c       0x18 CMakeFiles/ChallengeCup_Main.elf.dir/Drivers/STM32F4xx_HAL_Driver/Src/stm32f4xx_hal.c.obj
                0x08006f6c                HAL_IncTick
 .text.HAL_GetTick
                0x08006f84        0xc CMakeFiles/ChallengeCup_Main.elf.dir/Drivers/STM32F4xx_HAL_Driver/Src/stm32f4xx_hal.c.obj
                0x08006f84                HAL_GetTick
 .text.HAL_Delay
                0x08006f90       0x28 CMakeFiles/ChallengeCup_Main.elf.dir/Drivers/STM32F4xx_HAL_Driver/Src/stm32f4xx_hal.c.obj
                0x08006f90                HAL_Delay
 .text.HAL_GetREVID
                0x08006fb8        0xc CMakeFiles/ChallengeCup_Main.elf.dir/Drivers/STM32F4xx_HAL_Driver/Src/stm32f4xx_hal.c.obj
                0x08006fb8                HAL_GetREVID
 .text.HAL_CAN_Init
                0x08006fc4       0xf6 CMakeFiles/ChallengeCup_Main.elf.dir/Drivers/STM32F4xx_HAL_Driver/Src/stm32f4xx_hal_can.c.obj
                0x08006fc4                HAL_CAN_Init
 *fill*         0x080070ba        0x2 
 .text.HAL_CAN_ConfigFilter
                0x080070bc      0x10c CMakeFiles/ChallengeCup_Main.elf.dir/Drivers/STM32F4xx_HAL_Driver/Src/stm32f4xx_hal_can.c.obj
                0x080070bc                HAL_CAN_ConfigFilter
 .text.HAL_CAN_Start
                0x080071c8       0x56 CMakeFiles/ChallengeCup_Main.elf.dir/Drivers/STM32F4xx_HAL_Driver/Src/stm32f4xx_hal_can.c.obj
                0x080071c8                HAL_CAN_Start
 .text.HAL_CAN_AddTxMessage
                0x0800721e       0x96 CMakeFiles/ChallengeCup_Main.elf.dir/Drivers/STM32F4xx_HAL_Driver/Src/stm32f4xx_hal_can.c.obj
                0x0800721e                HAL_CAN_AddTxMessage
 .text.HAL_CAN_GetTxMailboxesFreeLevel
                0x080072b4       0x28 CMakeFiles/ChallengeCup_Main.elf.dir/Drivers/STM32F4xx_HAL_Driver/Src/stm32f4xx_hal_can.c.obj
                0x080072b4                HAL_CAN_GetTxMailboxesFreeLevel
 .text.HAL_CAN_GetRxMessage
                0x080072dc       0xf8 CMakeFiles/ChallengeCup_Main.elf.dir/Drivers/STM32F4xx_HAL_Driver/Src/stm32f4xx_hal_can.c.obj
                0x080072dc                HAL_CAN_GetRxMessage
 .text.HAL_CAN_GetRxFifoFillLevel
                0x080073d4       0x1e CMakeFiles/ChallengeCup_Main.elf.dir/Drivers/STM32F4xx_HAL_Driver/Src/stm32f4xx_hal_can.c.obj
                0x080073d4                HAL_CAN_GetRxFifoFillLevel
 .text.HAL_CAN_ActivateNotification
                0x080073f2       0x22 CMakeFiles/ChallengeCup_Main.elf.dir/Drivers/STM32F4xx_HAL_Driver/Src/stm32f4xx_hal_can.c.obj
                0x080073f2                HAL_CAN_ActivateNotification
 .text.HAL_CAN_TxMailbox0CompleteCallback
                0x08007414        0x2 CMakeFiles/ChallengeCup_Main.elf.dir/Drivers/STM32F4xx_HAL_Driver/Src/stm32f4xx_hal_can.c.obj
                0x08007414                HAL_CAN_TxMailbox0CompleteCallback
 .text.HAL_CAN_TxMailbox1CompleteCallback
                0x08007416        0x2 CMakeFiles/ChallengeCup_Main.elf.dir/Drivers/STM32F4xx_HAL_Driver/Src/stm32f4xx_hal_can.c.obj
                0x08007416                HAL_CAN_TxMailbox1CompleteCallback
 .text.HAL_CAN_TxMailbox2CompleteCallback
                0x08007418        0x2 CMakeFiles/ChallengeCup_Main.elf.dir/Drivers/STM32F4xx_HAL_Driver/Src/stm32f4xx_hal_can.c.obj
                0x08007418                HAL_CAN_TxMailbox2CompleteCallback
 .text.HAL_CAN_TxMailbox0AbortCallback
                0x0800741a        0x2 CMakeFiles/ChallengeCup_Main.elf.dir/Drivers/STM32F4xx_HAL_Driver/Src/stm32f4xx_hal_can.c.obj
                0x0800741a                HAL_CAN_TxMailbox0AbortCallback
 .text.HAL_CAN_TxMailbox1AbortCallback
                0x0800741c        0x2 CMakeFiles/ChallengeCup_Main.elf.dir/Drivers/STM32F4xx_HAL_Driver/Src/stm32f4xx_hal_can.c.obj
                0x0800741c                HAL_CAN_TxMailbox1AbortCallback
 .text.HAL_CAN_TxMailbox2AbortCallback
                0x0800741e        0x2 CMakeFiles/ChallengeCup_Main.elf.dir/Drivers/STM32F4xx_HAL_Driver/Src/stm32f4xx_hal_can.c.obj
                0x0800741e                HAL_CAN_TxMailbox2AbortCallback
 .text.HAL_CAN_RxFifo0FullCallback
                0x08007420        0x2 CMakeFiles/ChallengeCup_Main.elf.dir/Drivers/STM32F4xx_HAL_Driver/Src/stm32f4xx_hal_can.c.obj
                0x08007420                HAL_CAN_RxFifo0FullCallback
 .text.HAL_CAN_RxFifo1MsgPendingCallback
                0x08007422        0x2 CMakeFiles/ChallengeCup_Main.elf.dir/Drivers/STM32F4xx_HAL_Driver/Src/stm32f4xx_hal_can.c.obj
                0x08007422                HAL_CAN_RxFifo1MsgPendingCallback
 .text.HAL_CAN_RxFifo1FullCallback
                0x08007424        0x2 CMakeFiles/ChallengeCup_Main.elf.dir/Drivers/STM32F4xx_HAL_Driver/Src/stm32f4xx_hal_can.c.obj
                0x08007424                HAL_CAN_RxFifo1FullCallback
 .text.HAL_CAN_SleepCallback
                0x08007426        0x2 CMakeFiles/ChallengeCup_Main.elf.dir/Drivers/STM32F4xx_HAL_Driver/Src/stm32f4xx_hal_can.c.obj
                0x08007426                HAL_CAN_SleepCallback
 .text.HAL_CAN_WakeUpFromRxMsgCallback
                0x08007428        0x2 CMakeFiles/ChallengeCup_Main.elf.dir/Drivers/STM32F4xx_HAL_Driver/Src/stm32f4xx_hal_can.c.obj
                0x08007428                HAL_CAN_WakeUpFromRxMsgCallback
 .text.HAL_CAN_IRQHandler
                0x0800742a      0x208 CMakeFiles/ChallengeCup_Main.elf.dir/Drivers/STM32F4xx_HAL_Driver/Src/stm32f4xx_hal_can.c.obj
                0x0800742a                HAL_CAN_IRQHandler
 .text.HAL_CAN_GetState
                0x08007632       0x26 CMakeFiles/ChallengeCup_Main.elf.dir/Drivers/STM32F4xx_HAL_Driver/Src/stm32f4xx_hal_can.c.obj
                0x08007632                HAL_CAN_GetState
 .text.HAL_CAN_GetError
                0x08007658        0x4 CMakeFiles/ChallengeCup_Main.elf.dir/Drivers/STM32F4xx_HAL_Driver/Src/stm32f4xx_hal_can.c.obj
                0x08007658                HAL_CAN_GetError
 .text.HAL_NVIC_SetPriorityGrouping
                0x0800765c       0x24 CMakeFiles/ChallengeCup_Main.elf.dir/Drivers/STM32F4xx_HAL_Driver/Src/stm32f4xx_hal_cortex.c.obj
                0x0800765c                HAL_NVIC_SetPriorityGrouping
 .text.HAL_NVIC_SetPriority
                0x08007680       0x64 CMakeFiles/ChallengeCup_Main.elf.dir/Drivers/STM32F4xx_HAL_Driver/Src/stm32f4xx_hal_cortex.c.obj
                0x08007680                HAL_NVIC_SetPriority
 .text.HAL_NVIC_EnableIRQ
                0x080076e4       0x1c CMakeFiles/ChallengeCup_Main.elf.dir/Drivers/STM32F4xx_HAL_Driver/Src/stm32f4xx_hal_cortex.c.obj
                0x080076e4                HAL_NVIC_EnableIRQ
 .text.HAL_SYSTICK_Config
                0x08007700       0x28 CMakeFiles/ChallengeCup_Main.elf.dir/Drivers/STM32F4xx_HAL_Driver/Src/stm32f4xx_hal_cortex.c.obj
                0x08007700                HAL_SYSTICK_Config
 .text.HAL_SYSTICK_Callback
                0x08007728        0x2 CMakeFiles/ChallengeCup_Main.elf.dir/Drivers/STM32F4xx_HAL_Driver/Src/stm32f4xx_hal_cortex.c.obj
                0x08007728                HAL_SYSTICK_Callback
 .text.HAL_SYSTICK_IRQHandler
                0x0800772a        0x8 CMakeFiles/ChallengeCup_Main.elf.dir/Drivers/STM32F4xx_HAL_Driver/Src/stm32f4xx_hal_cortex.c.obj
                0x0800772a                HAL_SYSTICK_IRQHandler
 *fill*         0x08007732        0x2 
 .text.DMA_CalcBaseAndBitshift
                0x08007734       0x2c CMakeFiles/ChallengeCup_Main.elf.dir/Drivers/STM32F4xx_HAL_Driver/Src/stm32f4xx_hal_dma.c.obj
 .text.HAL_DMA_Init
                0x08007760       0xfc CMakeFiles/ChallengeCup_Main.elf.dir/Drivers/STM32F4xx_HAL_Driver/Src/stm32f4xx_hal_dma.c.obj
                0x08007760                HAL_DMA_Init
 .text.HAL_DMA_Start_IT
                0x0800785c       0x72 CMakeFiles/ChallengeCup_Main.elf.dir/Drivers/STM32F4xx_HAL_Driver/Src/stm32f4xx_hal_dma.c.obj
                0x0800785c                HAL_DMA_Start_IT
 .text.HAL_DMA_Abort
                0x080078ce       0x7c CMakeFiles/ChallengeCup_Main.elf.dir/Drivers/STM32F4xx_HAL_Driver/Src/stm32f4xx_hal_dma.c.obj
                0x080078ce                HAL_DMA_Abort
 .text.HAL_DMA_Abort_IT
                0x0800794a       0x24 CMakeFiles/ChallengeCup_Main.elf.dir/Drivers/STM32F4xx_HAL_Driver/Src/stm32f4xx_hal_dma.c.obj
                0x0800794a                HAL_DMA_Abort_IT
 *fill*         0x0800796e        0x2 
 .text.HAL_DMA_IRQHandler
                0x08007970      0x17c CMakeFiles/ChallengeCup_Main.elf.dir/Drivers/STM32F4xx_HAL_Driver/Src/stm32f4xx_hal_dma.c.obj
                0x08007970                HAL_DMA_IRQHandler
 .text.ETH_Prepare_Tx_Descriptors
                0x08007aec      0x16c CMakeFiles/ChallengeCup_Main.elf.dir/Drivers/STM32F4xx_HAL_Driver/Src/stm32f4xx_hal_eth.c.obj
 .text.ETH_SetMACConfig
                0x08007c58       0xec CMakeFiles/ChallengeCup_Main.elf.dir/Drivers/STM32F4xx_HAL_Driver/Src/stm32f4xx_hal_eth.c.obj
 .text.ETH_SetDMAConfig
                0x08007d44       0xa4 CMakeFiles/ChallengeCup_Main.elf.dir/Drivers/STM32F4xx_HAL_Driver/Src/stm32f4xx_hal_eth.c.obj
 .text.ETH_FlushTransmitFIFO
                0x08007de8       0x2e CMakeFiles/ChallengeCup_Main.elf.dir/Drivers/STM32F4xx_HAL_Driver/Src/stm32f4xx_hal_eth.c.obj
 .text.ETH_UpdateDescriptor
                0x08007e16       0x80 CMakeFiles/ChallengeCup_Main.elf.dir/Drivers/STM32F4xx_HAL_Driver/Src/stm32f4xx_hal_eth.c.obj
 *fill*         0x08007e96        0x2 
 .text.HAL_ETH_Init
                0x08007e98      0x1f8 CMakeFiles/ChallengeCup_Main.elf.dir/Drivers/STM32F4xx_HAL_Driver/Src/stm32f4xx_hal_eth.c.obj
                0x08007e98                HAL_ETH_Init
 .text.HAL_ETH_Start
                0x08008090       0x6e CMakeFiles/ChallengeCup_Main.elf.dir/Drivers/STM32F4xx_HAL_Driver/Src/stm32f4xx_hal_eth.c.obj
                0x08008090                HAL_ETH_Start
 .text.HAL_ETH_Stop
                0x080080fe       0x66 CMakeFiles/ChallengeCup_Main.elf.dir/Drivers/STM32F4xx_HAL_Driver/Src/stm32f4xx_hal_eth.c.obj
                0x080080fe                HAL_ETH_Stop
 .text.HAL_ETH_Transmit
                0x08008164       0xac CMakeFiles/ChallengeCup_Main.elf.dir/Drivers/STM32F4xx_HAL_Driver/Src/stm32f4xx_hal_eth.c.obj
                0x08008164                HAL_ETH_Transmit
 .text.HAL_ETH_ReadData
                0x08008210       0xe8 CMakeFiles/ChallengeCup_Main.elf.dir/Drivers/STM32F4xx_HAL_Driver/Src/stm32f4xx_hal_eth.c.obj
                0x08008210                HAL_ETH_ReadData
 .text.HAL_ETH_ReadPHYRegister
                0x080082f8       0x4a CMakeFiles/ChallengeCup_Main.elf.dir/Drivers/STM32F4xx_HAL_Driver/Src/stm32f4xx_hal_eth.c.obj
                0x080082f8                HAL_ETH_ReadPHYRegister
 .text.HAL_ETH_WritePHYRegister
                0x08008342       0x46 CMakeFiles/ChallengeCup_Main.elf.dir/Drivers/STM32F4xx_HAL_Driver/Src/stm32f4xx_hal_eth.c.obj
                0x08008342                HAL_ETH_WritePHYRegister
 .text.HAL_ETH_GetMACConfig
                0x08008388       0xcc CMakeFiles/ChallengeCup_Main.elf.dir/Drivers/STM32F4xx_HAL_Driver/Src/stm32f4xx_hal_eth.c.obj
                0x08008388                HAL_ETH_GetMACConfig
 .text.HAL_ETH_SetMACConfig
                0x08008454       0x18 CMakeFiles/ChallengeCup_Main.elf.dir/Drivers/STM32F4xx_HAL_Driver/Src/stm32f4xx_hal_eth.c.obj
                0x08008454                HAL_ETH_SetMACConfig
 .text.HAL_ETH_SetMDIOClockRange
                0x0800846c       0x54 CMakeFiles/ChallengeCup_Main.elf.dir/Drivers/STM32F4xx_HAL_Driver/Src/stm32f4xx_hal_eth.c.obj
                0x0800846c                HAL_ETH_SetMDIOClockRange
 .text.HAL_GPIO_Init
                0x080084c0      0x1b0 CMakeFiles/ChallengeCup_Main.elf.dir/Drivers/STM32F4xx_HAL_Driver/Src/stm32f4xx_hal_gpio.c.obj
                0x080084c0                HAL_GPIO_Init
 .text.HAL_GPIO_WritePin
                0x08008670        0xa CMakeFiles/ChallengeCup_Main.elf.dir/Drivers/STM32F4xx_HAL_Driver/Src/stm32f4xx_hal_gpio.c.obj
                0x08008670                HAL_GPIO_WritePin
 .text.HAL_GPIO_TogglePin
                0x0800867a       0x12 CMakeFiles/ChallengeCup_Main.elf.dir/Drivers/STM32F4xx_HAL_Driver/Src/stm32f4xx_hal_gpio.c.obj
                0x0800867a                HAL_GPIO_TogglePin
 .text.HAL_RCC_OscConfig
                0x0800868c      0x35c CMakeFiles/ChallengeCup_Main.elf.dir/Drivers/STM32F4xx_HAL_Driver/Src/stm32f4xx_hal_rcc.c.obj
                0x0800868c                HAL_RCC_OscConfig
 .text.HAL_RCC_GetSysClockFreq
                0x080089e8       0x5c CMakeFiles/ChallengeCup_Main.elf.dir/Drivers/STM32F4xx_HAL_Driver/Src/stm32f4xx_hal_rcc.c.obj
                0x080089e8                HAL_RCC_GetSysClockFreq
 .text.HAL_RCC_ClockConfig
                0x08008a44      0x134 CMakeFiles/ChallengeCup_Main.elf.dir/Drivers/STM32F4xx_HAL_Driver/Src/stm32f4xx_hal_rcc.c.obj
                0x08008a44                HAL_RCC_ClockConfig
 .text.HAL_RCC_GetHCLKFreq
                0x08008b78        0xc CMakeFiles/ChallengeCup_Main.elf.dir/Drivers/STM32F4xx_HAL_Driver/Src/stm32f4xx_hal_rcc.c.obj
                0x08008b78                HAL_RCC_GetHCLKFreq
 .text.HAL_RCC_GetPCLK1Freq
                0x08008b84       0x20 CMakeFiles/ChallengeCup_Main.elf.dir/Drivers/STM32F4xx_HAL_Driver/Src/stm32f4xx_hal_rcc.c.obj
                0x08008b84                HAL_RCC_GetPCLK1Freq
 .text.HAL_RCC_GetPCLK2Freq
                0x08008ba4       0x20 CMakeFiles/ChallengeCup_Main.elf.dir/Drivers/STM32F4xx_HAL_Driver/Src/stm32f4xx_hal_rcc.c.obj
                0x08008ba4                HAL_RCC_GetPCLK2Freq
 .text.UART_EndRxTransfer
                0x08008bc4       0x5c CMakeFiles/ChallengeCup_Main.elf.dir/Drivers/STM32F4xx_HAL_Driver/Src/stm32f4xx_hal_uart.c.obj
 .text.UART_SetConfig
                0x08008c20       0xbc CMakeFiles/ChallengeCup_Main.elf.dir/Drivers/STM32F4xx_HAL_Driver/Src/stm32f4xx_hal_uart.c.obj
 .text.UART_WaitOnFlagUntilTimeout.constprop.0
                0x08008cdc       0x64 CMakeFiles/ChallengeCup_Main.elf.dir/Drivers/STM32F4xx_HAL_Driver/Src/stm32f4xx_hal_uart.c.obj
 .text.HAL_UART_Init
                0x08008d40       0x5e CMakeFiles/ChallengeCup_Main.elf.dir/Drivers/STM32F4xx_HAL_Driver/Src/stm32f4xx_hal_uart.c.obj
                0x08008d40                HAL_UART_Init
 .text.HAL_UART_Transmit
                0x08008d9e       0x9c CMakeFiles/ChallengeCup_Main.elf.dir/Drivers/STM32F4xx_HAL_Driver/Src/stm32f4xx_hal_uart.c.obj
                0x08008d9e                HAL_UART_Transmit
 .text.HAL_UART_TxCpltCallback
                0x08008e3a        0x2 CMakeFiles/ChallengeCup_Main.elf.dir/Drivers/STM32F4xx_HAL_Driver/Src/stm32f4xx_hal_uart.c.obj
                0x08008e3a                HAL_UART_TxCpltCallback
 .text.HAL_UART_RxCpltCallback
                0x08008e3c        0x2 CMakeFiles/ChallengeCup_Main.elf.dir/Drivers/STM32F4xx_HAL_Driver/Src/stm32f4xx_hal_uart.c.obj
                0x08008e3c                HAL_UART_RxCpltCallback
 .text.HAL_UART_RxHalfCpltCallback
                0x08008e3e        0x2 CMakeFiles/ChallengeCup_Main.elf.dir/Drivers/STM32F4xx_HAL_Driver/Src/stm32f4xx_hal_uart.c.obj
                0x08008e3e                HAL_UART_RxHalfCpltCallback
 .text.UART_DMAError
                0x08008e40       0x5a CMakeFiles/ChallengeCup_Main.elf.dir/Drivers/STM32F4xx_HAL_Driver/Src/stm32f4xx_hal_uart.c.obj
 .text.UART_DMAAbortOnError
                0x08008e9a        0xe CMakeFiles/ChallengeCup_Main.elf.dir/Drivers/STM32F4xx_HAL_Driver/Src/stm32f4xx_hal_uart.c.obj
 .text.HAL_UARTEx_RxEventCallback
                0x08008ea8        0x2 CMakeFiles/ChallengeCup_Main.elf.dir/Drivers/STM32F4xx_HAL_Driver/Src/stm32f4xx_hal_uart.c.obj
                0x08008ea8                HAL_UARTEx_RxEventCallback
 .text.UART_DMARxHalfCplt
                0x08008eaa       0x1e CMakeFiles/ChallengeCup_Main.elf.dir/Drivers/STM32F4xx_HAL_Driver/Src/stm32f4xx_hal_uart.c.obj
 .text.UART_DMAReceiveCplt
                0x08008ec8       0x98 CMakeFiles/ChallengeCup_Main.elf.dir/Drivers/STM32F4xx_HAL_Driver/Src/stm32f4xx_hal_uart.c.obj
 .text.UART_Receive_IT.isra.0
                0x08008f60       0xb4 CMakeFiles/ChallengeCup_Main.elf.dir/Drivers/STM32F4xx_HAL_Driver/Src/stm32f4xx_hal_uart.c.obj
 .text.HAL_UART_IRQHandler
                0x08009014      0x2a0 CMakeFiles/ChallengeCup_Main.elf.dir/Drivers/STM32F4xx_HAL_Driver/Src/stm32f4xx_hal_uart.c.obj
                0x08009014                HAL_UART_IRQHandler
 .text.UART_Start_Receive_DMA
                0x080092b4       0xa8 CMakeFiles/ChallengeCup_Main.elf.dir/Drivers/STM32F4xx_HAL_Driver/Src/stm32f4xx_hal_uart.c.obj
                0x080092b4                UART_Start_Receive_DMA
 .text.HAL_UART_Receive_DMA
                0x0800935c       0x22 CMakeFiles/ChallengeCup_Main.elf.dir/Drivers/STM32F4xx_HAL_Driver/Src/stm32f4xx_hal_uart.c.obj
                0x0800935c                HAL_UART_Receive_DMA
 .text.lwip_htons
                0x0800937e        0x6 CMakeFiles/ChallengeCup_Main.elf.dir/Middlewares/Third_Party/LwIP/src/core/def.c.obj
                0x0800937e                lwip_htons
 .text.lwip_standard_chksum
                0x08009384       0x50 CMakeFiles/ChallengeCup_Main.elf.dir/Middlewares/Third_Party/LwIP/src/core/inet_chksum.c.obj
                0x08009384                lwip_standard_chksum
 .text.inet_chksum_pbuf
                0x080093d4       0x3e CMakeFiles/ChallengeCup_Main.elf.dir/Middlewares/Third_Party/LwIP/src/core/inet_chksum.c.obj
                0x080093d4                inet_chksum_pbuf
 .text.lwip_init
                0x08009412       0x1a CMakeFiles/ChallengeCup_Main.elf.dir/Middlewares/Third_Party/LwIP/src/core/init.c.obj
                0x08009412                lwip_init
 .text.mem_init
                0x0800942c       0x44 CMakeFiles/ChallengeCup_Main.elf.dir/Middlewares/Third_Party/LwIP/src/core/mem.c.obj
                0x0800942c                mem_init
 .text.mem_free
                0x08009470      0x100 CMakeFiles/ChallengeCup_Main.elf.dir/Middlewares/Third_Party/LwIP/src/core/mem.c.obj
                0x08009470                mem_free
 .text.mem_trim
                0x08009570      0x114 CMakeFiles/ChallengeCup_Main.elf.dir/Middlewares/Third_Party/LwIP/src/core/mem.c.obj
                0x08009570                mem_trim
 .text.mem_malloc
                0x08009684       0xf0 CMakeFiles/ChallengeCup_Main.elf.dir/Middlewares/Third_Party/LwIP/src/core/mem.c.obj
                0x08009684                mem_malloc
 .text.do_memp_malloc_pool.isra.0
                0x08009774       0x16 CMakeFiles/ChallengeCup_Main.elf.dir/Middlewares/Third_Party/LwIP/src/core/memp.c.obj
 .text.memp_init_pool
                0x0800978a       0x26 CMakeFiles/ChallengeCup_Main.elf.dir/Middlewares/Third_Party/LwIP/src/core/memp.c.obj
                0x0800978a                memp_init_pool
 .text.memp_init
                0x080097b0       0x44 CMakeFiles/ChallengeCup_Main.elf.dir/Middlewares/Third_Party/LwIP/src/core/memp.c.obj
                0x080097b0                memp_init
 .text.memp_malloc_pool
                0x080097f4       0x18 CMakeFiles/ChallengeCup_Main.elf.dir/Middlewares/Third_Party/LwIP/src/core/memp.c.obj
                0x080097f4                memp_malloc_pool
 .text.memp_malloc
                0x0800980c       0x24 CMakeFiles/ChallengeCup_Main.elf.dir/Middlewares/Third_Party/LwIP/src/core/memp.c.obj
                0x0800980c                memp_malloc
 .text.memp_free_pool
                0x08009830       0x26 CMakeFiles/ChallengeCup_Main.elf.dir/Middlewares/Third_Party/LwIP/src/core/memp.c.obj
                0x08009830                memp_free_pool
 *fill*         0x08009856        0x2 
 .text.memp_free
                0x08009858       0x30 CMakeFiles/ChallengeCup_Main.elf.dir/Middlewares/Third_Party/LwIP/src/core/memp.c.obj
                0x08009858                memp_free
 .text.netif_null_output_ip4
                0x08009888        0x6 CMakeFiles/ChallengeCup_Main.elf.dir/Middlewares/Third_Party/LwIP/src/core/netif.c.obj
 .text.netif_issue_reports
                0x0800988e       0x2c CMakeFiles/ChallengeCup_Main.elf.dir/Middlewares/Third_Party/LwIP/src/core/netif.c.obj
 .text.netif_do_set_ipaddr.isra.0
                0x080098ba       0x32 CMakeFiles/ChallengeCup_Main.elf.dir/Middlewares/Third_Party/LwIP/src/core/netif.c.obj
 .text.netif_init
                0x080098ec        0x2 CMakeFiles/ChallengeCup_Main.elf.dir/Middlewares/Third_Party/LwIP/src/core/netif.c.obj
                0x080098ec                netif_init
 *fill*         0x080098ee        0x2 
 .text.netif_set_addr
                0x080098f0       0x58 CMakeFiles/ChallengeCup_Main.elf.dir/Middlewares/Third_Party/LwIP/src/core/netif.c.obj
                0x080098f0                netif_set_addr
 .text.netif_add
                0x08009948       0xd4 CMakeFiles/ChallengeCup_Main.elf.dir/Middlewares/Third_Party/LwIP/src/core/netif.c.obj
                0x08009948                netif_add
 .text.netif_set_default
                0x08009a1c        0xc CMakeFiles/ChallengeCup_Main.elf.dir/Middlewares/Third_Party/LwIP/src/core/netif.c.obj
                0x08009a1c                netif_set_default
 .text.netif_set_up
                0x08009a28       0x1e CMakeFiles/ChallengeCup_Main.elf.dir/Middlewares/Third_Party/LwIP/src/core/netif.c.obj
                0x08009a28                netif_set_up
 .text.netif_set_down
                0x08009a46       0x20 CMakeFiles/ChallengeCup_Main.elf.dir/Middlewares/Third_Party/LwIP/src/core/netif.c.obj
                0x08009a46                netif_set_down
 .text.netif_set_link_up
                0x08009a66       0x32 CMakeFiles/ChallengeCup_Main.elf.dir/Middlewares/Third_Party/LwIP/src/core/netif.c.obj
                0x08009a66                netif_set_link_up
 .text.netif_set_link_down
                0x08009a98       0x1e CMakeFiles/ChallengeCup_Main.elf.dir/Middlewares/Third_Party/LwIP/src/core/netif.c.obj
                0x08009a98                netif_set_link_down
 *fill*         0x08009ab6        0x2 
 .text.netif_get_by_index
                0x08009ab8       0x24 CMakeFiles/ChallengeCup_Main.elf.dir/Middlewares/Third_Party/LwIP/src/core/netif.c.obj
                0x08009ab8                netif_get_by_index
 .text.pbuf_add_header_impl
                0x08009adc       0x50 CMakeFiles/ChallengeCup_Main.elf.dir/Middlewares/Third_Party/LwIP/src/core/pbuf.c.obj
 .text.pbuf_alloc_reference
                0x08009b2c       0x30 CMakeFiles/ChallengeCup_Main.elf.dir/Middlewares/Third_Party/LwIP/src/core/pbuf.c.obj
                0x08009b2c                pbuf_alloc_reference
 .text.pbuf_alloced_custom
                0x08009b5c       0x32 CMakeFiles/ChallengeCup_Main.elf.dir/Middlewares/Third_Party/LwIP/src/core/pbuf.c.obj
                0x08009b5c                pbuf_alloced_custom
 .text.pbuf_add_header
                0x08009b8e        0x6 CMakeFiles/ChallengeCup_Main.elf.dir/Middlewares/Third_Party/LwIP/src/core/pbuf.c.obj
                0x08009b8e                pbuf_add_header
 .text.pbuf_remove_header
                0x08009b94       0x32 CMakeFiles/ChallengeCup_Main.elf.dir/Middlewares/Third_Party/LwIP/src/core/pbuf.c.obj
                0x08009b94                pbuf_remove_header
 .text.pbuf_header_force
                0x08009bc6       0x10 CMakeFiles/ChallengeCup_Main.elf.dir/Middlewares/Third_Party/LwIP/src/core/pbuf.c.obj
                0x08009bc6                pbuf_header_force
 .text.pbuf_free
                0x08009bd6       0x76 CMakeFiles/ChallengeCup_Main.elf.dir/Middlewares/Third_Party/LwIP/src/core/pbuf.c.obj
                0x08009bd6                pbuf_free
 .text.pbuf_alloc
                0x08009c4c       0xdc CMakeFiles/ChallengeCup_Main.elf.dir/Middlewares/Third_Party/LwIP/src/core/pbuf.c.obj
                0x08009c4c                pbuf_alloc
 .text.pbuf_realloc
                0x08009d28       0x6c CMakeFiles/ChallengeCup_Main.elf.dir/Middlewares/Third_Party/LwIP/src/core/pbuf.c.obj
                0x08009d28                pbuf_realloc
 .text.pbuf_clen
                0x08009d94       0x10 CMakeFiles/ChallengeCup_Main.elf.dir/Middlewares/Third_Party/LwIP/src/core/pbuf.c.obj
                0x08009d94                pbuf_clen
 .text.pbuf_ref
                0x08009da4       0x12 CMakeFiles/ChallengeCup_Main.elf.dir/Middlewares/Third_Party/LwIP/src/core/pbuf.c.obj
                0x08009da4                pbuf_ref
 .text.pbuf_cat
                0x08009db6       0x40 CMakeFiles/ChallengeCup_Main.elf.dir/Middlewares/Third_Party/LwIP/src/core/pbuf.c.obj
                0x08009db6                pbuf_cat
 .text.pbuf_chain
                0x08009df6       0x12 CMakeFiles/ChallengeCup_Main.elf.dir/Middlewares/Third_Party/LwIP/src/core/pbuf.c.obj
                0x08009df6                pbuf_chain
 .text.pbuf_copy
                0x08009e08       0xa6 CMakeFiles/ChallengeCup_Main.elf.dir/Middlewares/Third_Party/LwIP/src/core/pbuf.c.obj
                0x08009e08                pbuf_copy
 .text.pbuf_copy_partial
                0x08009eae       0x62 CMakeFiles/ChallengeCup_Main.elf.dir/Middlewares/Third_Party/LwIP/src/core/pbuf.c.obj
                0x08009eae                pbuf_copy_partial
 .text.pbuf_take
                0x08009f10       0x68 CMakeFiles/ChallengeCup_Main.elf.dir/Middlewares/Third_Party/LwIP/src/core/pbuf.c.obj
                0x08009f10                pbuf_take
 .text.pbuf_clone
                0x08009f78       0x20 CMakeFiles/ChallengeCup_Main.elf.dir/Middlewares/Third_Party/LwIP/src/core/pbuf.c.obj
                0x08009f78                pbuf_clone
 .text.sys_timeout_abs
                0x08009f98       0x50 CMakeFiles/ChallengeCup_Main.elf.dir/Middlewares/Third_Party/LwIP/src/core/timeouts.c.obj
 .text.lwip_cyclic_timer
                0x08009fe8       0x34 CMakeFiles/ChallengeCup_Main.elf.dir/Middlewares/Third_Party/LwIP/src/core/timeouts.c.obj
 .text.sys_timeout
                0x0800a01c       0x24 CMakeFiles/ChallengeCup_Main.elf.dir/Middlewares/Third_Party/LwIP/src/core/timeouts.c.obj
                0x0800a01c                sys_timeout
 .text.sys_timeouts_init
                0x0800a040       0x2c CMakeFiles/ChallengeCup_Main.elf.dir/Middlewares/Third_Party/LwIP/src/core/timeouts.c.obj
                0x0800a040                sys_timeouts_init
 .text.sys_check_timeouts
                0x0800a06c       0x44 CMakeFiles/ChallengeCup_Main.elf.dir/Middlewares/Third_Party/LwIP/src/core/timeouts.c.obj
                0x0800a06c                sys_check_timeouts
 .text.udp_init
                0x0800a0b0       0x18 CMakeFiles/ChallengeCup_Main.elf.dir/Middlewares/Third_Party/LwIP/src/core/udp.c.obj
                0x0800a0b0                udp_init
 .text.udp_input
                0x0800a0c8      0x170 CMakeFiles/ChallengeCup_Main.elf.dir/Middlewares/Third_Party/LwIP/src/core/udp.c.obj
                0x0800a0c8                udp_input
 .text.udp_bind
                0x0800a238       0xc0 CMakeFiles/ChallengeCup_Main.elf.dir/Middlewares/Third_Party/LwIP/src/core/udp.c.obj
                0x0800a238                udp_bind
 .text.udp_sendto_if_src
                0x0800a2f8       0xd6 CMakeFiles/ChallengeCup_Main.elf.dir/Middlewares/Third_Party/LwIP/src/core/udp.c.obj
                0x0800a2f8                udp_sendto_if_src
 .text.udp_sendto_if
                0x0800a3ce       0x46 CMakeFiles/ChallengeCup_Main.elf.dir/Middlewares/Third_Party/LwIP/src/core/udp.c.obj
                0x0800a3ce                udp_sendto_if
 .text.udp_sendto
                0x0800a414       0x48 CMakeFiles/ChallengeCup_Main.elf.dir/Middlewares/Third_Party/LwIP/src/core/udp.c.obj
                0x0800a414                udp_sendto
 .text.udp_recv
                0x0800a45c        0xc CMakeFiles/ChallengeCup_Main.elf.dir/Middlewares/Third_Party/LwIP/src/core/udp.c.obj
                0x0800a45c                udp_recv
 .text.udp_remove
                0x0800a468       0x34 CMakeFiles/ChallengeCup_Main.elf.dir/Middlewares/Third_Party/LwIP/src/core/udp.c.obj
                0x0800a468                udp_remove
 .text.udp_new  0x0800a49c       0x1c CMakeFiles/ChallengeCup_Main.elf.dir/Middlewares/Third_Party/LwIP/src/core/udp.c.obj
                0x0800a49c                udp_new
 .text.udp_new_ip_type
                0x0800a4b8        0x4 CMakeFiles/ChallengeCup_Main.elf.dir/Middlewares/Third_Party/LwIP/src/core/udp.c.obj
                0x0800a4b8                udp_new_ip_type
 .text.udp_netif_ip_addr_changed
                0x0800a4bc       0x2c CMakeFiles/ChallengeCup_Main.elf.dir/Middlewares/Third_Party/LwIP/src/core/udp.c.obj
                0x0800a4bc                udp_netif_ip_addr_changed
 .text.etharp_free_entry
                0x0800a4e8       0x28 CMakeFiles/ChallengeCup_Main.elf.dir/Middlewares/Third_Party/LwIP/src/core/ipv4/etharp.c.obj
 .text.etharp_find_entry
                0x0800a510       0xf8 CMakeFiles/ChallengeCup_Main.elf.dir/Middlewares/Third_Party/LwIP/src/core/ipv4/etharp.c.obj
 .text.etharp_raw
                0x0800a608       0xaa CMakeFiles/ChallengeCup_Main.elf.dir/Middlewares/Third_Party/LwIP/src/core/ipv4/etharp.c.obj
 *fill*         0x0800a6b2        0x2 
 .text.etharp_cleanup_netif
                0x0800a6b4       0x28 CMakeFiles/ChallengeCup_Main.elf.dir/Middlewares/Third_Party/LwIP/src/core/ipv4/etharp.c.obj
                0x0800a6b4                etharp_cleanup_netif
 .text.etharp_input
                0x0800a6dc      0x108 CMakeFiles/ChallengeCup_Main.elf.dir/Middlewares/Third_Party/LwIP/src/core/ipv4/etharp.c.obj
                0x0800a6dc                etharp_input
 .text.etharp_request
                0x0800a7e4       0x2c CMakeFiles/ChallengeCup_Main.elf.dir/Middlewares/Third_Party/LwIP/src/core/ipv4/etharp.c.obj
                0x0800a7e4                etharp_request
 .text.etharp_tmr
                0x0800a810       0x54 CMakeFiles/ChallengeCup_Main.elf.dir/Middlewares/Third_Party/LwIP/src/core/ipv4/etharp.c.obj
                0x0800a810                etharp_tmr
 .text.etharp_output_to_arp_index
                0x0800a864       0x98 CMakeFiles/ChallengeCup_Main.elf.dir/Middlewares/Third_Party/LwIP/src/core/ipv4/etharp.c.obj
 .text.etharp_query
                0x0800a8fc       0xf8 CMakeFiles/ChallengeCup_Main.elf.dir/Middlewares/Third_Party/LwIP/src/core/ipv4/etharp.c.obj
                0x0800a8fc                etharp_query
 .text.etharp_output
                0x0800a9f4      0x104 CMakeFiles/ChallengeCup_Main.elf.dir/Middlewares/Third_Party/LwIP/src/core/ipv4/etharp.c.obj
                0x0800a9f4                etharp_output
 .text.icmp_send_response
                0x0800aaf8       0x7a CMakeFiles/ChallengeCup_Main.elf.dir/Middlewares/Third_Party/LwIP/src/core/ipv4/icmp.c.obj
 *fill*         0x0800ab72        0x2 
 .text.icmp_input
                0x0800ab74      0x118 CMakeFiles/ChallengeCup_Main.elf.dir/Middlewares/Third_Party/LwIP/src/core/ipv4/icmp.c.obj
                0x0800ab74                icmp_input
 .text.icmp_dest_unreach
                0x0800ac8c        0x8 CMakeFiles/ChallengeCup_Main.elf.dir/Middlewares/Third_Party/LwIP/src/core/ipv4/icmp.c.obj
                0x0800ac8c                icmp_dest_unreach
 .text.icmp_time_exceeded
                0x0800ac94        0x8 CMakeFiles/ChallengeCup_Main.elf.dir/Middlewares/Third_Party/LwIP/src/core/ipv4/icmp.c.obj
                0x0800ac94                icmp_time_exceeded
 .text.ip4_input_accept
                0x0800ac9c       0x34 CMakeFiles/ChallengeCup_Main.elf.dir/Middlewares/Third_Party/LwIP/src/core/ipv4/ip4.c.obj
 .text.ip4_route
                0x0800acd0       0x5c CMakeFiles/ChallengeCup_Main.elf.dir/Middlewares/Third_Party/LwIP/src/core/ipv4/ip4.c.obj
                0x0800acd0                ip4_route
 .text.ip4_input
                0x0800ad2c      0x15c CMakeFiles/ChallengeCup_Main.elf.dir/Middlewares/Third_Party/LwIP/src/core/ipv4/ip4.c.obj
                0x0800ad2c                ip4_input
 .text.ip4_output_if_src
                0x0800ae88       0xd4 CMakeFiles/ChallengeCup_Main.elf.dir/Middlewares/Third_Party/LwIP/src/core/ipv4/ip4.c.obj
                0x0800ae88                ip4_output_if_src
 .text.ip4_output_if
                0x0800af5c       0x22 CMakeFiles/ChallengeCup_Main.elf.dir/Middlewares/Third_Party/LwIP/src/core/ipv4/ip4.c.obj
                0x0800af5c                ip4_output_if
 .text.ip4_addr_isbroadcast_u32
                0x0800af7e       0x36 CMakeFiles/ChallengeCup_Main.elf.dir/Middlewares/Third_Party/LwIP/src/core/ipv4/ip4_addr.c.obj
                0x0800af7e                ip4_addr_isbroadcast_u32
 .text.ip_reass_dequeue_datagram
                0x0800afb4       0x30 CMakeFiles/ChallengeCup_Main.elf.dir/Middlewares/Third_Party/LwIP/src/core/ipv4/ip4_frag.c.obj
 .text.ip_reass_free_complete_datagram
                0x0800afe4       0xa8 CMakeFiles/ChallengeCup_Main.elf.dir/Middlewares/Third_Party/LwIP/src/core/ipv4/ip4_frag.c.obj
 .text.ip_reass_remove_oldest_datagram
                0x0800b08c       0x7c CMakeFiles/ChallengeCup_Main.elf.dir/Middlewares/Third_Party/LwIP/src/core/ipv4/ip4_frag.c.obj
 .text.ipfrag_free_pbuf_custom
                0x0800b108       0x1e CMakeFiles/ChallengeCup_Main.elf.dir/Middlewares/Third_Party/LwIP/src/core/ipv4/ip4_frag.c.obj
 *fill*         0x0800b126        0x2 
 .text.ip_reass_tmr
                0x0800b128       0x2c CMakeFiles/ChallengeCup_Main.elf.dir/Middlewares/Third_Party/LwIP/src/core/ipv4/ip4_frag.c.obj
                0x0800b128                ip_reass_tmr
 .text.ip4_reass
                0x0800b154      0x324 CMakeFiles/ChallengeCup_Main.elf.dir/Middlewares/Third_Party/LwIP/src/core/ipv4/ip4_frag.c.obj
                0x0800b154                ip4_reass
 .text.ip4_frag
                0x0800b478      0x1a0 CMakeFiles/ChallengeCup_Main.elf.dir/Middlewares/Third_Party/LwIP/src/core/ipv4/ip4_frag.c.obj
                0x0800b478                ip4_frag
 .text.ethernet_input
                0x0800b618       0xa0 CMakeFiles/ChallengeCup_Main.elf.dir/Middlewares/Third_Party/LwIP/src/netif/ethernet.c.obj
                0x0800b618                ethernet_input
 .text.ethernet_output
                0x0800b6b8       0x58 CMakeFiles/ChallengeCup_Main.elf.dir/Middlewares/Third_Party/LwIP/src/netif/ethernet.c.obj
                0x0800b6b8                ethernet_output
 .text.atan2f   0x0800b710        0x4 C:/ST/STM32CubeCLT_1.22.0/GNU-tools-for-STM32/bin/../lib/gcc/arm-none-eabi/14.3.1/../../../../arm-none-eabi/lib/thumb/v7e-m+fp/hard\libm.a(libm_a-wf_atan2.o)
                0x0800b710                atan2f
 .text.hypotf   0x0800b714       0x50 C:/ST/STM32CubeCLT_1.22.0/GNU-tools-for-STM32/bin/../lib/gcc/arm-none-eabi/14.3.1/../../../../arm-none-eabi/lib/thumb/v7e-m+fp/hard\libm.a(libm_a-wf_hypot.o)
                0x0800b714                hypotf
 .text.cosf     0x0800b764       0x70 C:/ST/STM32CubeCLT_1.22.0/GNU-tools-for-STM32/bin/../lib/gcc/arm-none-eabi/14.3.1/../../../../arm-none-eabi/lib/thumb/v7e-m+fp/hard\libm.a(libm_a-sf_cos.o)
                0x0800b764                cosf
 .text.sinf     0x0800b7d4       0x74 C:/ST/STM32CubeCLT_1.22.0/GNU-tools-for-STM32/bin/../lib/gcc/arm-none-eabi/14.3.1/../../../../arm-none-eabi/lib/thumb/v7e-m+fp/hard\libm.a(libm_a-sf_sin.o)
                0x0800b7d4                sinf
 .text.finitef  0x0800b848       0x14 C:/ST/STM32CubeCLT_1.22.0/GNU-tools-for-STM32/bin/../lib/gcc/arm-none-eabi/14.3.1/../../../../arm-none-eabi/lib/thumb/v7e-m+fp/hard\libm.a(libm_a-sf_finite.o)
                0x0800b848                finitef
 .text.lroundf  0x0800b85c       0x68 C:/ST/STM32CubeCLT_1.22.0/GNU-tools-for-STM32/bin/../lib/gcc/arm-none-eabi/14.3.1/../../../../arm-none-eabi/lib/thumb/v7e-m+fp/hard\libm.a(libm_a-sf_lround.o)
                0x0800b85c                lroundf
 .text.roundf   0x0800b8c4       0x4c C:/ST/STM32CubeCLT_1.22.0/GNU-tools-for-STM32/bin/../lib/gcc/arm-none-eabi/14.3.1/../../../../arm-none-eabi/lib/thumb/v7e-m+fp/hard\libm.a(libm_a-sf_round.o)
                0x0800b8c4                roundf
 .text.__kernel_cosf
                0x0800b910      0x104 C:/ST/STM32CubeCLT_1.22.0/GNU-tools-for-STM32/bin/../lib/gcc/arm-none-eabi/14.3.1/../../../../arm-none-eabi/lib/thumb/v7e-m+fp/hard\libm.a(libm_a-kf_cos.o)
                0x0800b910                __kernel_cosf
 .text.__kernel_sinf
                0x0800ba14       0x90 C:/ST/STM32CubeCLT_1.22.0/GNU-tools-for-STM32/bin/../lib/gcc/arm-none-eabi/14.3.1/../../../../arm-none-eabi/lib/thumb/v7e-m+fp/hard\libm.a(libm_a-kf_sin.o)
                0x0800ba14                __kernel_sinf
 .text.__ieee754_atan2f
                0x0800baa4      0x14c C:/ST/STM32CubeCLT_1.22.0/GNU-tools-for-STM32/bin/../lib/gcc/arm-none-eabi/14.3.1/../../../../arm-none-eabi/lib/thumb/v7e-m+fp/hard\libm.a(libm_a-ef_atan2.o)
                0x0800baa4                __ieee754_atan2f
 .text.__ieee754_hypotf
                0x0800bbf0      0x11c C:/ST/STM32CubeCLT_1.22.0/GNU-tools-for-STM32/bin/../lib/gcc/arm-none-eabi/14.3.1/../../../../arm-none-eabi/lib/thumb/v7e-m+fp/hard\libm.a(libm_a-ef_hypot.o)
                0x0800bbf0                __ieee754_hypotf
 .text.__ieee754_rem_pio2f
                0x0800bd0c      0x26c C:/ST/STM32CubeCLT_1.22.0/GNU-tools-for-STM32/bin/../lib/gcc/arm-none-eabi/14.3.1/../../../../arm-none-eabi/lib/thumb/v7e-m+fp/hard\libm.a(libm_a-ef_rem_pio2.o)
                0x0800bd0c                __ieee754_rem_pio2f
 .text.atanf    0x0800bf78      0x1a4 C:/ST/STM32CubeCLT_1.22.0/GNU-tools-for-STM32/bin/../lib/gcc/arm-none-eabi/14.3.1/../../../../arm-none-eabi/lib/thumb/v7e-m+fp/hard\libm.a(libm_a-sf_atan.o)
                0x0800bf78                atanf
 .text.fabsf    0x0800c11c       0x10 C:/ST/STM32CubeCLT_1.22.0/GNU-tools-for-STM32/bin/../lib/gcc/arm-none-eabi/14.3.1/../../../../arm-none-eabi/lib/thumb/v7e-m+fp/hard\libm.a(libm_a-sf_fabs.o)
                0x0800c11c                fabsf
 .text.__ieee754_sqrtf
                0x0800c12c        0x8 C:/ST/STM32CubeCLT_1.22.0/GNU-tools-for-STM32/bin/../lib/gcc/arm-none-eabi/14.3.1/../../../../arm-none-eabi/lib/thumb/v7e-m+fp/hard\libm.a(libm_a-ef_sqrt.o)
                0x0800c12c                __ieee754_sqrtf
 .text.__kernel_rem_pio2f
                0x0800c134      0x68c C:/ST/STM32CubeCLT_1.22.0/GNU-tools-for-STM32/bin/../lib/gcc/arm-none-eabi/14.3.1/../../../../arm-none-eabi/lib/thumb/v7e-m+fp/hard\libm.a(libm_a-kf_rem_pio2.o)
                0x0800c134                __kernel_rem_pio2f
 .text.scalbnf  0x0800c7c0       0xdc C:/ST/STM32CubeCLT_1.22.0/GNU-tools-for-STM32/bin/../lib/gcc/arm-none-eabi/14.3.1/../../../../arm-none-eabi/lib/thumb/v7e-m+fp/hard\libm.a(libm_a-sf_scalbn.o)
                0x0800c7c0                scalbnf
 .text.floorf   0x0800c89c       0x94 C:/ST/STM32CubeCLT_1.22.0/GNU-tools-for-STM32/bin/../lib/gcc/arm-none-eabi/14.3.1/../../../../arm-none-eabi/lib/thumb/v7e-m+fp/hard\libm.a(libm_a-sf_floor.o)
                0x0800c89c                floorf
 .text.rand     0x0800c930       0x7c C:/ST/STM32CubeCLT_1.22.0/GNU-tools-for-STM32/bin/../lib/gcc/arm-none-eabi/14.3.1/../../../../arm-none-eabi/lib/thumb/v7e-m+fp/hard\libc_nano.a(libc_a-rand.o)
                0x0800c930                rand
 .text.std      0x0800c9ac       0x6c C:/ST/STM32CubeCLT_1.22.0/GNU-tools-for-STM32/bin/../lib/gcc/arm-none-eabi/14.3.1/../../../../arm-none-eabi/lib/thumb/v7e-m+fp/hard\libc_nano.a(libc_a-findfp.o)
 .text.stdio_exit_handler
                0x0800ca18       0x18 C:/ST/STM32CubeCLT_1.22.0/GNU-tools-for-STM32/bin/../lib/gcc/arm-none-eabi/14.3.1/../../../../arm-none-eabi/lib/thumb/v7e-m+fp/hard\libc_nano.a(libc_a-findfp.o)
 .text.cleanup_stdio
                0x0800ca30       0x40 C:/ST/STM32CubeCLT_1.22.0/GNU-tools-for-STM32/bin/../lib/gcc/arm-none-eabi/14.3.1/../../../../arm-none-eabi/lib/thumb/v7e-m+fp/hard\libc_nano.a(libc_a-findfp.o)
 .text.global_stdio_init.part.0
                0x0800ca70       0x40 C:/ST/STM32CubeCLT_1.22.0/GNU-tools-for-STM32/bin/../lib/gcc/arm-none-eabi/14.3.1/../../../../arm-none-eabi/lib/thumb/v7e-m+fp/hard\libc_nano.a(libc_a-findfp.o)
 .text.__sfp_lock_acquire
                0x0800cab0        0xc C:/ST/STM32CubeCLT_1.22.0/GNU-tools-for-STM32/bin/../lib/gcc/arm-none-eabi/14.3.1/../../../../arm-none-eabi/lib/thumb/v7e-m+fp/hard\libc_nano.a(libc_a-findfp.o)
                0x0800cab0                __sfp_lock_acquire
 .text.__sfp_lock_release
                0x0800cabc        0xc C:/ST/STM32CubeCLT_1.22.0/GNU-tools-for-STM32/bin/../lib/gcc/arm-none-eabi/14.3.1/../../../../arm-none-eabi/lib/thumb/v7e-m+fp/hard\libc_nano.a(libc_a-findfp.o)
                0x0800cabc                __sfp_lock_release
 .text.__sinit  0x0800cac8       0x30 C:/ST/STM32CubeCLT_1.22.0/GNU-tools-for-STM32/bin/../lib/gcc/arm-none-eabi/14.3.1/../../../../arm-none-eabi/lib/thumb/v7e-m+fp/hard\libc_nano.a(libc_a-findfp.o)
                0x0800cac8                __sinit
 .text._fwalk_sglue
                0x0800caf8       0x3c C:/ST/STM32CubeCLT_1.22.0/GNU-tools-for-STM32/bin/../lib/gcc/arm-none-eabi/14.3.1/../../../../arm-none-eabi/lib/thumb/v7e-m+fp/hard\libc_nano.a(libc_a-fwalk.o)
                0x0800caf8                _fwalk_sglue
 .text.snprintf
                0x0800cb34       0x6c C:/ST/STM32CubeCLT_1.22.0/GNU-tools-for-STM32/bin/../lib/gcc/arm-none-eabi/14.3.1/../../../../arm-none-eabi/lib/thumb/v7e-m+fp/hard\libc_nano.a(libc_a-snprintf.o)
                0x0800cb34                sniprintf
                0x0800cb34                snprintf
 .text.__sread  0x0800cba0       0x22 C:/ST/STM32CubeCLT_1.22.0/GNU-tools-for-STM32/bin/../lib/gcc/arm-none-eabi/14.3.1/../../../../arm-none-eabi/lib/thumb/v7e-m+fp/hard\libc_nano.a(libc_a-stdio.o)
                0x0800cba0                __sread
 .text.__swrite
                0x0800cbc2       0x38 C:/ST/STM32CubeCLT_1.22.0/GNU-tools-for-STM32/bin/../lib/gcc/arm-none-eabi/14.3.1/../../../../arm-none-eabi/lib/thumb/v7e-m+fp/hard\libc_nano.a(libc_a-stdio.o)
                0x0800cbc2                __swrite
 .text.__sseek  0x0800cbfa       0x26 C:/ST/STM32CubeCLT_1.22.0/GNU-tools-for-STM32/bin/../lib/gcc/arm-none-eabi/14.3.1/../../../../arm-none-eabi/lib/thumb/v7e-m+fp/hard\libc_nano.a(libc_a-stdio.o)
                0x0800cbfa                __sseek
 .text.__sclose
                0x0800cc20        0x8 C:/ST/STM32CubeCLT_1.22.0/GNU-tools-for-STM32/bin/../lib/gcc/arm-none-eabi/14.3.1/../../../../arm-none-eabi/lib/thumb/v7e-m+fp/hard\libc_nano.a(libc_a-stdio.o)
                0x0800cc20                __sclose
 .text.memcmp   0x0800cc28       0x20 C:/ST/STM32CubeCLT_1.22.0/GNU-tools-for-STM32/bin/../lib/gcc/arm-none-eabi/14.3.1/../../../../arm-none-eabi/lib/thumb/v7e-m+fp/hard\libc_nano.a(libc_a-memcmp.o)
                0x0800cc28                memcmp
 .text.memmove  0x0800cc48       0x32 C:/ST/STM32CubeCLT_1.22.0/GNU-tools-for-STM32/bin/../lib/gcc/arm-none-eabi/14.3.1/../../../../arm-none-eabi/lib/thumb/v7e-m+fp/hard\libc_nano.a(libc_a-memmove.o)
                0x0800cc48                memmove
 .text.memset   0x0800cc7a       0x10 C:/ST/STM32CubeCLT_1.22.0/GNU-tools-for-STM32/bin/../lib/gcc/arm-none-eabi/14.3.1/../../../../arm-none-eabi/lib/thumb/v7e-m+fp/hard\libc_nano.a(libc_a-memset.o)
                0x0800cc7a                memset
 .text.strstr   0x0800cc8a       0x2c C:/ST/STM32CubeCLT_1.22.0/GNU-tools-for-STM32/bin/../lib/gcc/arm-none-eabi/14.3.1/../../../../arm-none-eabi/lib/thumb/v7e-m+fp/hard\libc_nano.a(libc_a-strstr.o)
                0x0800cc8a                strstr
 *fill*         0x0800ccb6        0x2 
 .text._close_r
                0x0800ccb8       0x20 C:/ST/STM32CubeCLT_1.22.0/GNU-tools-for-STM32/bin/../lib/gcc/arm-none-eabi/14.3.1/../../../../arm-none-eabi/lib/thumb/v7e-m+fp/hard\libc_nano.a(libc_a-closer.o)
                0x0800ccb8                _close_r
 .text._lseek_r
                0x0800ccd8       0x24 C:/ST/STM32CubeCLT_1.22.0/GNU-tools-for-STM32/bin/../lib/gcc/arm-none-eabi/14.3.1/../../../../arm-none-eabi/lib/thumb/v7e-m+fp/hard\libc_nano.a(libc_a-lseekr.o)
                0x0800ccd8                _lseek_r
 .text._read_r  0x0800ccfc       0x24 C:/ST/STM32CubeCLT_1.22.0/GNU-tools-for-STM32/bin/../lib/gcc/arm-none-eabi/14.3.1/../../../../arm-none-eabi/lib/thumb/v7e-m+fp/hard\libc_nano.a(libc_a-readr.o)
                0x0800ccfc                _read_r
 .text._write_r
                0x0800cd20       0x24 C:/ST/STM32CubeCLT_1.22.0/GNU-tools-for-STM32/bin/../lib/gcc/arm-none-eabi/14.3.1/../../../../arm-none-eabi/lib/thumb/v7e-m+fp/hard\libc_nano.a(libc_a-writer.o)
                0x0800cd20                _write_r
 .text.__errno  0x0800cd44        0xc C:/ST/STM32CubeCLT_1.22.0/GNU-tools-for-STM32/bin/../lib/gcc/arm-none-eabi/14.3.1/../../../../arm-none-eabi/lib/thumb/v7e-m+fp/hard\libc_nano.a(libc_a-errno.o)
                0x0800cd44                __errno
 .text.__libc_init_array
                0x0800cd50       0x48 C:/ST/STM32CubeCLT_1.22.0/GNU-tools-for-STM32/bin/../lib/gcc/arm-none-eabi/14.3.1/../../../../arm-none-eabi/lib/thumb/v7e-m+fp/hard\libc_nano.a(libc_a-init.o)
                0x0800cd50                __libc_init_array
 .text.__retarget_lock_init_recursive
                0x0800cd98        0x2 C:/ST/STM32CubeCLT_1.22.0/GNU-tools-for-STM32/bin/../lib/gcc/arm-none-eabi/14.3.1/../../../../arm-none-eabi/lib/thumb/v7e-m+fp/hard\libc_nano.a(libc_a-lock.o)
                0x0800cd98                __retarget_lock_init_recursive
 .text.__retarget_lock_acquire_recursive
                0x0800cd9a        0x2 C:/ST/STM32CubeCLT_1.22.0/GNU-tools-for-STM32/bin/../lib/gcc/arm-none-eabi/14.3.1/../../../../arm-none-eabi/lib/thumb/v7e-m+fp/hard\libc_nano.a(libc_a-lock.o)
                0x0800cd9a                __retarget_lock_acquire_recursive
 .text.__retarget_lock_release_recursive
                0x0800cd9c        0x2 C:/ST/STM32CubeCLT_1.22.0/GNU-tools-for-STM32/bin/../lib/gcc/arm-none-eabi/14.3.1/../../../../arm-none-eabi/lib/thumb/v7e-m+fp/hard\libc_nano.a(libc_a-lock.o)
                0x0800cd9c                __retarget_lock_release_recursive
 .text.memcpy   0x0800cd9e       0x1c C:/ST/STM32CubeCLT_1.22.0/GNU-tools-for-STM32/bin/../lib/gcc/arm-none-eabi/14.3.1/../../../../arm-none-eabi/lib/thumb/v7e-m+fp/hard\libc_nano.a(libc_a-memcpy-stub.o)
                0x0800cd9e                memcpy
 *fill*         0x0800cdba        0x2 
 .text.__assert_func
                0x0800cdbc       0x3c C:/ST/STM32CubeCLT_1.22.0/GNU-tools-for-STM32/bin/../lib/gcc/arm-none-eabi/14.3.1/../../../../arm-none-eabi/lib/thumb/v7e-m+fp/hard\libc_nano.a(libc_a-assert.o)
                0x0800cdbc                __assert_func
 .text._free_r  0x0800cdf8       0x94 C:/ST/STM32CubeCLT_1.22.0/GNU-tools-for-STM32/bin/../lib/gcc/arm-none-eabi/14.3.1/../../../../arm-none-eabi/lib/thumb/v7e-m+fp/hard\libc_nano.a(libc_a-freer.o)
                0x0800cdf8                _free_r
 .text.malloc   0x0800ce8c       0x10 C:/ST/STM32CubeCLT_1.22.0/GNU-tools-for-STM32/bin/../lib/gcc/arm-none-eabi/14.3.1/../../../../arm-none-eabi/lib/thumb/v7e-m+fp/hard\libc_nano.a(libc_a-malloc.o)
                0x0800ce8c                malloc
 .text.sbrk_aligned
                0x0800ce9c       0x44 C:/ST/STM32CubeCLT_1.22.0/GNU-tools-for-STM32/bin/../lib/gcc/arm-none-eabi/14.3.1/../../../../arm-none-eabi/lib/thumb/v7e-m+fp/hard\libc_nano.a(libc_a-mallocr.o)
 .text._malloc_r
                0x0800cee0      0x100 C:/ST/STM32CubeCLT_1.22.0/GNU-tools-for-STM32/bin/../lib/gcc/arm-none-eabi/14.3.1/../../../../arm-none-eabi/lib/thumb/v7e-m+fp/hard\libc_nano.a(libc_a-mallocr.o)
                0x0800cee0                _malloc_r
 .text.__malloc_lock
                0x0800cfe0        0xc C:/ST/STM32CubeCLT_1.22.0/GNU-tools-for-STM32/bin/../lib/gcc/arm-none-eabi/14.3.1/../../../../arm-none-eabi/lib/thumb/v7e-m+fp/hard\libc_nano.a(libc_a-mlock.o)
                0x0800cfe0                __malloc_lock
 .text.__malloc_unlock
                0x0800cfec        0xc C:/ST/STM32CubeCLT_1.22.0/GNU-tools-for-STM32/bin/../lib/gcc/arm-none-eabi/14.3.1/../../../../arm-none-eabi/lib/thumb/v7e-m+fp/hard\libc_nano.a(libc_a-mlock.o)
                0x0800cfec                __malloc_unlock
 .text.__ssputs_r
                0x0800cff8       0xc0 C:/ST/STM32CubeCLT_1.22.0/GNU-tools-for-STM32/bin/../lib/gcc/arm-none-eabi/14.3.1/../../../../arm-none-eabi/lib/thumb/v7e-m+fp/hard\libc_nano.a(libc_a-nano-svfprintf.o)
                0x0800cff8                __ssputs_r
 .text._svfprintf_r
                0x0800d0b8      0x1f0 C:/ST/STM32CubeCLT_1.22.0/GNU-tools-for-STM32/bin/../lib/gcc/arm-none-eabi/14.3.1/../../../../arm-none-eabi/lib/thumb/v7e-m+fp/hard\libc_nano.a(libc_a-nano-svfprintf.o)
                0x0800d0b8                _svfiprintf_r
                0x0800d0b8                _svfprintf_r
 .text._printf_common
                0x0800d2a8       0xda C:/ST/STM32CubeCLT_1.22.0/GNU-tools-for-STM32/bin/../lib/gcc/arm-none-eabi/14.3.1/../../../../arm-none-eabi/lib/thumb/v7e-m+fp/hard\libc_nano.a(libc_a-nano-vfprintf_i.o)
                0x0800d2a8                _printf_common
 *fill*         0x0800d382        0x2 
 .text._printf_i
                0x0800d384      0x24c C:/ST/STM32CubeCLT_1.22.0/GNU-tools-for-STM32/bin/../lib/gcc/arm-none-eabi/14.3.1/../../../../arm-none-eabi/lib/thumb/v7e-m+fp/hard\libc_nano.a(libc_a-nano-vfprintf_i.o)
                0x0800d384                _printf_i
 .text.__sflush_r
                0x0800d5d0      0x104 C:/ST/STM32CubeCLT_1.22.0/GNU-tools-for-STM32/bin/../lib/gcc/arm-none-eabi/14.3.1/../../../../arm-none-eabi/lib/thumb/v7e-m+fp/hard\libc_nano.a(libc_a-fflush.o)
                0x0800d5d0                __sflush_r
 .text._fflush_r
                0x0800d6d4       0x50 C:/ST/STM32CubeCLT_1.22.0/GNU-tools-for-STM32/bin/../lib/gcc/arm-none-eabi/14.3.1/../../../../arm-none-eabi/lib/thumb/v7e-m+fp/hard\libc_nano.a(libc_a-fflush.o)
                0x0800d6d4                _fflush_r
 .text.fprintf  0x0800d724       0x24 C:/ST/STM32CubeCLT_1.22.0/GNU-tools-for-STM32/bin/../lib/gcc/arm-none-eabi/14.3.1/../../../../arm-none-eabi/lib/thumb/v7e-m+fp/hard\libc_nano.a(libc_a-fprintf.o)
                0x0800d724                fiprintf
                0x0800d724                fprintf
 .text._sbrk_r  0x0800d748       0x20 C:/ST/STM32CubeCLT_1.22.0/GNU-tools-for-STM32/bin/../lib/gcc/arm-none-eabi/14.3.1/../../../../arm-none-eabi/lib/thumb/v7e-m+fp/hard\libc_nano.a(libc_a-sbrkr.o)
                0x0800d748                _sbrk_r
 .text.abort    0x0800d768        0xe C:/ST/STM32CubeCLT_1.22.0/GNU-tools-for-STM32/bin/../lib/gcc/arm-none-eabi/14.3.1/../../../../arm-none-eabi/lib/thumb/v7e-m+fp/hard\libc_nano.a(libc_a-abort.o)
                0x0800d768                abort
 .text._realloc_r
                0x0800d776       0x5c C:/ST/STM32CubeCLT_1.22.0/GNU-tools-for-STM32/bin/../lib/gcc/arm-none-eabi/14.3.1/../../../../arm-none-eabi/lib/thumb/v7e-m+fp/hard\libc_nano.a(libc_a-reallocr.o)
                0x0800d776                _realloc_r
 .text.__sfputc_r
                0x0800d7d2       0x2e C:/ST/STM32CubeCLT_1.22.0/GNU-tools-for-STM32/bin/../lib/gcc/arm-none-eabi/14.3.1/../../../../arm-none-eabi/lib/thumb/v7e-m+fp/hard\libc_nano.a(libc_a-nano-vfprintf.o)
 .text.__sfputs_r
                0x0800d800       0x24 C:/ST/STM32CubeCLT_1.22.0/GNU-tools-for-STM32/bin/../lib/gcc/arm-none-eabi/14.3.1/../../../../arm-none-eabi/lib/thumb/v7e-m+fp/hard\libc_nano.a(libc_a-nano-vfprintf.o)
                0x0800d800                __sfputs_r
 .text._vfprintf_r
                0x0800d824      0x228 C:/ST/STM32CubeCLT_1.22.0/GNU-tools-for-STM32/bin/../lib/gcc/arm-none-eabi/14.3.1/../../../../arm-none-eabi/lib/thumb/v7e-m+fp/hard\libc_nano.a(libc_a-nano-vfprintf.o)
                0x0800d824                _vfprintf_r
                0x0800d824                _vfiprintf_r
 .text.__swbuf_r
                0x0800da4c       0x7c C:/ST/STM32CubeCLT_1.22.0/GNU-tools-for-STM32/bin/../lib/gcc/arm-none-eabi/14.3.1/../../../../arm-none-eabi/lib/thumb/v7e-m+fp/hard\libc_nano.a(libc_a-wbuf.o)
                0x0800da4c                __swbuf_r
 .text.__swsetup_r
                0x0800dac8       0xa8 C:/ST/STM32CubeCLT_1.22.0/GNU-tools-for-STM32/bin/../lib/gcc/arm-none-eabi/14.3.1/../../../../arm-none-eabi/lib/thumb/v7e-m+fp/hard\libc_nano.a(libc_a-wsetup.o)
                0x0800dac8                __swsetup_r
 .text._raise_r
                0x0800db70       0x50 C:/ST/STM32CubeCLT_1.22.0/GNU-tools-for-STM32/bin/../lib/gcc/arm-none-eabi/14.3.1/../../../../arm-none-eabi/lib/thumb/v7e-m+fp/hard\libc_nano.a(libc_a-signal.o)
                0x0800db70                _raise_r
 .text.raise    0x0800dbc0       0x10 C:/ST/STM32CubeCLT_1.22.0/GNU-tools-for-STM32/bin/../lib/gcc/arm-none-eabi/14.3.1/../../../../arm-none-eabi/lib/thumb/v7e-m+fp/hard\libc_nano.a(libc_a-signal.o)
                0x0800dbc0                raise
 .text._kill_r  0x0800dbd0       0x24 C:/ST/STM32CubeCLT_1.22.0/GNU-tools-for-STM32/bin/../lib/gcc/arm-none-eabi/14.3.1/../../../../arm-none-eabi/lib/thumb/v7e-m+fp/hard\libc_nano.a(libc_a-signalr.o)
                0x0800dbd0                _kill_r
 .text._getpid_r
                0x0800dbf4        0x4 C:/ST/STM32CubeCLT_1.22.0/GNU-tools-for-STM32/bin/../lib/gcc/arm-none-eabi/14.3.1/../../../../arm-none-eabi/lib/thumb/v7e-m+fp/hard\libc_nano.a(libc_a-signalr.o)
                0x0800dbf4                _getpid_r
 .text._malloc_usable_size_r
                0x0800dbf8       0x10 C:/ST/STM32CubeCLT_1.22.0/GNU-tools-for-STM32/bin/../lib/gcc/arm-none-eabi/14.3.1/../../../../arm-none-eabi/lib/thumb/v7e-m+fp/hard\libc_nano.a(libc_a-msizer.o)
                0x0800dbf8                _malloc_usable_size_r
 .text.__swhatbuf_r
                0x0800dc08       0x48 C:/ST/STM32CubeCLT_1.22.0/GNU-tools-for-STM32/bin/../lib/gcc/arm-none-eabi/14.3.1/../../../../arm-none-eabi/lib/thumb/v7e-m+fp/hard\libc_nano.a(libc_a-makebuf.o)
                0x0800dc08                __swhatbuf_r
 .text.__smakebuf_r
                0x0800dc50       0x72 C:/ST/STM32CubeCLT_1.22.0/GNU-tools-for-STM32/bin/../lib/gcc/arm-none-eabi/14.3.1/../../../../arm-none-eabi/lib/thumb/v7e-m+fp/hard\libc_nano.a(libc_a-makebuf.o)
                0x0800dc50                __smakebuf_r
 *fill*         0x0800dcc2        0x2 
 .text._fstat_r
                0x0800dcc4       0x24 C:/ST/STM32CubeCLT_1.22.0/GNU-tools-for-STM32/bin/../lib/gcc/arm-none-eabi/14.3.1/../../../../arm-none-eabi/lib/thumb/v7e-m+fp/hard\libc_nano.a(libc_a-fstatr.o)
                0x0800dcc4                _fstat_r
 .text._isatty_r
                0x0800dce8       0x20 C:/ST/STM32CubeCLT_1.22.0/GNU-tools-for-STM32/bin/../lib/gcc/arm-none-eabi/14.3.1/../../../../arm-none-eabi/lib/thumb/v7e-m+fp/hard\libc_nano.a(libc_a-isattyr.o)
                0x0800dce8                _isatty_r
 *(.glue_7)
 .glue_7        0x0800dd08        0x0 linker stubs
 *(.glue_7t)
 .glue_7t       0x0800dd08        0x0 linker stubs
 *(.eh_frame)
 .eh_frame      0x0800dd08        0x0 C:/ST/STM32CubeCLT_1.22.0/GNU-tools-for-STM32/bin/../lib/gcc/arm-none-eabi/14.3.1/thumb/v7e-m+fp/hard/crtbegin.o
 *(.init)
 .init          0x0800dd08        0x4 C:/ST/STM32CubeCLT_1.22.0/GNU-tools-for-STM32/bin/../lib/gcc/arm-none-eabi/14.3.1/thumb/v7e-m+fp/hard/crti.o
                0x0800dd08                _init
 .init          0x0800dd0c        0x8 C:/ST/STM32CubeCLT_1.22.0/GNU-tools-for-STM32/bin/../lib/gcc/arm-none-eabi/14.3.1/thumb/v7e-m+fp/hard/crtn.o
 *(.fini)
 .fini          0x0800dd14        0x4 C:/ST/STM32CubeCLT_1.22.0/GNU-tools-for-STM32/bin/../lib/gcc/arm-none-eabi/14.3.1/thumb/v7e-m+fp/hard/crti.o
                0x0800dd14                _fini
 .fini          0x0800dd18        0x8 C:/ST/STM32CubeCLT_1.22.0/GNU-tools-for-STM32/bin/../lib/gcc/arm-none-eabi/14.3.1/thumb/v7e-m+fp/hard/crtn.o
                0x0800dd20                        . = ALIGN (0x4)
                0x0800dd20                        _etext = .

.vfp11_veneer   0x0800dd20        0x0
 .vfp11_veneer  0x0800dd20        0x0 linker stubs

.v4_bx          0x0800dd20        0x0
 .v4_bx         0x0800dd20        0x0 linker stubs

.iplt           0x0800dd20        0x0
 .iplt          0x0800dd20        0x0 C:/ST/STM32CubeCLT_1.22.0/GNU-tools-for-STM32/bin/../lib/gcc/arm-none-eabi/14.3.1/thumb/v7e-m+fp/hard/crtbegin.o

.rodata         0x0800dd20      0x744
                0x0800dd20                        . = ALIGN (0x4)
 *(.rodata)
 .rodata        0x0800dd20        0xe libprotocol_core.a(erob_canopen.c.obj)
 *fill*         0x0800dd2e        0x2 
 .rodata        0x0800dd30       0x34 libprotocol_core.a(force_sensor.c.obj)
 .rodata        0x0800dd64       0x8c libprotocol_core.a(robstride.c.obj)
 *(.rodata*)
 .rodata.ethernetif_init.str1.1
                0x0800ddf0      0x13c CMakeFiles/ChallengeCup_Main.elf.dir/Core/Src/ethernetif.c.obj
                                  0x7 (size before relaxing)
 .rodata.CSWTCH.21
                0x0800df2c        0x8 CMakeFiles/ChallengeCup_Main.elf.dir/Core/Src/ethernetif.c.obj
 .rodata.CSWTCH.20
                0x0800df34        0x8 CMakeFiles/ChallengeCup_Main.elf.dir/Core/Src/ethernetif.c.obj
 .rodata.memp_RX_POOL
                0x0800df3c        0xc CMakeFiles/ChallengeCup_Main.elf.dir/Core/Src/ethernetif.c.obj
                0x0800df3c                memp_RX_POOL
 .rodata.APBPrescTable
                0x0800df48        0x8 CMakeFiles/ChallengeCup_Main.elf.dir/Core/Src/system_stm32f4xx.c.obj
                0x0800df48                APBPrescTable
 .rodata.AHBPrescTable
                0x0800df50       0x10 CMakeFiles/ChallengeCup_Main.elf.dir/Core/Src/system_stm32f4xx.c.obj
                0x0800df50                AHBPrescTable
 .rodata.app_bridge_handle_datagram.str1.1