Archive member included to satisfy reference by file (symbol)

C:/ST/STM32CubeCLT_1.22.0/GNU-tools-for-STM32/bin/../lib/gcc/arm-none-eabi/14.3.1/thumb/v7e-m+fp/hard\libgcc.a(_aeabi_uldivmod.o)
                              CMakeFiles/UART_Communication_Test.elf.dir/D_/Challenge_Cup/MainCode/Drivers/STM32F4xx_HAL_Driver/Src/stm32f4xx_hal_rcc.c.obj (__aeabi_uldivmod)
C:/ST/STM32CubeCLT_1.22.0/GNU-tools-for-STM32/bin/../lib/gcc/arm-none-eabi/14.3.1/thumb/v7e-m+fp/hard\libgcc.a(_udivmoddi4.o)
                              C:/ST/STM32CubeCLT_1.22.0/GNU-tools-for-STM32/bin/../lib/gcc/arm-none-eabi/14.3.1/thumb/v7e-m+fp/hard\libgcc.a(_aeabi_uldivmod.o) (__udivmoddi4)
C:/ST/STM32CubeCLT_1.22.0/GNU-tools-for-STM32/bin/../lib/gcc/arm-none-eabi/14.3.1/thumb/v7e-m+fp/hard\libgcc.a(_dvmd_tls.o)
                              C:/ST/STM32CubeCLT_1.22.0/GNU-tools-for-STM32/bin/../lib/gcc/arm-none-eabi/14.3.1/thumb/v7e-m+fp/hard\libgcc.a(_aeabi_uldivmod.o) (__aeabi_ldiv0)
C:/ST/STM32CubeCLT_1.22.0/GNU-tools-for-STM32/bin/../lib/gcc/arm-none-eabi/14.3.1/../../../../arm-none-eabi/lib/thumb/v7e-m+fp/hard\libc_nano.a(libc_a-exit.o)
                              C:/ST/STM32CubeCLT_1.22.0/GNU-tools-for-STM32/bin/../lib/gcc/arm-none-eabi/14.3.1/../../../../arm-none-eabi/lib/thumb/v7e-m+fp/hard/crt0.o (exit)
C:/ST/STM32CubeCLT_1.22.0/GNU-tools-for-STM32/bin/../lib/gcc/arm-none-eabi/14.3.1/../../../../arm-none-eabi/lib/thumb/v7e-m+fp/hard\libc_nano.a(libc_a-findfp.o)
                              C:/ST/STM32CubeCLT_1.22.0/GNU-tools-for-STM32/bin/../lib/gcc/arm-none-eabi/14.3.1/../../../../arm-none-eabi/lib/thumb/v7e-m+fp/hard\libc_nano.a(libc_a-exit.o) (__stdio_exit_handler)
C:/ST/STM32CubeCLT_1.22.0/GNU-tools-for-STM32/bin/../lib/gcc/arm-none-eabi/14.3.1/../../../../arm-none-eabi/lib/thumb/v7e-m+fp/hard\libc_nano.a(libc_a-fwalk.o)
                              C:/ST/STM32CubeCLT_1.22.0/GNU-tools-for-STM32/bin/../lib/gcc/arm-none-eabi/14.3.1/../../../../arm-none-eabi/lib/thumb/v7e-m+fp/hard\libc_nano.a(libc_a-findfp.o) (_fwalk_sglue)
C:/ST/STM32CubeCLT_1.22.0/GNU-tools-for-STM32/bin/../lib/gcc/arm-none-eabi/14.3.1/../../../../arm-none-eabi/lib/thumb/v7e-m+fp/hard\libc_nano.a(libc_a-snprintf.o)
                              CMakeFiles/UART_Communication_Test.elf.dir/Src/main.c.obj (snprintf)
C:/ST/STM32CubeCLT_1.22.0/GNU-tools-for-STM32/bin/../lib/gcc/arm-none-eabi/14.3.1/../../../../arm-none-eabi/lib/thumb/v7e-m+fp/hard\libc_nano.a(libc_a-stdio.o)
                              C:/ST/STM32CubeCLT_1.22.0/GNU-tools-for-STM32/bin/../lib/gcc/arm-none-eabi/14.3.1/../../../../arm-none-eabi/lib/thumb/v7e-m+fp/hard\libc_nano.a(libc_a-findfp.o) (__sread)
C:/ST/STM32CubeCLT_1.22.0/GNU-tools-for-STM32/bin/../lib/gcc/arm-none-eabi/14.3.1/../../../../arm-none-eabi/lib/thumb/v7e-m+fp/hard\libc_nano.a(libc_a-memset.o)
                              C:/ST/STM32CubeCLT_1.22.0/GNU-tools-for-STM32/bin/../lib/gcc/arm-none-eabi/14.3.1/../../../../arm-none-eabi/lib/thumb/v7e-m+fp/hard/crt0.o (memset)
C:/ST/STM32CubeCLT_1.22.0/GNU-tools-for-STM32/bin/../lib/gcc/arm-none-eabi/14.3.1/../../../../arm-none-eabi/lib/thumb/v7e-m+fp/hard\libc_nano.a(libc_a-closer.o)
                              C:/ST/STM32CubeCLT_1.22.0/GNU-tools-for-STM32/bin/../lib/gcc/arm-none-eabi/14.3.1/../../../../arm-none-eabi/lib/thumb/v7e-m+fp/hard\libc_nano.a(libc_a-stdio.o) (_close_r)
C:/ST/STM32CubeCLT_1.22.0/GNU-tools-for-STM32/bin/../lib/gcc/arm-none-eabi/14.3.1/../../../../arm-none-eabi/lib/thumb/v7e-m+fp/hard\libc_nano.a(libc_a-reent.o)
                              C:/ST/STM32CubeCLT_1.22.0/GNU-tools-for-STM32/bin/../lib/gcc/arm-none-eabi/14.3.1/../../../../arm-none-eabi/lib/thumb/v7e-m+fp/hard\libc_nano.a(libc_a-closer.o) (errno)
C:/ST/STM32CubeCLT_1.22.0/GNU-tools-for-STM32/bin/../lib/gcc/arm-none-eabi/14.3.1/../../../../arm-none-eabi/lib/thumb/v7e-m+fp/hard\libc_nano.a(libc_a-impure.o)
                              C:/ST/STM32CubeCLT_1.22.0/GNU-tools-for-STM32/bin/../lib/gcc/arm-none-eabi/14.3.1/../../../../arm-none-eabi/lib/thumb/v7e-m+fp/hard\libc_nano.a(libc_a-snprintf.o) (_impure_ptr)
C:/ST/STM32CubeCLT_1.22.0/GNU-tools-for-STM32/bin/../lib/gcc/arm-none-eabi/14.3.1/../../../../arm-none-eabi/lib/thumb/v7e-m+fp/hard\libc_nano.a(libc_a-lseekr.o)
                              C:/ST/STM32CubeCLT_1.22.0/GNU-tools-for-STM32/bin/../lib/gcc/arm-none-eabi/14.3.1/../../../../arm-none-eabi/lib/thumb/v7e-m+fp/hard\libc_nano.a(libc_a-stdio.o) (_lseek_r)
C:/ST/STM32CubeCLT_1.22.0/GNU-tools-for-STM32/bin/../lib/gcc/arm-none-eabi/14.3.1/../../../../arm-none-eabi/lib/thumb/v7e-m+fp/hard\libc_nano.a(libc_a-readr.o)
                              C:/ST/STM32CubeCLT_1.22.0/GNU-tools-for-STM32/bin/../lib/gcc/arm-none-eabi/14.3.1/../../../../arm-none-eabi/lib/thumb/v7e-m+fp/hard\libc_nano.a(libc_a-stdio.o) (_read_r)
C:/ST/STM32CubeCLT_1.22.0/GNU-tools-for-STM32/bin/../lib/gcc/arm-none-eabi/14.3.1/../../../../arm-none-eabi/lib/thumb/v7e-m+fp/hard\libc_nano.a(libc_a-writer.o)
[...]
Memory Configuration

Name             Origin             Length             Attributes
CCMRAM           0x10000000         0x00010000         xrw
RAM              0x20000000         0x00020000         xrw
ROM              0x08000000         0x00100000         xr
*default*        0x00000000         0xffffffff

Linker script and memory map

LOAD C:/ST/STM32CubeCLT_1.22.0/GNU-tools-for-STM32/bin/../lib/gcc/arm-none-eabi/14.3.1/thumb/v7e-m+fp/hard/crti.o
LOAD C:/ST/STM32CubeCLT_1.22.0/GNU-tools-for-STM32/bin/../lib/gcc/arm-none-eabi/14.3.1/thumb/v7e-m+fp/hard/crtbegin.o
LOAD C:/ST/STM32CubeCLT_1.22.0/GNU-tools-for-STM32/bin/../lib/gcc/arm-none-eabi/14.3.1/../../../../arm-none-eabi/lib/thumb/v7e-m+fp/hard/crt0.o
LOAD CMakeFiles/UART_Communication_Test.elf.dir/D_/Challenge_Cup/MainCode/Core/Startup/startup_stm32f407xx.s.obj
LOAD CMakeFiles/UART_Communication_Test.elf.dir/D_/Challenge_Cup/MainCode/Core/Src/board.c.obj
LOAD CMakeFiles/UART_Communication_Test.elf.dir/D_/Challenge_Cup/MainCode/Core/Src/stm32f4xx_it.c.obj
LOAD CMakeFiles/UART_Communication_Test.elf.dir/D_/Challenge_Cup/MainCode/Core/Src/syscalls.c.obj
LOAD CMakeFiles/UART_Communication_Test.elf.dir/D_/Challenge_Cup/MainCode/Core/Src/sysmem.c.obj
LOAD CMakeFiles/UART_Communication_Test.elf.dir/D_/Challenge_Cup/MainCode/Core/Src/system_stm32f4xx.c.obj
LOAD CMakeFiles/UART_Communication_Test.elf.dir/D_/Challenge_Cup/MainCode/Projects/ModuleTests/common/Src/standalone_runtime.c.obj
LOAD CMakeFiles/UART_Communication_Test.elf.dir/D_/Challenge_Cup/MainCode/Projects/ModuleTests/common/Src/standalone_hooks.c.obj
LOAD CMakeFiles/UART_Communication_Test.elf.dir/Src/main.c.obj
LOAD CMakeFiles/UART_Communication_Test.elf.dir/D_/Challenge_Cup/MainCode/Drivers/STM32F4xx_HAL_Driver/Src/stm32f4xx_hal.c.obj
LOAD CMakeFiles/UART_Communication_Test.elf.dir/D_/Challenge_Cup/MainCode/Drivers/STM32F4xx_HAL_Driver/Src/stm32f4xx_hal_can.c.obj
LOAD CMakeFiles/UART_Communication_Test.elf.dir/D_/Challenge_Cup/MainCode/Drivers/STM32F4xx_HAL_Driver/Src/stm32f4xx_hal_cortex.c.obj
LOAD CMakeFiles/UART_Communication_Test.elf.dir/D_/Challenge_Cup/MainCode/Drivers/STM32F4xx_HAL_Driver/Src/stm32f4xx_hal_dma.c.obj
LOAD CMakeFiles/UART_Communication_Test.elf.dir/D_/Challenge_Cup/MainCode/Drivers/STM32F4xx_HAL_Driver/Src/stm32f4xx_hal_dma_ex.c.obj
LOAD CMakeFiles/UART_Communication_Test.elf.dir/D_/Challenge_Cup/MainCode/Drivers/STM32F4xx_HAL_Driver/Src/stm32f4xx_hal_exti.c.obj
LOAD CMakeFiles/UART_Communication_Test.elf.dir/D_/Challenge_Cup/MainCode/Drivers/STM32F4xx_HAL_Driver/Src/stm32f4xx_hal_flash.c.obj
LOAD CMakeFiles/UART_Communication_Test.elf.dir/D_/Challenge_Cup/MainCode/Drivers/STM32F4xx_HAL_Driver/Src/stm32f4xx_hal_flash_ex.c.obj
LOAD CMakeFiles/UART_Communication_Test.elf.dir/D_/Challenge_Cup/MainCode/Drivers/STM32F4xx_HAL_Driver/Src/stm32f4xx_hal_flash_ramfunc.c.obj
LOAD CMakeFiles/UART_Communication_Test.elf.dir/D_/Challenge_Cup/MainCode/Drivers/STM32F4xx_HAL_Driver/Src/stm32f4xx_hal_gpio.c.obj
LOAD CMakeFiles/UART_Communication_Test.elf.dir/D_/Challenge_Cup/MainCode/Drivers/STM32F4xx_HAL_Driver/Src/stm32f4xx_hal_pwr.c.obj
LOAD CMakeFiles/UART_Communication_Test.elf.dir/D_/Challenge_Cup/MainCode/Drivers/STM32F4xx_HAL_Driver/Src/stm32f4xx_hal_pwr_ex.c.obj
LOAD CMakeFiles/UART_Communication_Test.elf.dir/D_/Challenge_Cup/MainCode/Drivers/STM32F4xx_HAL_Driver/Src/stm32f4xx_hal_rcc.c.obj
LOAD CMakeFiles/UART_Communication_Test.elf.dir/D_/Challenge_Cup/MainCode/Drivers/STM32F4xx_HAL_Driver/Src/stm32f4xx_hal_rcc_ex.c.obj
LOAD CMakeFiles/UART_Communication_Test.elf.dir/D_/Challenge_Cup/MainCode/Drivers/STM32F4xx_HAL_Driver/Src/stm32f4xx_hal_uart.c.obj
LOAD C:/ST/STM32CubeCLT_1.22.0/GNU-tools-for-STM32/bin/../lib/gcc/arm-none-eabi/14.3.1/../../../../arm-none-eabi/lib/thumb/v7e-m+fp/hard\libm.a
START GROUP
LOAD C:/ST/STM32CubeCLT_1.22.0/GNU-tools-for-STM32/bin/../lib/gcc/arm-none-eabi/14.3.1/thumb/v7e-m+fp/hard\libgcc.a
LOAD C:/ST/STM32CubeCLT_1.22.0/GNU-tools-for-STM32/bin/../lib/gcc/arm-none-eabi/14.3.1/../../../../arm-none-eabi/lib/thumb/v7e-m+fp/hard\libc_nano.a
END GROUP
START GROUP
LOAD C:/ST/STM32CubeCLT_1.22.0/GNU-tools-for-STM32/bin/../lib/gcc/arm-none-eabi/14.3.1/thumb/v7e-m+fp/hard\libgcc.a
LOAD C:/ST/STM32CubeCLT_1.22.0/GNU-tools-for-STM32/bin/../lib/gcc/arm-none-eabi/14.3.1/../../../../arm-none-eabi/lib/thumb/v7e-m+fp/hard\libc_nano.a
LOAD C:/ST/STM32CubeCLT_1.22.0/GNU-tools-for-STM32/bin/../lib/gcc/arm-none-eabi/14.3.1/../../../../arm-none-eabi/lib/thumb/v7e-m+fp/hard\libnosys.a
END GROUP
START GROUP
LOAD C:/ST/STM32CubeCLT_1.22.0/GNU-tools-for-STM32/bin/../lib/gcc/arm-none-eabi/14.3.1/thumb/v7e-m+fp/hard\libgcc.a
LOAD C:/ST/STM32CubeCLT_1.22.0/GNU-tools-for-STM32/bin/../lib/gcc/arm-none-eabi/14.3.1/../../../../arm-none-eabi/lib/thumb/v7e-m+fp/hard\libc_nano.a
LOAD C:/ST/STM32CubeCLT_1.22.0/GNU-tools-for-STM32/bin/../lib/gcc/arm-none-eabi/14.3.1/../../../../arm-none-eabi/lib/thumb/v7e-m+fp/hard\libnosys.a
END GROUP
LOAD C:/ST/STM32CubeCLT_1.22.0/GNU-tools-for-STM32/bin/../lib/gcc/arm-none-eabi/14.3.1/thumb/v7e-m+fp/hard/crtend.o
LOAD C:/ST/STM32CubeCLT_1.22.0/GNU-tools-for-STM32/bin/../lib/gcc/arm-none-eabi/14.3.1/thumb/v7e-m+fp/hard/crtn.o
                0x20020000                        _estack = (ORIGIN (RAM) + LENGTH (RAM))
                0x00000200                        _Min_Heap_Size = 0x200
                0x00000400                        _Min_Stack_Size = 0x400

.isr_vector     0x08000000      0x188
                0x08000000                        . = ALIGN (0x4)
 *(.isr_vector)
 .isr_vector    0x08000000      0x188 CMakeFiles/UART_Communication_Test.elf.dir/D_/Challenge_Cup/MainCode/Core/Startup/startup_stm32f407xx.s.obj
                0x08000000                g_pfnVectors
                0x08000188                        . = ALIGN (0x4)

.text           0x08000190     0x3190
                0x08000190                        . = ALIGN (0x4)
 *(.text)
 .text          0x08000190       0x40 C:/ST/STM32CubeCLT_1.22.0/GNU-tools-for-STM32/bin/../lib/gcc/arm-none-eabi/14.3.1/thumb/v7e-m+fp/hard/crtbegin.o
 .text          0x080001d0       0x30 C:/ST/STM32CubeCLT_1.22.0/GNU-tools-for-STM32/bin/../lib/gcc/arm-none-eabi/14.3.1/thumb/v7e-m+fp/hard\libgcc.a(_aeabi_uldivmod.o)
                0x080001d0                __aeabi_uldivmod
 .text          0x08000200      0x2f8 C:/ST/STM32CubeCLT_1.22.0/GNU-tools-for-STM32/bin/../lib/gcc/arm-none-eabi/14.3.1/thumb/v7e-m+fp/hard\libgcc.a(_udivmoddi4.o)
                0x08000200                __udivmoddi4
 .text          0x080004f8        0x4 C:/ST/STM32CubeCLT_1.22.0/GNU-tools-for-STM32/bin/../lib/gcc/arm-none-eabi/14.3.1/thumb/v7e-m+fp/hard\libgcc.a(_dvmd_tls.o)
                0x080004f8                __aeabi_idiv0
                0x080004f8                __aeabi_ldiv0
 *fill*         0x080004fc        0x4 
 .text          0x08000500       0xa0 C:/ST/STM32CubeCLT_1.22.0/GNU-tools-for-STM32/bin/../lib/gcc/arm-none-eabi/14.3.1/../../../../arm-none-eabi/lib/thumb/v7e-m+fp/hard\libc_nano.a(libc_a-memchr.o)
                0x08000500                memchr
 *(.text*)
 .text.Reset_Handler
                0x080005a0       0x50 CMakeFiles/UART_Communication_Test.elf.dir/D_/Challenge_Cup/MainCode/Core/Startup/startup_stm32f407xx.s.obj
                0x080005a0                Reset_Handler
 .text.Default_Handler
                0x080005f0        0x2 CMakeFiles/UART_Communication_Test.elf.dir/D_/Challenge_Cup/MainCode/Core/Startup/startup_stm32f407xx.s.obj
                0x080005f0                RTC_Alarm_IRQHandler
                0x080005f0                HASH_RNG_IRQHandler
                0x080005f0                EXTI2_IRQHandler
                0x080005f0                TIM8_CC_IRQHandler
                0x080005f0                TIM1_CC_IRQHandler
                0x080005f0                DMA2_Stream5_IRQHandler
                0x080005f0                DMA1_Stream5_IRQHandler
                0x080005f0                PVD_IRQHandler
                0x080005f0                SDIO_IRQHandler
                0x080005f0                TAMP_STAMP_IRQHandler
                0x080005f0                CAN2_RX1_IRQHandler
                0x080005f0                EXTI3_IRQHandler
                0x080005f0                TIM8_TRG_COM_TIM14_IRQHandler
                0x080005f0                TIM1_UP_TIM10_IRQHandler
                0x080005f0                TIM8_UP_TIM13_IRQHandler
                0x080005f0                I2C3_ER_IRQHandler
                0x080005f0                EXTI0_IRQHandler
                0x080005f0                I2C2_EV_IRQHandler
                0x080005f0                DMA1_Stream2_IRQHandler
                0x080005f0                FPU_IRQHandler
                0x080005f0                OTG_HS_WKUP_IRQHandler
                0x080005f0                DMA2_Stream2_IRQHandler
                0x080005f0                SPI1_IRQHandler
                0x080005f0                TIM6_DAC_IRQHandler
                0x080005f0                TIM1_BRK_TIM9_IRQHandler
                0x080005f0                DCMI_IRQHandler
                0x080005f0                DMA2_Stream3_IRQHandler
                0x080005f0                USART3_IRQHandler
                0x080005f0                CAN1_RX1_IRQHandler
                0x080005f0                UART5_IRQHandler
                0x080005f0                DMA2_Stream0_IRQHandler
                0x080005f0                TIM4_IRQHandler
                0x080005f0                I2C1_EV_IRQHandler
                0x080005f0                DMA1_Stream6_IRQHandler
                0x080005f0                DMA1_Stream1_IRQHandler
                0x080005f0                UART4_IRQHandler
                0x080005f0                TIM3_IRQHandler
                0x080005f0                RCC_IRQHandler
                0x080005f0                TIM8_BRK_TIM12_IRQHandler
                0x080005f0                Default_Handler
                0x080005f0                EXTI15_10_IRQHandler
                0x080005f0                ADC_IRQHandler
                0x080005f0                DMA1_Stream7_IRQHandler
                0x080005f0                TIM7_IRQHandler
                0x080005f0                CAN2_TX_IRQHandler
                0x080005f0                TIM5_IRQHandler
                0x080005f0                DMA2_Stream7_IRQHandler
                0x080005f0                I2C3_EV_IRQHandler
                0x080005f0                EXTI9_5_IRQHandler
                0x080005f0                RTC_WKUP_IRQHandler
                0x080005f0                ETH_WKUP_IRQHandler
                0x080005f0                SPI2_IRQHandler
                0x080005f0                OTG_HS_EP1_IN_IRQHandler
                0x080005f0                DMA1_Stream0_IRQHandler
                0x080005f0                CAN1_TX_IRQHandler
                0x080005f0                EXTI4_IRQHandler
                0x080005f0                FSMC_IRQHandler
                0x080005f0                ETH_IRQHandler
                0x080005f0                OTG_HS_EP1_OUT_IRQHandler
                0x080005f0                WWDG_IRQHandler
                0x080005f0                TIM2_IRQHandler
                0x080005f0                OTG_FS_WKUP_IRQHandler
                0x080005f0                TIM1_TRG_COM_TIM11_IRQHandler
                0x080005f0                OTG_HS_IRQHandler
                0x080005f0                EXTI1_IRQHandler
                0x080005f0                USART2_IRQHandler
                0x080005f0                I2C2_ER_IRQHandler
                0x080005f0                FLASH_IRQHandler
                0x080005f0                DMA2_Stream4_IRQHandler
                0x080005f0                USART1_IRQHandler
                0x080005f0                OTG_FS_IRQHandler
                0x080005f0                SPI3_IRQHandler
                0x080005f0                DMA1_Stream4_IRQHandler
                0x080005f0                I2C1_ER_IRQHandler
                0x080005f0                DMA2_Stream6_IRQHandler
                0x080005f0                DMA1_Stream3_IRQHandler
 *fill*         0x080005f2        0x2 
 .text.can_init
                0x080005f4       0x7c CMakeFiles/UART_Communication_Test.elf.dir/D_/Challenge_Cup/MainCode/Core/Src/board.c.obj
 .text.board_peripherals_init_selected.part.0
                0x08000670      0x160 CMakeFiles/UART_Communication_Test.elf.dir/D_/Challenge_Cup/MainCode/Core/Src/board.c.obj
 .text.board_peripherals_start_selected.part.0
                0x080007d0       0x58 CMakeFiles/UART_Communication_Test.elf.dir/D_/Challenge_Cup/MainCode/Core/Src/board.c.obj
 .text.HAL_MspInit
                0x08000828       0x3c CMakeFiles/UART_Communication_Test.elf.dir/D_/Challenge_Cup/MainCode/Core/Src/board.c.obj
                0x08000828                HAL_MspInit
 .text.board_peripherals_init_selected
                0x08000864        0xc CMakeFiles/UART_Communication_Test.elf.dir/D_/Challenge_Cup/MainCode/Core/Src/board.c.obj
                0x08000864                board_peripherals_init_selected
 .text.board_peripherals_start_selected
                0x08000870        0xc CMakeFiles/UART_Communication_Test.elf.dir/D_/Challenge_Cup/MainCode/Core/Src/board.c.obj
                0x08000870                board_peripherals_start_selected
 .text.board_led_set
                0x0800087c       0x28 CMakeFiles/UART_Communication_Test.elf.dir/D_/Challenge_Cup/MainCode/Core/Src/board.c.obj
                0x0800087c                board_led_set
 .text.board_led_toggle
                0x080008a4       0x24 CMakeFiles/UART_Communication_Test.elf.dir/D_/Challenge_Cup/MainCode/Core/Src/board.c.obj
                0x080008a4                board_led_toggle
 .text.board_force_uart_start_rx
                0x080008c8       0x2c CMakeFiles/UART_Communication_Test.elf.dir/D_/Challenge_Cup/MainCode/Core/Src/board.c.obj
                0x080008c8                board_force_uart_start_rx
 .text.board_force_uart_maintain_rx
                0x080008f4       0x3c CMakeFiles/UART_Communication_Test.elf.dir/D_/Challenge_Cup/MainCode/Core/Src/board.c.obj
                0x080008f4                board_force_uart_maintain_rx
 .text.board_force_uart_rx_index
                0x08000930       0x20 CMakeFiles/UART_Communication_Test.elf.dir/D_/Challenge_Cup/MainCode/Core/Src/board.c.obj
                0x08000930                board_force_uart_rx_index
 .text.board_force_uart_send
                0x08000950       0x44 CMakeFiles/UART_Communication_Test.elf.dir/D_/Challenge_Cup/MainCode/Core/Src/board.c.obj
                0x08000950                board_force_uart_send
 .text.HAL_CAN_MspInit
                0x08000994       0xfc CMakeFiles/UART_Communication_Test.elf.dir/D_/Challenge_Cup/MainCode/Core/Src/board.c.obj
                0x08000994                HAL_CAN_MspInit
 .text.HAL_UART_MspInit
                0x08000a90      0x13c CMakeFiles/UART_Communication_Test.elf.dir/D_/Challenge_Cup/MainCode/Core/Src/board.c.obj
                0x08000a90                HAL_UART_MspInit
 .text.HAL_CAN_RxFifo0MsgPendingCallback
                0x08000bcc       0x84 CMakeFiles/UART_Communication_Test.elf.dir/D_/Challenge_Cup/MainCode/Core/Src/board.c.obj
                0x08000bcc                HAL_CAN_RxFifo0MsgPendingCallback
 .text.HAL_CAN_ErrorCallback
                0x08000c50       0x24 CMakeFiles/UART_Communication_Test.elf.dir/D_/Challenge_Cup/MainCode/Core/Src/board.c.obj
                0x08000c50                HAL_CAN_ErrorCallback
 .text.HAL_UART_ErrorCallback
                0x08000c74       0x18 CMakeFiles/UART_Communication_Test.elf.dir/D_/Challenge_Cup/MainCode/Core/Src/board.c.obj
                0x08000c74                HAL_UART_ErrorCallback
 .text.NMI_Handler
                0x08000c8c        0x2 CMakeFiles/UART_Communication_Test.elf.dir/D_/Challenge_Cup/MainCode/Core/Src/stm32f4xx_it.c.obj
                0x08000c8c                NMI_Handler
 .text.HardFault_Handler
                0x08000c8e        0x2 CMakeFiles/UART_Communication_Test.elf.dir/D_/Challenge_Cup/MainCode/Core/Src/stm32f4xx_it.c.obj
                0x08000c8e                HardFault_Handler
 .text.MemManage_Handler
                0x08000c90        0x2 CMakeFiles/UART_Communication_Test.elf.dir/D_/Challenge_Cup/MainCode/Core/Src/stm32f4xx_it.c.obj
                0x08000c90                MemManage_Handler
 .text.BusFault_Handler
                0x08000c92        0x2 CMakeFiles/UART_Communication_Test.elf.dir/D_/Challenge_Cup/MainCode/Core/Src/stm32f4xx_it.c.obj
                0x08000c92                BusFault_Handler
 .text.UsageFault_Handler
                0x08000c94        0x2 CMakeFiles/UART_Communication_Test.elf.dir/D_/Challenge_Cup/MainCode/Core/Src/stm32f4xx_it.c.obj
                0x08000c94                UsageFault_Handler
 .text.SVC_Handler
                0x08000c96        0x2 CMakeFiles/UART_Communication_Test.elf.dir/D_/Challenge_Cup/MainCode/Core/Src/stm32f4xx_it.c.obj
                0x08000c96                SVC_Handler
 .text.DebugMon_Handler
                0x08000c98        0x2 CMakeFiles/UART_Communication_Test.elf.dir/D_/Challenge_Cup/MainCode/Core/Src/stm32f4xx_it.c.obj
                0x08000c98                DebugMon_Handler
 .text.PendSV_Handler
                0x08000c9a        0x2 CMakeFiles/UART_Communication_Test.elf.dir/D_/Challenge_Cup/MainCode/Core/Src/stm32f4xx_it.c.obj
                0x08000c9a                PendSV_Handler
 .text.SysTick_Handler
                0x08000c9c        0xe CMakeFiles/UART_Communication_Test.elf.dir/D_/Challenge_Cup/MainCode/Core/Src/stm32f4xx_it.c.obj
                0x08000c9c                SysTick_Handler
 *fill*         0x08000caa        0x2 
 .text.CAN1_RX0_IRQHandler
                0x08000cac        0xc CMakeFiles/UART_Communication_Test.elf.dir/D_/Challenge_Cup/MainCode/Core/Src/stm32f4xx_it.c.obj
                0x08000cac                CAN1_RX0_IRQHandler
 .text.CAN2_RX0_IRQHandler
                0x08000cb8        0xc CMakeFiles/UART_Communication_Test.elf.dir/D_/Challenge_Cup/MainCode/Core/Src/stm32f4xx_it.c.obj
                0x08000cb8                CAN2_RX0_IRQHandler
 .text.CAN1_SCE_IRQHandler
                0x08000cc4        0x4 CMakeFiles/UART_Communication_Test.elf.dir/D_/Challenge_Cup/MainCode/Core/Src/stm32f4xx_it.c.obj
                0x08000cc4                CAN1_SCE_IRQHandler
 .text.CAN2_SCE_IRQHandler
                0x08000cc8        0x4 CMakeFiles/UART_Communication_Test.elf.dir/D_/Challenge_Cup/MainCode/Core/Src/stm32f4xx_it.c.obj
                0x08000cc8                CAN2_SCE_IRQHandler
 .text.DMA2_Stream1_IRQHandler
                0x08000ccc        0xc CMakeFiles/UART_Communication_Test.elf.dir/D_/Challenge_Cup/MainCode/Core/Src/stm32f4xx_it.c.obj
                0x08000ccc                DMA2_Stream1_IRQHandler
 .text.USART6_IRQHandler
                0x08000cd8        0xc CMakeFiles/UART_Communication_Test.elf.dir/D_/Challenge_Cup/MainCode/Core/Src/stm32f4xx_it.c.obj
                0x08000cd8                USART6_IRQHandler
 .text._sbrk    0x08000ce4       0x3c CMakeFiles/UART_Communication_Test.elf.dir/D_/Challenge_Cup/MainCode/Core/Src/sysmem.c.obj
                0x08000ce4                _sbrk
 .text.SystemInit
                0x08000d20       0x14 CMakeFiles/UART_Communication_Test.elf.dir/D_/Challenge_Cup/MainCode/Core/Src/system_stm32f4xx.c.obj
                0x08000d20                SystemInit
 .text.standalone_heartbeat_poll
                0x08000d34       0x1c CMakeFiles/UART_Communication_Test.elf.dir/D_/Challenge_Cup/MainCode/Projects/ModuleTests/common/Src/standalone_runtime.c.obj
                0x08000d34                standalone_heartbeat_poll
 .text.standalone_set_fault
                0x08000d50        0x8 CMakeFiles/UART_Communication_Test.elf.dir/D_/Challenge_Cup/MainCode/Projects/ModuleTests/common/Src/standalone_runtime.c.obj
                0x08000d50                standalone_set_fault
 .text.Error_Handler
                0x08000d58        0xe CMakeFiles/UART_Communication_Test.elf.dir/D_/Challenge_Cup/MainCode/Projects/ModuleTests/common/Src/standalone_runtime.c.obj
                0x08000d58                Error_Handler
 *fill*         0x08000d66        0x2 
 .text.standalone_runtime_init
                0x08000d68       0xf0 CMakeFiles/UART_Communication_Test.elf.dir/D_/Challenge_Cup/MainCode/Projects/ModuleTests/common/Src/standalone_runtime.c.obj
                0x08000d68                standalone_runtime_init
 .text.app_bridge_on_can_frame
                0x08000e58        0x2 CMakeFiles/UART_Communication_Test.elf.dir/D_/Challenge_Cup/MainCode/Projects/ModuleTests/common/Src/standalone_hooks.c.obj
                0x08000e58                app_bridge_on_can_frame
 .text.app_bridge_on_can_error
                0x08000e5a        0x2 CMakeFiles/UART_Communication_Test.elf.dir/D_/Challenge_Cup/MainCode/Projects/ModuleTests/common/Src/standalone_hooks.c.obj
                0x08000e5a                app_bridge_on_can_error
 .text.udp_transport_queue_can_from_isr
                0x08000e5c        0x2 CMakeFiles/UART_Communication_Test.elf.dir/D_/Challenge_Cup/MainCode/Projects/ModuleTests/common/Src/standalone_hooks.c.obj
                0x08000e5c                udp_transport_queue_can_from_isr
 *fill*         0x08000e5e        0x2 
 .text.startup.main
                0x08000e60      0x18c CMakeFiles/UART_Communication_Test.elf.dir/Src/main.c.obj
                0x08000e60                main
 .text.HAL_InitTick
                0x08000fec       0x48 CMakeFiles/UART_Communication_Test.elf.dir/D_/Challenge_Cup/MainCode/Drivers/STM32F4xx_HAL_Driver/Src/stm32f4xx_hal.c.obj
                0x08000fec                HAL_InitTick
 .text.HAL_Init
                0x08001034       0x34 CMakeFiles/UART_Communication_Test.elf.dir/D_/Challenge_Cup/MainCode/Drivers/STM32F4xx_HAL_Driver/Src/stm32f4xx_hal.c.obj
                0x08001034                HAL_Init
 .text.HAL_IncTick
                0x08001068       0x18 CMakeFiles/UART_Communication_Test.elf.dir/D_/Challenge_Cup/MainCode/Drivers/STM32F4xx_HAL_Driver/Src/stm32f4xx_hal.c.obj
                0x08001068                HAL_IncTick
 .text.HAL_GetTick
                0x08001080        0xc CMakeFiles/UART_Communication_Test.elf.dir/D_/Challenge_Cup/MainCode/Drivers/STM32F4xx_HAL_Driver/Src/stm32f4xx_hal.c.obj
                0x08001080                HAL_GetTick
 .text.HAL_GetREVID
                0x0800108c        0xc CMakeFiles/UART_Communication_Test.elf.dir/D_/Challenge_Cup/MainCode/Drivers/STM32F4xx_HAL_Driver/Src/stm32f4xx_hal.c.obj
                0x0800108c                HAL_GetREVID
 .text.HAL_CAN_Init
                0x08001098       0xf6 CMakeFiles/UART_Communication_Test.elf.dir/D_/Challenge_Cup/MainCode/Drivers/STM32F4xx_HAL_Driver/Src/stm32f4xx_hal_can.c.obj
                0x08001098                HAL_CAN_Init
 *fill*         0x0800118e        0x2 
 .text.HAL_CAN_ConfigFilter
                0x08001190      0x10c CMakeFiles/UART_Communication_Test.elf.dir/D_/Challenge_Cup/MainCode/Drivers/STM32F4xx_HAL_Driver/Src/stm32f4xx_hal_can.c.obj
                0x08001190                HAL_CAN_ConfigFilter
 .text.HAL_CAN_Start
                0x0800129c       0x56 CMakeFiles/UART_Communication_Test.elf.dir/D_/Challenge_Cup/MainCode/Drivers/STM32F4xx_HAL_Driver/Src/stm32f4xx_hal_can.c.obj
                0x0800129c                HAL_CAN_Start
 .text.HAL_CAN_GetRxMessage
                0x080012f2       0xf8 CMakeFiles/UART_Communication_Test.elf.dir/D_/Challenge_Cup/MainCode/Drivers/STM32F4xx_HAL_Driver/Src/stm32f4xx_hal_can.c.obj
                0x080012f2                HAL_CAN_GetRxMessage
 .text.HAL_CAN_GetRxFifoFillLevel
                0x080013ea       0x1e CMakeFiles/UART_Communication_Test.elf.dir/D_/Challenge_Cup/MainCode/Drivers/STM32F4xx_HAL_Driver/Src/stm32f4xx_hal_can.c.obj
                0x080013ea                HAL_CAN_GetRxFifoFillLevel
 .text.HAL_CAN_ActivateNotification
                0x08001408       0x22 CMakeFiles/UART_Communication_Test.elf.dir/D_/Challenge_Cup/MainCode/Drivers/STM32F4xx_HAL_Driver/Src/stm32f4xx_hal_can.c.obj
                0x08001408                HAL_CAN_ActivateNotification
 .text.HAL_CAN_TxMailbox0CompleteCallback
                0x0800142a        0x2 CMakeFiles/UART_Communication_Test.elf.dir/D_/Challenge_Cup/MainCode/Drivers/STM32F4xx_HAL_Driver/Src/stm32f4xx_hal_can.c.obj
                0x0800142a                HAL_CAN_TxMailbox0CompleteCallback
 .text.HAL_CAN_TxMailbox1CompleteCallback
                0x0800142c        0x2 CMakeFiles/UART_Communication_Test.elf.dir/D_/Challenge_Cup/MainCode/Drivers/STM32F4xx_HAL_Driver/Src/stm32f4xx_hal_can.c.obj
                0x0800142c                HAL_CAN_TxMailbox1CompleteCallback
 .text.HAL_CAN_TxMailbox2CompleteCallback
                0x0800142e        0x2 CMakeFiles/UART_Communication_Test.elf.dir/D_/Challenge_Cup/MainCode/Drivers/STM32F4xx_HAL_Driver/Src/stm32f4xx_hal_can.c.obj
                0x0800142e                HAL_CAN_TxMailbox2CompleteCallback
 .text.HAL_CAN_TxMailbox0AbortCallback
                0x08001430        0x2 CMakeFiles/UART_Communication_Test.elf.dir/D_/Challenge_Cup/MainCode/Drivers/STM32F4xx_HAL_Driver/Src/stm32f4xx_hal_can.c.obj
                0x08001430                HAL_CAN_TxMailbox0AbortCallback
 .text.HAL_CAN_TxMailbox1AbortCallback
                0x08001432        0x2 CMakeFiles/UART_Communication_Test.elf.dir/D_/Challenge_Cup/MainCode/Drivers/STM32F4xx_HAL_Driver/Src/stm32f4xx_hal_can.c.obj
                0x08001432                HAL_CAN_TxMailbox1AbortCallback
 .text.HAL_CAN_TxMailbox2AbortCallback
                0x08001434        0x2 CMakeFiles/UART_Communication_Test.elf.dir/D_/Challenge_Cup/MainCode/Drivers/STM32F4xx_HAL_Driver/Src/stm32f4xx_hal_can.c.obj
                0x08001434                HAL_CAN_TxMailbox2AbortCallback
 .text.HAL_CAN_RxFifo0FullCallback
                0x08001436        0x2 CMakeFiles/UART_Communication_Test.elf.dir/D_/Challenge_Cup/MainCode/Drivers/STM32F4xx_HAL_Driver/Src/stm32f4xx_hal_can.c.obj
                0x08001436                HAL_CAN_RxFifo0FullCallback
 .text.HAL_CAN_RxFifo1MsgPendingCallback
                0x08001438        0x2 CMakeFiles/UART_Communication_Test.elf.dir/D_/Challenge_Cup/MainCode/Drivers/STM32F4xx_HAL_Driver/Src/stm32f4xx_hal_can.c.obj
                0x08001438                HAL_CAN_RxFifo1MsgPendingCallback
 .text.HAL_CAN_RxFifo1FullCallback
                0x0800143a        0x2 CMakeFiles/UART_Communication_Test.elf.dir/D_/Challenge_Cup/MainCode/Drivers/STM32F4xx_HAL_Driver/Src/stm32f4xx_hal_can.c.obj
                0x0800143a                HAL_CAN_RxFifo1FullCallback
 .text.HAL_CAN_SleepCallback
                0x0800143c        0x2 CMakeFiles/UART_Communication_Test.elf.dir/D_/Challenge_Cup/MainCode/Drivers/STM32F4xx_HAL_Driver/Src/stm32f4xx_hal_can.c.obj
                0x0800143c                HAL_CAN_SleepCallback
 .text.HAL_CAN_WakeUpFromRxMsgCallback
                0x0800143e        0x2 CMakeFiles/UART_Communication_Test.elf.dir/D_/Challenge_Cup/MainCode/Drivers/STM32F4xx_HAL_Driver/Src/stm32f4xx_hal_can.c.obj
                0x0800143e                HAL_CAN_WakeUpFromRxMsgCallback
 .text.HAL_CAN_IRQHandler
                0x08001440      0x208 CMakeFiles/UART_Communication_Test.elf.dir/D_/Challenge_Cup/MainCode/Drivers/STM32F4xx_HAL_Driver/Src/stm32f4xx_hal_can.c.obj
                0x08001440                HAL_CAN_IRQHandler
 .text.HAL_CAN_GetError
                0x08001648        0x4 CMakeFiles/UART_Communication_Test.elf.dir/D_/Challenge_Cup/MainCode/Drivers/STM32F4xx_HAL_Driver/Src/stm32f4xx_hal_can.c.obj
                0x08001648                HAL_CAN_GetError
 .text.HAL_NVIC_SetPriorityGrouping
                0x0800164c       0x24 CMakeFiles/UART_Communication_Test.elf.dir/D_/Challenge_Cup/MainCode/Drivers/STM32F4xx_HAL_Driver/Src/stm32f4xx_hal_cortex.c.obj
                0x0800164c                HAL_NVIC_SetPriorityGrouping
 .text.HAL_NVIC_SetPriority
                0x08001670       0x64 CMakeFiles/UART_Communication_Test.elf.dir/D_/Challenge_Cup/MainCode/Drivers/STM32F4xx_HAL_Driver/Src/stm32f4xx_hal_cortex.c.obj
                0x08001670                HAL_NVIC_SetPriority
 .text.HAL_NVIC_EnableIRQ
                0x080016d4       0x1c CMakeFiles/UART_Communication_Test.elf.dir/D_/Challenge_Cup/MainCode/Drivers/STM32F4xx_HAL_Driver/Src/stm32f4xx_hal_cortex.c.obj
                0x080016d4                HAL_NVIC_EnableIRQ
 .text.HAL_SYSTICK_Config
                0x080016f0       0x28 CMakeFiles/UART_Communication_Test.elf.dir/D_/Challenge_Cup/MainCode/Drivers/STM32F4xx_HAL_Driver/Src/stm32f4xx_hal_cortex.c.obj
                0x080016f0                HAL_SYSTICK_Config
 .text.HAL_SYSTICK_Callback
                0x08001718        0x2 CMakeFiles/UART_Communication_Test.elf.dir/D_/Challenge_Cup/MainCode/Drivers/STM32F4xx_HAL_Driver/Src/stm32f4xx_hal_cortex.c.obj
                0x08001718                HAL_SYSTICK_Callback
 .text.HAL_SYSTICK_IRQHandler
                0x0800171a        0x8 CMakeFiles/UART_Communication_Test.elf.dir/D_/Challenge_Cup/MainCode/Drivers/STM32F4xx_HAL_Driver/Src/stm32f4xx_hal_cortex.c.obj
                0x0800171a                HAL_SYSTICK_IRQHandler
 *fill*         0x08001722        0x2 
 .text.DMA_CalcBaseAndBitshift
                0x08001724       0x2c CMakeFiles/UART_Communication_Test.elf.dir/D_/Challenge_Cup/MainCode/Drivers/STM32F4xx_HAL_Driver/Src/stm32f4xx_hal_dma.c.obj
 .text.HAL_DMA_Init
                0x08001750       0xfc CMakeFiles/UART_Communication_Test.elf.dir/D_/Challenge_Cup/MainCode/Drivers/STM32F4xx_HAL_Driver/Src/stm32f4xx_hal_dma.c.obj
                0x08001750                HAL_DMA_Init
 .text.HAL_DMA_Start_IT
                0x0800184c       0x72 CMakeFiles/UART_Communication_Test.elf.dir/D_/Challenge_Cup/MainCode/Drivers/STM32F4xx_HAL_Driver/Src/stm32f4xx_hal_dma.c.obj
                0x0800184c                HAL_DMA_Start_IT
 .text.HAL_DMA_Abort
                0x080018be       0x7c CMakeFiles/UART_Communication_Test.elf.dir/D_/Challenge_Cup/MainCode/Drivers/STM32F4xx_HAL_Driver/Src/stm32f4xx_hal_dma.c.obj
                0x080018be                HAL_DMA_Abort
 .text.HAL_DMA_Abort_IT
                0x0800193a       0x24 CMakeFiles/UART_Communication_Test.elf.dir/D_/Challenge_Cup/MainCode/Drivers/STM32F4xx_HAL_Driver/Src/stm32f4xx_hal_dma.c.obj
                0x0800193a                HAL_DMA_Abort_IT
 *fill*         0x0800195e        0x2 
 .text.HAL_DMA_IRQHandler
                0x08001960      0x17c CMakeFiles/UART_Communication_Test.elf.dir/D_/Challenge_Cup/MainCode/Drivers/STM32F4xx_HAL_Driver/Src/stm32f4xx_hal_dma.c.obj
                0x08001960                HAL_DMA_IRQHandler
 .text.HAL_GPIO_Init
                0x08001adc      0x1b0 CMakeFiles/UART_Communication_Test.elf.dir/D_/Challenge_Cup/MainCode/Drivers/STM32F4xx_HAL_Driver/Src/stm32f4xx_hal_gpio.c.obj
                0x08001adc                HAL_GPIO_Init
 .text.HAL_GPIO_WritePin
                0x08001c8c        0xa CMakeFiles/UART_Communication_Test.elf.dir/D_/Challenge_Cup/MainCode/Drivers/STM32F4xx_HAL_Driver/Src/stm32f4xx_hal_gpio.c.obj
                0x08001c8c                HAL_GPIO_WritePin
 .text.HAL_GPIO_TogglePin
                0x08001c96       0x12 CMakeFiles/UART_Communication_Test.elf.dir/D_/Challenge_Cup/MainCode/Drivers/STM32F4xx_HAL_Driver/Src/stm32f4xx_hal_gpio.c.obj
                0x08001c96                HAL_GPIO_TogglePin
 .text.HAL_RCC_OscConfig
                0x08001ca8      0x35c CMakeFiles/UART_Communication_Test.elf.dir/D_/Challenge_Cup/MainCode/Drivers/STM32F4xx_HAL_Driver/Src/stm32f4xx_hal_rcc.c.obj
                0x08001ca8                HAL_RCC_OscConfig
 .text.HAL_RCC_GetSysClockFreq
                0x08002004       0x5c CMakeFiles/UART_Communication_Test.elf.dir/D_/Challenge_Cup/MainCode/Drivers/STM32F4xx_HAL_Driver/Src/stm32f4xx_hal_rcc.c.obj
                0x08002004                HAL_RCC_GetSysClockFreq
 .text.HAL_RCC_ClockConfig
                0x08002060      0x134 CMakeFiles/UART_Communication_Test.elf.dir/D_/Challenge_Cup/MainCode/Drivers/STM32F4xx_HAL_Driver/Src/stm32f4xx_hal_rcc.c.obj
                0x08002060                HAL_RCC_ClockConfig
 .text.HAL_RCC_GetPCLK1Freq
                0x08002194       0x20 CMakeFiles/UART_Communication_Test.elf.dir/D_/Challenge_Cup/MainCode/Drivers/STM32F4xx_HAL_Driver/Src/stm32f4xx_hal_rcc.c.obj
                0x08002194                HAL_RCC_GetPCLK1Freq
 .text.HAL_RCC_GetPCLK2Freq
                0x080021b4       0x20 CMakeFiles/UART_Communication_Test.elf.dir/D_/Challenge_Cup/MainCode/Drivers/STM32F4xx_HAL_Driver/Src/stm32f4xx_hal_rcc.c.obj
                0x080021b4                HAL_RCC_GetPCLK2Freq
 .text.UART_EndRxTransfer
                0x080021d4       0x5c CMakeFiles/UART_Communication_Test.elf.dir/D_/Challenge_Cup/MainCode/Drivers/STM32F4xx_HAL_Driver/Src/stm32f4xx_hal_uart.c.obj
 .text.UART_SetConfig
                0x08002230       0xbc CMakeFiles/UART_Communication_Test.elf.dir/D_/Challenge_Cup/MainCode/Drivers/STM32F4xx_HAL_Driver/Src/stm32f4xx_hal_uart.c.obj
 .text.UART_WaitOnFlagUntilTimeout.constprop.0
                0x080022ec       0x64 CMakeFiles/UART_Communication_Test.elf.dir/D_/Challenge_Cup/MainCode/Drivers/STM32F4xx_HAL_Driver/Src/stm32f4xx_hal_uart.c.obj
 .text.HAL_UART_Init
                0x08002350       0x5e CMakeFiles/UART_Communication_Test.elf.dir/D_/Challenge_Cup/MainCode/Drivers/STM32F4xx_HAL_Driver/Src/stm32f4xx_hal_uart.c.obj
                0x08002350                HAL_UART_Init
 .text.HAL_UART_Transmit
                0x080023ae       0x9c CMakeFiles/UART_Communication_Test.elf.dir/D_/Challenge_Cup/MainCode/Drivers/STM32F4xx_HAL_Driver/Src/stm32f4xx_hal_uart.c.obj
                0x080023ae                HAL_UART_Transmit
 .text.HAL_UART_TxCpltCallback
                0x0800244a        0x2 CMakeFiles/UART_Communication_Test.elf.dir/D_/Challenge_Cup/MainCode/Drivers/STM32F4xx_HAL_Driver/Src/stm32f4xx_hal_uart.c.obj
                0x0800244a                HAL_UART_TxCpltCallback
 .text.HAL_UART_RxCpltCallback
                0x0800244c        0x2 CMakeFiles/UART_Communication_Test.elf.dir/D_/Challenge_Cup/MainCode/Drivers/STM32F4xx_HAL_Driver/Src/stm32f4xx_hal_uart.c.obj
                0x0800244c                HAL_UART_RxCpltCallback
 .text.HAL_UART_RxHalfCpltCallback
                0x0800244e        0x2 CMakeFiles/UART_Communication_Test.elf.dir/D_/Challenge_Cup/MainCode/Drivers/STM32F4xx_HAL_Driver/Src/stm32f4xx_hal_uart.c.obj
                0x0800244e                HAL_UART_RxHalfCpltCallback
 .text.UART_DMAError
                0x08002450       0x5a CMakeFiles/UART_Communication_Test.elf.dir/D_/Challenge_Cup/MainCode/Drivers/STM32F4xx_HAL_Driver/Src/stm32f4xx_hal_uart.c.obj
 .text.UART_DMAAbortOnError
                0x080024aa        0xe CMakeFiles/UART_Communication_Test.elf.dir/D_/Challenge_Cup/MainCode/Drivers/STM32F4xx_HAL_Driver/Src/stm32f4xx_hal_uart.c.obj
 .text.HAL_UARTEx_RxEventCallback
                0x080024b8        0x2 CMakeFiles/UART_Communication_Test.elf.dir/D_/Challenge_Cup/MainCode/Drivers/STM32F4xx_HAL_Driver/Src/stm32f4xx_hal_uart.c.obj
                0x080024b8                HAL_UARTEx_RxEventCallback
 .text.UART_DMARxHalfCplt
                0x080024ba       0x1e CMakeFiles/UART_Communication_Test.elf.dir/D_/Challenge_Cup/MainCode/Drivers/STM32F4xx_HAL_Driver/Src/stm32f4xx_hal_uart.c.obj
 .text.UART_DMAReceiveCplt
                0x080024d8       0x98 CMakeFiles/UART_Communication_Test.elf.dir/D_/Challenge_Cup/MainCode/Drivers/STM32F4xx_HAL_Driver/Src/stm32f4xx_hal_uart.c.obj
 .text.UART_Receive_IT.isra.0
                0x08002570       0xb4 CMakeFiles/UART_Communication_Test.elf.dir/D_/Challenge_Cup/MainCode/Drivers/STM32F4xx_HAL_Driver/Src/stm32f4xx_hal_uart.c.obj
 .text.HAL_UART_IRQHandler
                0x08002624      0x2a0 CMakeFiles/UART_Communication_Test.elf.dir/D_/Challenge_Cup/MainCode/Drivers/STM32F4xx_HAL_Driver/Src/stm32f4xx_hal_uart.c.obj
                0x08002624                HAL_UART_IRQHandler
 .text.UART_Start_Receive_DMA
                0x080028c4       0xa8 CMakeFiles/UART_Communication_Test.elf.dir/D_/Challenge_Cup/MainCode/Drivers/STM32F4xx_HAL_Driver/Src/stm32f4xx_hal_uart.c.obj
                0x080028c4                UART_Start_Receive_DMA
 .text.HAL_UART_Receive_DMA
                0x0800296c       0x22 CMakeFiles/UART_Communication_Test.elf.dir/D_/Challenge_Cup/MainCode/Drivers/STM32F4xx_HAL_Driver/Src/stm32f4xx_hal_uart.c.obj
                0x0800296c                HAL_UART_Receive_DMA
 *fill*         0x0800298e        0x2 
 .text.snprintf
                0x08002990       0x6c C:/ST/STM32CubeCLT_1.22.0/GNU-tools-for-STM32/bin/../lib/gcc/arm-none-eabi/14.3.1/../../../../arm-none-eabi/lib/thumb/v7e-m+fp/hard\libc_nano.a(libc_a-snprintf.o)
                0x08002990                sniprintf
                0x08002990                snprintf
 .text.memset   0x080029fc       0x10 C:/ST/STM32CubeCLT_1.22.0/GNU-tools-for-STM32/bin/../lib/gcc/arm-none-eabi/14.3.1/../../../../arm-none-eabi/lib/thumb/v7e-m+fp/hard\libc_nano.a(libc_a-memset.o)
                0x080029fc                memset
 .text.__errno  0x08002a0c        0xc C:/ST/STM32CubeCLT_1.22.0/GNU-tools-for-STM32/bin/../lib/gcc/arm-none-eabi/14.3.1/../../../../arm-none-eabi/lib/thumb/v7e-m+fp/hard\libc_nano.a(libc_a-errno.o)
                0x08002a0c                __errno
 .text.__libc_init_array
                0x08002a18       0x48 C:/ST/STM32CubeCLT_1.22.0/GNU-tools-for-STM32/bin/../lib/gcc/arm-none-eabi/14.3.1/../../../../arm-none-eabi/lib/thumb/v7e-m+fp/hard\libc_nano.a(libc_a-init.o)
                0x08002a18                __libc_init_array
 .text.__retarget_lock_acquire_recursive
                0x08002a60        0x2 C:/ST/STM32CubeCLT_1.22.0/GNU-tools-for-STM32/bin/../lib/gcc/arm-none-eabi/14.3.1/../../../../arm-none-eabi/lib/thumb/v7e-m+fp/hard\libc_nano.a(libc_a-lock.o)
                0x08002a60                __retarget_lock_acquire_recursive
 .text.__retarget_lock_release_recursive
                0x08002a62        0x2 C:/ST/STM32CubeCLT_1.22.0/GNU-tools-for-STM32/bin/../lib/gcc/arm-none-eabi/14.3.1/../../../../arm-none-eabi/lib/thumb/v7e-m+fp/hard\libc_nano.a(libc_a-lock.o)
                0x08002a62                __retarget_lock_release_recursive
 .text._free_r  0x08002a64       0x94 C:/ST/STM32CubeCLT_1.22.0/GNU-tools-for-STM32/bin/../lib/gcc/arm-none-eabi/14.3.1/../../../../arm-none-eabi/lib/thumb/v7e-m+fp/hard\libc_nano.a(libc_a-freer.o)
                0x08002a64                _free_r
 .text.sbrk_aligned
                0x08002af8       0x44 C:/ST/STM32CubeCLT_1.22.0/GNU-tools-for-STM32/bin/../lib/gcc/arm-none-eabi/14.3.1/../../../../arm-none-eabi/lib/thumb/v7e-m+fp/hard\libc_nano.a(libc_a-mallocr.o)
 .text._malloc_r
                0x08002b3c      0x100 C:/ST/STM32CubeCLT_1.22.0/GNU-tools-for-STM32/bin/../lib/gcc/arm-none-eabi/14.3.1/../../../../arm-none-eabi/lib/thumb/v7e-m+fp/hard\libc_nano.a(libc_a-mallocr.o)
                0x08002b3c                _malloc_r
 .text.__malloc_lock
                0x08002c3c        0xc C:/ST/STM32CubeCLT_1.22.0/GNU-tools-for-STM32/bin/../lib/gcc/arm-none-eabi/14.3.1/../../../../arm-none-eabi/lib/thumb/v7e-m+fp/hard\libc_nano.a(libc_a-mlock.o)
                0x08002c3c                __malloc_lock
 .text.__malloc_unlock
                0x08002c48        0xc C:/ST/STM32CubeCLT_1.22.0/GNU-tools-for-STM32/bin/../lib/gcc/arm-none-eabi/14.3.1/../../../../arm-none-eabi/lib/thumb/v7e-m+fp/hard\libc_nano.a(libc_a-mlock.o)
                0x08002c48                __malloc_unlock
 .text.__ssputs_r
                0x08002c54       0xc0 C:/ST/STM32CubeCLT_1.22.0/GNU-tools-for-STM32/bin/../lib/gcc/arm-none-eabi/14.3.1/../../../../arm-none-eabi/lib/thumb/v7e-m+fp/hard\libc_nano.a(libc_a-nano-svfprintf.o)
                0x08002c54                __ssputs_r
 .text._svfprintf_r
                0x08002d14      0x1f0 C:/ST/STM32CubeCLT_1.22.0/GNU-tools-for-STM32/bin/../lib/gcc/arm-none-eabi/14.3.1/../../../../arm-none-eabi/lib/thumb/v7e-m+fp/hard\libc_nano.a(libc_a-nano-svfprintf.o)
                0x08002d14                _svfiprintf_r
                0x08002d14                _svfprintf_r
 .text._printf_common
                0x08002f04       0xda C:/ST/STM32CubeCLT_1.22.0/GNU-tools-for-STM32/bin/../lib/gcc/arm-none-eabi/14.3.1/../../../../arm-none-eabi/lib/thumb/v7e-m+fp/hard\libc_nano.a(libc_a-nano-vfprintf_i.o)
                0x08002f04                _printf_common
 *fill*         0x08002fde        0x2 
 .text._printf_i
                0x08002fe0      0x24c C:/ST/STM32CubeCLT_1.22.0/GNU-tools-for-STM32/bin/../lib/gcc/arm-none-eabi/14.3.1/../../../../arm-none-eabi/lib/thumb/v7e-m+fp/hard\libc_nano.a(libc_a-nano-vfprintf_i.o)
                0x08002fe0                _printf_i
 .text.memmove  0x0800322c       0x32 C:/ST/STM32CubeCLT_1.22.0/GNU-tools-for-STM32/bin/../lib/gcc/arm-none-eabi/14.3.1/../../../../arm-none-eabi/lib/thumb/v7e-m+fp/hard\libc_nano.a(libc_a-memmove.o)
                0x0800322c                memmove
 *fill*         0x0800325e        0x2 
 .text._sbrk_r  0x08003260       0x20 C:/ST/STM32CubeCLT_1.22.0/GNU-tools-for-STM32/bin/../lib/gcc/arm-none-eabi/14.3.1/../../../../arm-none-eabi/lib/thumb/v7e-m+fp/hard\libc_nano.a(libc_a-sbrkr.o)
                0x08003260                _sbrk_r
 .text.memcpy   0x08003280       0x1c C:/ST/STM32CubeCLT_1.22.0/GNU-tools-for-STM32/bin/../lib/gcc/arm-none-eabi/14.3.1/../../../../arm-none-eabi/lib/thumb/v7e-m+fp/hard\libc_nano.a(libc_a-memcpy-stub.o)
                0x08003280                memcpy
 .text._realloc_r
                0x0800329c       0x5c C:/ST/STM32CubeCLT_1.22.0/GNU-tools-for-STM32/bin/../lib/gcc/arm-none-eabi/14.3.1/../../../../arm-none-eabi/lib/thumb/v7e-m+fp/hard\libc_nano.a(libc_a-reallocr.o)
                0x0800329c                _realloc_r
 .text._malloc_usable_size_r
                0x080032f8       0x10 C:/ST/STM32CubeCLT_1.22.0/GNU-tools-for-STM32/bin/../lib/gcc/arm-none-eabi/14.3.1/../../../../arm-none-eabi/lib/thumb/v7e-m+fp/hard\libc_nano.a(libc_a-msizer.o)
                0x080032f8                _malloc_usable_size_r
 *(.glue_7)
 .glue_7        0x08003308        0x0 linker stubs
 *(.glue_7t)
 .glue_7t       0x08003308        0x0 linker stubs
 *(.eh_frame)
 .eh_frame      0x08003308        0x0 C:/ST/STM32CubeCLT_1.22.0/GNU-tools-for-STM32/bin/../lib/gcc/arm-none-eabi/14.3.1/thumb/v7e-m+fp/hard/crtbegin.o
 *(.init)
 .init          0x08003308        0x4 C:/ST/STM32CubeCLT_1.22.0/GNU-tools-for-STM32/bin/../lib/gcc/arm-none-eabi/14.3.1/thumb/v7e-m+fp/hard/crti.o
                0x08003308                _init
 .init          0x0800330c        0x8 C:/ST/STM32CubeCLT_1.22.0/GNU-tools-for-STM32/bin/../lib/gcc/arm-none-eabi/14.3.1/thumb/v7e-m+fp/hard/crtn.o
 *(.fini)
 .fini          0x08003314        0x4 C:/ST/STM32CubeCLT_1.22.0/GNU-tools-for-STM32/bin/../lib/gcc/arm-none-eabi/14.3.1/thumb/v7e-m+fp/hard/crti.o
                0x08003314                _fini
 .fini          0x08003318        0x8 C:/ST/STM32CubeCLT_1.22.0/GNU-tools-for-STM32/bin/../lib/gcc/arm-none-eabi/14.3.1/thumb/v7e-m+fp/hard/crtn.o
                0x08003320                        . = ALIGN (0x4)
                0x08003320                        _etext = .

.vfp11_veneer   0x08003320        0x0
 .vfp11_veneer  0x08003320        0x0 linker stubs

.v4_bx          0x08003320        0x0
 .v4_bx         0x08003320        0x0 linker stubs

.iplt           0x08003320        0x0
 .iplt          0x08003320        0x0 C:/ST/STM32CubeCLT_1.22.0/GNU-tools-for-STM32/bin/../lib/gcc/arm-none-eabi/14.3.1/thumb/v7e-m+fp/hard/crtbegin.o

.rodata         0x08003320       0x64
                0x08003320                        . = ALIGN (0x4)
 *(.rodata)
 *(.rodata*)
 .rodata.APBPrescTable
                0x08003320        0x8 CMakeFiles/UART_Communication_Test.elf.dir/D_/Challenge_Cup/MainCode/Core/Src/system_stm32f4xx.c.obj
                0x08003320                APBPrescTable
 .rodata.AHBPrescTable
                0x08003328       0x10 CMakeFiles/UART_Communication_Test.elf.dir/D_/Challenge_Cup/MainCode/Core/Src/system_stm32f4xx.c.obj
                0x08003328                AHBPrescTable
 .rodata.main.str1.1
                0x08003338       0x43 CMakeFiles/UART_Communication_Test.elf.dir/Src/main.c.obj
                                 0x10 (size before relaxing)
 .rodata.flagBitshiftOffset.0
                0x0800337b        0x8 CMakeFiles/UART_Communication_Test.elf.dir/D_/Challenge_Cup/MainCode/Drivers/STM32F4xx_HAL_Driver/Src/stm32f4xx_hal_dma.c.obj
 .rodata._svfprintf_r.str1.1
                0x08003383       0x11 C:/ST/STM32CubeCLT_1.22.0/GNU-tools-for-STM32/bin/../lib/gcc/arm-none-eabi/14.3.1/../../../../arm-none-eabi/lib/thumb/v7e-m+fp/hard\libc_nano.a(libc_a-nano-svfprintf.o)
 .rodata._printf_i.str1.1
                0x08003383       0x22 C:/ST/STM32CubeCLT_1.22.0/GNU-tools-for-STM32/bin/../lib/gcc/arm-none-eabi/14.3.1/../../../../arm-none-eabi/lib/thumb/v7e-m+fp/hard\libc_nano.a(libc_a-nano-vfprintf_i.o)
                0x080033a8                        . = ALIGN (0x4)
 *fill*         0x08003383        0x1 

.ARM.extab      0x08003384        0x0
                0x08003384                        . = ALIGN (0x4)
 *(.ARM.extab* .gnu.linkonce.armextab.*)
                0x08003384                        . = ALIGN (0x4)

.ARM            0x08003384        0x8
                0x08003384                        . = ALIGN (0x4)
                0x08003384                        __exidx_start = .
 *(.ARM.exidx*)
 .ARM.exidx     0x08003384        0x8 C:/ST/STM32CubeCLT_1.22.0/GNU-tools-for-STM32/bin/../lib/gcc/arm-none-eabi/14.3.1/thumb/v7e-m+fp/hard\libgcc.a(_udivmoddi4.o)
 .ARM.exidx     0x0800338c        0x0 C:/ST/STM32CubeCLT_1.22.0/GNU-tools-for-STM32/bin/../lib/gcc/arm-none-eabi/14.3.1/../../../../arm-none-eabi/lib/thumb/v7e-m+fp/hard\libc_nano.a(libc_a-memchr.o)
                                  0x8 (size before relaxing)
                0x0800338c                        __exidx_end = .
                0x0800338c                        . = ALIGN (0x4)

.preinit_array  0x0800338c        0x0
                0x0800338c                        . = ALIGN (0x4)
                0x0800338c                        PROVIDE (__preinit_array_start = .)
 *(.preinit_array*)
                0x0800338c                        PROVIDE (__preinit_array_end = .)
                0x0800338c                        . = ALIGN (0x4)

.init_array     0x0800338c        0x4
                0x0800338c                        . = ALIGN (0x4)
                0x0800338c                        PROVIDE (__init_array_start = .)
 *(SORT_BY_NAME(.init_array.*))
 *(.init_array*)
 .init_array    0x0800338c        0x4 C:/ST/STM32CubeCLT_1.22.0/GNU-tools-for-STM32/bin/../lib/gcc/arm-none-eabi/14.3.1/thumb/v7e-m+fp/hard/crtbegin.o
                0x08003390                        PROVIDE (__init_array_end = .)
                0x08003390                        . = ALIGN (0x4)

.fini_array     0x08003390        0x4
                0x08003390                        . = ALIGN (0x4)
                [!provide]                        PROVIDE (__fini_array_start = .)
 *(SORT_BY_NAME(.fini_array.*))
 *(.fini_array*)
 .fini_array    0x08003390        0x4 C:/ST/STM32CubeCLT_1.22.0/GNU-tools-for-STM32/bin/../lib/gcc/arm-none-eabi/14.3.1/thumb/v7e-m+fp/hard/crtbegin.o
                [!provide]                        PROVIDE (__fini_array_end = .)
                0x08003394                        . = ALIGN (0x4)
                0x08003394                        _sidata = LOADADDR (.data)

.rel.dyn        0x08003394        0x0
 .rel.iplt      0x08003394        0x0 C:/ST/STM32CubeCLT_1.22.0/GNU-tools-for-STM32/bin/../lib/gcc/arm-none-eabi/14.3.1/thumb/v7e-m+fp/hard/crtbegin.o

.data           0x20000000       0x5c load address 0x08003394
                0x20000000                        . = ALIGN (0x4)
                0x20000000                        _sdata = .
 *(.data)
 *(.data*)
 .data.SystemCoreClock
                0x20000000        0x4 CMakeFiles/UART_Communication_Test.elf.dir/D_/Challenge_Cup/MainCode/Core/Src/system_stm32f4xx.c.obj
                0x20000000                SystemCoreClock
 .data.uwTickFreq
                0x20000004        0x1 CMakeFiles/UART_Communication_Test.elf.dir/D_/Challenge_Cup/MainCode/Drivers/STM32F4xx_HAL_Driver/Src/stm32f4xx_hal.c.obj
                0x20000004                uwTickFreq
 *fill*         0x20000005        0x3 
 .data.uwTickPrio
                0x20000008        0x4 CMakeFiles/UART_Communication_Test.elf.dir/D_/Challenge_Cup/MainCode/Drivers/STM32F4xx_HAL_Driver/Src/stm32f4xx_hal.c.obj
                0x20000008                uwTickPrio
 .data._impure_ptr
                0x2000000c        0x4 C:/ST/STM32CubeCLT_1.22.0/GNU-tools-for-STM32/bin/../lib/gcc/arm-none-eabi/14.3.1/../../../../arm-none-eabi/lib/thumb/v7e-m+fp/hard\libc_nano.a(libc_a-impure.o)
                0x2000000c                _impure_ptr
 .data._impure_data
                0x20000010       0x4c C:/ST/STM32CubeCLT_1.22.0/GNU-tools-for-STM32/bin/../lib/gcc/arm-none-eabi/14.3.1/../../../../arm-none-eabi/lib/thumb/v7e-m+fp/hard\libc_nano.a(libc_a-impure.o)
                0x20000010                _impure_data
 *(.RamFunc)
 *(.RamFunc*)
                0x2000005c                        . = ALIGN (0x4)
                0x2000005c                        _edata = .
                0x080033f0                        _siccmram = LOADADDR (.ccmram)

.igot.plt       0x2000005c        0x0 load address 0x080033f0
 .igot.plt      0x2000005c        0x0 C:/ST/STM32CubeCLT_1.22.0/GNU-tools-for-STM32/bin/../lib/gcc/arm-none-eabi/14.3.1/thumb/v7e-m+fp/hard/crtbegin.o

.ccmram         0x10000000        0x0 load address 0x080033f0
                0x10000000                        . = ALIGN (0x4)
                0x10000000                        _sccmram = .
 *(.ccmram)
 *(.ccmram*)
                0x10000000                        . = ALIGN (0x4)
                0x10000000                        _eccmram = .
                0x10000000                        . = ALIGN (0x4)

.bss            0x2000005c      0x3d4
                0x2000005c                        _sbss = .
                0x2000005c                        __bss_start__ = _sbss
 *(.bss)
 .bss           0x2000005c       0x1c C:/ST/STM32CubeCLT_1.22.0/GNU-tools-for-STM32/bin/../lib/gcc/arm-none-eabi/14.3.1/thumb/v7e-m+fp/hard/crtbegin.o
 *(.bss*)
 .bss.force_uart_rx_faulted
                0x20000078        0x1 CMakeFiles/UART_Communication_Test.elf.dir/D_/Challenge_Cup/MainCode/Core/Src/board.c.obj
 *fill*         0x20000079        0x3 
 .bss.hdma_usart6_rx
                0x2000007c       0x60 CMakeFiles/UART_Communication_Test.elf.dir/D_/Challenge_Cup/MainCode/Core/Src/board.c.obj
                0x2000007c                hdma_usart6_rx
 .bss.huart3    0x200000dc       0x48 CMakeFiles/UART_Communication_Test.elf.dir/D_/Challenge_Cup/MainCode/Core/Src/board.c.obj
                0x200000dc                huart3
 .bss.huart6    0x20000124       0x48 CMakeFiles/UART_Communication_Test.elf.dir/D_/Challenge_Cup/MainCode/Core/Src/board.c.obj
                0x20000124                huart6
 .bss.hcan2     0x2000016c       0x28 CMakeFiles/UART_Communication_Test.elf.dir/D_/Challenge_Cup/MainCode/Core/Src/board.c.obj
                0x2000016c                hcan2
 .bss.hcan1     0x20000194       0x28 CMakeFiles/UART_Communication_Test.elf.dir/D_/Challenge_Cup/MainCode/Core/Src/board.c.obj
                0x20000194                hcan1
 .bss.__sbrk_heap_end
                0x200001bc        0x4 CMakeFiles/UART_Communication_Test.elf.dir/D_/Challenge_Cup/MainCode/Core/Src/sysmem.c.obj
 .bss.last_toggle_ms.0
                0x200001c0        0x4 CMakeFiles/UART_Communication_Test.elf.dir/D_/Challenge_Cup/MainCode/Projects/ModuleTests/common/Src/standalone_runtime.c.obj
 .bss.next_tx_ms
                0x200001c4        0x4 CMakeFiles/UART_Communication_Test.elf.dir/Src/main.c.obj
 .bss.line_length
                0x200001c8        0x2 CMakeFiles/UART_Communication_Test.elf.dir/Src/main.c.obj
 .bss.read_index
                0x200001ca        0x2 CMakeFiles/UART_Communication_Test.elf.dir/Src/main.c.obj
 .bss.dma_buffer
                0x200001cc      0x100 CMakeFiles/UART_Communication_Test.elf.dir/Src/main.c.obj
 .bss.g_uart_stale
                0x200002cc        0x1 CMakeFiles/UART_Communication_Test.elf.dir/Src/main.c.obj
                0x200002cc                g_uart_stale
 .bss.g_uart_rx_valid
                0x200002cd        0x1 CMakeFiles/UART_Communication_Test.elf.dir/Src/main.c.obj
                0x200002cd                g_uart_rx_valid
 .bss.g_uart_last_line_length
                0x200002ce        0x2 CMakeFiles/UART_Communication_Test.elf.dir/Src/main.c.obj
                0x200002ce                g_uart_last_line_length
 .bss.g_uart_last_rx_ms
                0x200002d0        0x4 CMakeFiles/UART_Communication_Test.elf.dir/Src/main.c.obj
                0x200002d0                g_uart_last_rx_ms
 .bss.g_uart_rx_errors
                0x200002d4        0x4 CMakeFiles/UART_Communication_Test.elf.dir/Src/main.c.obj
                0x200002d4                g_uart_rx_errors
 .bss.g_uart_rx_lines
                0x200002d8        0x4 CMakeFiles/UART_Communication_Test.elf.dir/Src/main.c.obj
                0x200002d8                g_uart_rx_lines
 .bss.g_uart_rx_bytes
                0x200002dc        0x4 CMakeFiles/UART_Communication_Test.elf.dir/Src/main.c.obj
                0x200002dc                g_uart_rx_bytes
 .bss.g_uart_tx_count
                0x200002e0        0x4 CMakeFiles/UART_Communication_Test.elf.dir/Src/main.c.obj
                0x200002e0                g_uart_tx_count
 .bss.uwTick    0x200002e4        0x4 CMakeFiles/UART_Communication_Test.elf.dir/D_/Challenge_Cup/MainCode/Drivers/STM32F4xx_HAL_Driver/Src/stm32f4xx_hal.c.obj
                0x200002e4                uwTick
 .bss.__sf      0x200002e8      0x138 C:/ST/STM32CubeCLT_1.22.0/GNU-tools-for-STM32/bin/../lib/gcc/arm-none-eabi/14.3.1/../../../../arm-none-eabi/lib/thumb/v7e-m+fp/hard\libc_nano.a(libc_a-findfp.o)
                0x200002e8                __sf
 .bss.errno     0x20000420        0x4 C:/ST/STM32CubeCLT_1.22.0/GNU-tools-for-STM32/bin/../lib/gcc/arm-none-eabi/14.3.1/../../../../arm-none-eabi/lib/thumb/v7e-m+fp/hard\libc_nano.a(libc_a-reent.o)
                0x20000420                errno
 .bss.__lock___malloc_recursive_mutex
                0x20000424        0x1 C:/ST/STM32CubeCLT_1.22.0/GNU-tools-for-STM32/bin/../lib/gcc/arm-none-eabi/14.3.1/../../../../arm-none-eabi/lib/thumb/v7e-m+fp/hard\libc_nano.a(libc_a-lock.o)
                0x20000424                __lock___malloc_recursive_mutex
 *fill*         0x20000425        0x3 
 .bss.__malloc_sbrk_start
                0x20000428        0x4 C:/ST/STM32CubeCLT_1.22.0/GNU-tools-for-STM32/bin/../lib/gcc/arm-none-eabi/14.3.1/../../../../arm-none-eabi/lib/thumb/v7e-m+fp/hard\libc_nano.a(libc_a-mallocr.o)
                0x20000428                __malloc_sbrk_start
 .bss.__malloc_free_list
                0x2000042c        0x4 C:/ST/STM32CubeCLT_1.22.0/GNU-tools-for-STM32/bin/../lib/gcc/arm-none-eabi/14.3.1/../../../../arm-none-eabi/lib/thumb/v7e-m+fp/hard\libc_nano.a(libc_a-mallocr.o)
                0x2000042c                __malloc_free_list
 *(COMMON)
                0x20000430                        . = ALIGN (0x4)
                0x20000430                        _ebss = .
                0x20000430                        __bss_end__ = _ebss

._user_heap_stack
                0x20000430      0x600
                0x20000430                        . = ALIGN (0x8)
                [!provide]                        PROVIDE (end = .)
                0x20000430                        PROVIDE (_end = .)
                0x20000630                        . = (. + _Min_Heap_Size)
 *fill*         0x20000430      0x200 
                0x20000a30                        . = (. + _Min_Stack_Size)
 *fill*         0x20000630      0x400 
                0x20000a30                        . = ALIGN (0x8)

.ARM.attributes
                0x00000000       0x30
 *(.ARM.attributes)
 .ARM.attributes
                0x00000000       0x22 C:/ST/STM32CubeCLT_1.22.0/GNU-tools-for-STM32/bin/../lib/gcc/arm-none-eabi/14.3.1/thumb/v7e-m+fp/hard/crti.o
 .ARM.attributes
                0x00000022       0x34 C:/ST/STM32CubeCLT_1.22.0/GNU-tools-for-STM32/bin/../lib/gcc/arm-none-eabi/14.3.1/thumb/v7e-m+fp/hard/crtbegin.o
 .ARM.attributes
                0x00000056       0x21 CMakeFiles/UART_Communication_Test.elf.dir/D_/Challenge_Cup/MainCode/Core/Startup/startup_stm32f407xx.s.obj
 .ARM.attributes
                0x00000077       0x34 CMakeFiles/UART_Communication_Test.elf.dir/D_/Challenge_Cup/MainCode/Core/Src/board.c.obj
 .ARM.attributes
                0x000000ab       0x34 CMakeFiles/UART_Communication_Test.elf.dir/D_/Challenge_Cup/MainCode/Core/Src/stm32f4xx_it.c.obj
 .ARM.attributes
                0x000000df       0x34 CMakeFiles/UART_Communication_Test.elf.dir/D_/Challenge_Cup/MainCode/Core/Src/sysmem.c.obj
 .ARM.attributes
                0x00000113       0x34 CMakeFiles/UART_Communication_Test.elf.dir/D_/Challenge_Cup/MainCode/Core/Src/system_stm32f4xx.c.obj
 .ARM.attributes
                0x00000147       0x34 CMakeFiles/UART_Communication_Test.elf.dir/D_/Challenge_Cup/MainCode/Projects/ModuleTests/common/Src/standalone_runtime.c.obj
 .ARM.attributes
                0x0000017b       0x34 CMakeFiles/UART_Communication_Test.elf.dir/D_/Challenge_Cup/MainCode/Projects/ModuleTests/common/Src/standalone_hooks.c.obj
 .ARM.attributes
                0x000001af       0x34 CMakeFiles/UART_Communication_Test.elf.dir/Src/main.c.obj
 .ARM.attributes
                0x000001e3       0x34 CMakeFiles/UART_Communication_Test.elf.dir/D_/Challenge_Cup/MainCode/Drivers/STM32F4xx_HAL_Driver/Src/stm32f4xx_hal.c.obj
 .ARM.attributes
                0x00000217       0x34 CMakeFiles/UART_Communication_Test.elf.dir/D_/Challenge_Cup/MainCode/Drivers/STM32F4xx_HAL_Driver/Src/stm32f4xx_hal_can.c.obj
 .ARM.attributes
                0x0000024b       0x34 CMakeFiles/UART_Communication_Test.elf.dir/D_/Challenge_Cup/MainCode/Drivers/STM32F4xx_HAL_Driver/Src/stm32f4xx_hal_cortex.c.obj
 .ARM.attributes
                0x0000027f       0x34 CMakeFiles/UART_Communication_Test.elf.dir/D_/Challenge_Cup/MainCode/Drivers/STM32F4xx_HAL_Driver/Src/stm32f4xx_hal_dma.c.obj
 .ARM.attributes
                0x000002b3       0x34 CMakeFiles/UART_Communication_Test.elf.dir/D_/Challenge_Cup/MainCode/Drivers/STM32F4xx_HAL_Driver/Src/stm32f4xx_hal_gpio.c.obj
 .ARM.attributes
                0x000002e7       0x34 CMakeFiles/UART_Communication_Test.elf.dir/D_/Challenge_Cup/MainCode/Drivers/STM32F4xx_HAL_Driver/Src/stm32f4xx_hal_rcc.c.obj
 .ARM.attributes
                0x0000031b       0x34 CMakeFiles/UART_Communication_Test.elf.dir/D_/Challenge_Cup/MainCode/Drivers/STM32F4xx_HAL_Driver/Src/stm32f4xx_hal_uart.c.obj
 .ARM.attributes
                0x0000034f       0x22 C:/ST/STM32CubeCLT_1.22.0/GNU-tools-for-STM32/bin/../lib/gcc/arm-none-eabi/14.3.1/thumb/v7e-m+fp/hard\libgcc.a(_aeabi_uldivmod.o)
 .ARM.attributes
                0x00000371       0x34 C:/ST/STM32CubeCLT_1.22.0/GNU-tools-for-STM32/bin/../lib/gcc/arm-none-eabi/14.3.1/thumb/v7e-m+fp/hard\libgcc.a(_udivmoddi4.o)
 .ARM.attributes
                0x000003a5       0x22 C:/ST/STM32CubeCLT_1.22.0/GNU-tools-for-STM32/bin/../lib/gcc/arm-none-eabi/14.3.1/thumb/v7e-m+fp/hard\libgcc.a(_dvmd_tls.o)
 .ARM.attributes
                0x000003c7       0x34 C:/ST/STM32CubeCLT_1.22.0/GNU-tools-for-STM32/bin/../lib/gcc/arm-none-eabi/14.3.1/../../../../arm-none-eabi/lib/thumb/v7e-m+fp/hard\libc_nano.a(libc_a-findfp.o)
 .ARM.attributes
                0x000003fb       0x34 C:/ST/STM32CubeCLT_1.22.0/GNU-tools-for-STM32/bin/../lib/gcc/arm-none-eabi/14.3.1/../../../../arm-none-eabi/lib/thumb/v7e-m+fp/hard\libc_nano.a(libc_a-snprintf.o)
 .ARM.attributes
                0x0000042f       0x34 C:/ST/STM32CubeCLT_1.22.0/GNU-tools-for-STM32/bin/../lib/gcc/arm-none-eabi/14.3.1/../../../../arm-none-eabi/lib/thumb/v7e-m+fp/hard\libc_nano.a(libc_a-memset.o)
 .ARM.attributes
                0x00000463       0x34 C:/ST/STM32CubeCLT_1.22.0/GNU-tools-for-STM32/bin/../lib/gcc/arm-none-eabi/14.3.1/../../../../arm-none-eabi/lib/thumb/v7e-m+fp/hard\libc_nano.a(libc_a-reent.o)
 .ARM.attributes
                0x00000497       0x34 C:/ST/STM32CubeCLT_1.22.0/GNU-tools-for-STM32/bin/../lib/gcc/arm-none-eabi/14.3.1/../../../../arm-none-eabi/lib/thumb/v7e-m+fp/hard\libc_nano.a(libc_a-impure.o)
 .ARM.attributes
                0x000004cb       0x34 C:/ST/STM32CubeCLT_1.22.0/GNU-tools-for-STM32/bin/../lib/gcc/arm-none-eabi/14.3.1/../../../../arm-none-eabi/lib/thumb/v7e-m+fp/hard\libc_nano.a(libc_a-errno.o)
 .ARM.attributes
                0x000004ff       0x34 C:/ST/STM32CubeCLT_1.22.0/GNU-tools-for-STM32/bin/../lib/gcc/arm-none-eabi/14.3.1/../../../../arm-none-eabi/lib/thumb/v7e-m+fp/hard\libc_nano.a(libc_a-init.o)
 .ARM.attributes
                0x00000533       0x34 C:/ST/STM32CubeCLT_1.22.0/GNU-tools-for-STM32/bin/../lib/gcc/arm-none-eabi/14.3.1/../../../../arm-none-eabi/lib/thumb/v7e-m+fp/hard\libc_nano.a(libc_a-lock.o)
 .ARM.attributes
                0x00000567       0x34 C:/ST/STM32CubeCLT_1.22.0/GNU-tools-for-STM32/bin/../lib/gcc/arm-none-eabi/14.3.1/../../../../arm-none-eabi/lib/thumb/v7e-m+fp/hard\libc_nano.a(libc_a-freer.o)
 .ARM.attributes
                0x0000059b       0x34 C:/ST/STM32CubeCLT_1.22.0/GNU-tools-for-STM32/bin/../lib/gcc/arm-none-eabi/14.3.1/../../../../arm-none-eabi/lib/thumb/v7e-m+fp/hard\libc_nano.a(libc_a-mallocr.o)
 .ARM.attributes
                0x000005cf       0x34 C:/ST/STM32CubeCLT_1.22.0/GNU-tools-for-STM32/bin/../lib/gcc/arm-none-eabi/14.3.1/../../../../arm-none-eabi/lib/thumb/v7e-m+fp/hard\libc_nano.a(libc_a-mlock.o)
 .ARM.attributes
                0x00000603       0x34 C:/ST/STM32CubeCLT_1.22.0/GNU-tools-for-STM32/bin/../lib/gcc/arm-none-eabi/14.3.1/../../../../arm-none-eabi/lib/thumb/v7e-m+fp/hard\libc_nano.a(libc_a-nano-svfprintf.o)
 .ARM.attributes
                0x00000637       0x34 C:/ST/STM32CubeCLT_1.22.0/GNU-tools-for-STM32/bin/../lib/gcc/arm-none-eabi/14.3.1/../../../../arm-none-eabi/lib/thumb/v7e-m+fp/hard\libc_nano.a(libc_a-nano-vfprintf_i.o)
 .ARM.attributes
                0x0000066b       0x34 C:/ST/STM32CubeCLT_1.22.0/GNU-tools-for-STM32/bin/../lib/gcc/arm-none-eabi/14.3.1/../../../../arm-none-eabi/lib/thumb/v7e-m+fp/hard\libc_nano.a(libc_a-memmove.o)
 .ARM.attributes
                0x0000069f       0x34 C:/ST/STM32CubeCLT_1.22.0/GNU-tools-for-STM32/bin/../lib/gcc/arm-none-eabi/14.3.1/../../../../arm-none-eabi/lib/thumb/v7e-m+fp/hard\libc_nano.a(libc_a-sbrkr.o)
 .ARM.attributes
                0x000006d3       0x1c C:/ST/STM32CubeCLT_1.22.0/GNU-tools-for-STM32/bin/../lib/gcc/arm-none-eabi/14.3.1/../../../../arm-none-eabi/lib/thumb/v7e-m+fp/hard\libc_nano.a(libc_a-memchr.o)
 .ARM.attributes
                0x000006ef       0x34 C:/ST/STM32CubeCLT_1.22.0/GNU-tools-for-STM32/bin/../lib/gcc/arm-none-eabi/14.3.1/../../../../arm-none-eabi/lib/thumb/v7e-m+fp/hard\libc_nano.a(libc_a-memcpy-stub.o)
 .ARM.attributes
                0x00000723       0x34 C:/ST/STM32CubeCLT_1.22.0/GNU-tools-for-STM32/bin/../lib/gcc/arm-none-eabi/14.3.1/../../../../arm-none-eabi/lib/thumb/v7e-m+fp/hard\libc_nano.a(libc_a-reallocr.o)
 .ARM.attributes
                0x00000757       0x34 C:/ST/STM32CubeCLT_1.22.0/GNU-tools-for-STM32/bin/../lib/gcc/arm-none-eabi/14.3.1/../../../../arm-none-eabi/lib/thumb/v7e-m+fp/hard\libc_nano.a(libc_a-msizer.o)
 .ARM.attributes
                0x0000078b       0x22 C:/ST/STM32CubeCLT_1.22.0/GNU-tools-for-STM32/bin/../lib/gcc/arm-none-eabi/14.3.1/thumb/v7e-m+fp/hard/crtn.o
OUTPUT(UART_Communication_Test.elf elf32-littlearm)
LOAD linker stubs

.comment        0x00000000       0x43
 .comment       0x00000000       0x43 CMakeFiles/UART_Communication_Test.elf.dir/D_/Challenge_Cup/MainCode/Core/Src/board.c.obj
                                 0x44 (size before relaxing)
 .comment       0x00000043       0x44 CMakeFiles/UART_Communication_Test.elf.dir/D_/Challenge_Cup/MainCode/Core/Src/stm32f4xx_it.c.obj
 .comment       0x00000043       0x44 CMakeFiles/UART_Communication_Test.elf.dir/D_/Challenge_Cup/MainCode/Core/Src/sysmem.c.obj
 .comment       0x00000043       0x44 CMakeFiles/UART_Communication_Test.elf.dir/D_/Challenge_Cup/MainCode/Core/Src/system_stm32f4xx.c.obj
 .comment       0x00000043       0x44 CMakeFiles/UART_Communication_Test.elf.dir/D_/Challenge_Cup/MainCode/Projects/ModuleTests/common/Src/standalone_runtime.c.obj
 .comment       0x00000043       0x44 CMakeFiles/UART_Communication_Test.elf.dir/D_/Challenge_Cup/MainCode/Projects/ModuleTests/common/Src/standalone_hooks.c.obj
 .comment       0x00000043       0x44 CMakeFiles/UART_Communication_Test.elf.dir/Src/main.c.obj
 .comment       0x00000043       0x44 CMakeFiles/UART_Communication_Test.elf.dir/D_/Challenge_Cup/MainCode/Drivers/STM32F4xx_HAL_Driver/Src/stm32f4xx_hal.c.obj
 .comment       0x00000043       0x44 CMakeFiles/UART_Communication_Test.elf.dir/D_/Challenge_Cup/MainCode/Drivers/STM32F4xx_HAL_Driver/Src/stm32f4xx_hal_can.c.obj
 .comment       0x00000043       0x44 CMakeFiles/UART_Communication_Test.elf.dir/D_/Challenge_Cup/MainCode/Drivers/STM32F4xx_HAL_Driver/Src/stm32f4xx_hal_cortex.c.obj
 .comment       0x00000043       0x44 CMakeFiles/UART_Communication_Test.elf.dir/D_/Challenge_Cup/MainCode/Drivers/STM32F4xx_HAL_Driver/Src/stm32f4xx_hal_dma.c.obj
 .comment       0x00000043       0x44 CMakeFiles/UART_Communication_Test.elf.dir/D_/Challenge_Cup/MainCode/Drivers/STM32F4xx_HAL_Driver/Src/stm32f4xx_hal_gpio.c.obj
 .comment       0x00000043       0x44 CMakeFiles/UART_Communication_Test.elf.dir/D_/Challenge_Cup/MainCode/Drivers/STM32F4xx_HAL_Driver/Src/stm32f4xx_hal_rcc.c.obj
 .comment       0x00000043       0x44 CMakeFiles/UART_Communication_Test.elf.dir/D_/Challenge_Cup/MainCode/Drivers/STM32F4xx_HAL_Driver/Src/stm32f4xx_hal_uart.c.obj

.debug_frame    0x00000000      0x640
 .debug_frame   0x00000000       0x2c C:/ST/STM32CubeCLT_1.22.0/GNU-tools-for-STM32/bin/../lib/gcc/arm-none-eabi/14.3.1/thumb/v7e-m+fp/hard\libgcc.a(_aeabi_uldivmod.o)
 .debug_frame   0x0000002c       0x34 C:/ST/STM32CubeCLT_1.22.0/GNU-tools-for-STM32/bin/../lib/gcc/arm-none-eabi/14.3.1/thumb/v7e-m+fp/hard\libgcc.a(_udivmoddi4.o)
 .debug_frame   0x00000060      0x144 C:/ST/STM32CubeCLT_1.22.0/GNU-tools-for-STM32/bin/../lib/gcc/arm-none-eabi/14.3.1/../../../../arm-none-eabi/lib/thumb/v7e-m+fp/hard\libc_nano.a(libc_a-findfp.o)
 .debug_frame   0x000001a4       0x7c C:/ST/STM32CubeCLT_1.22.0/GNU-tools-for-STM32/bin/../lib/gcc/arm-none-eabi/14.3.1/../../../../arm-none-eabi/lib/thumb/v7e-m+fp/hard\libc_nano.a(libc_a-snprintf.o)
 .debug_frame   0x00000220       0x20 C:/ST/STM32CubeCLT_1.22.0/GNU-tools-for-STM32/bin/../lib/gcc/arm-none-eabi/14.3.1/../../../../arm-none-eabi/lib/thumb/v7e-m+fp/hard\libc_nano.a(libc_a-memset.o)
 .debug_frame   0x00000240       0x38 C:/ST/STM32CubeCLT_1.22.0/GNU-tools-for-STM32/bin/../lib/gcc/arm-none-eabi/14.3.1/../../../../arm-none-eabi/lib/thumb/v7e-m+fp/hard\libc_nano.a(libc_a-reent.o)
 .debug_frame   0x00000278       0x20 C:/ST/STM32CubeCLT_1.22.0/GNU-tools-for-STM32/bin/../lib/gcc/arm-none-eabi/14.3.1/../../../../arm-none-eabi/lib/thumb/v7e-m+fp/hard\libc_nano.a(libc_a-errno.o)
 .debug_frame   0x00000298       0x2c C:/ST/STM32CubeCLT_1.22.0/GNU-tools-for-STM32/bin/../lib/gcc/arm-none-eabi/14.3.1/../../../../arm-none-eabi/lib/thumb/v7e-m+fp/hard\libc_nano.a(libc_a-init.o)
 .debug_frame   0x000002c4       0xb0 C:/ST/STM32CubeCLT_1.22.0/GNU-tools-for-STM32/bin/../lib/gcc/arm-none-eabi/14.3.1/../../../../arm-none-eabi/lib/thumb/v7e-m+fp/hard\libc_nano.a(libc_a-lock.o)
 .debug_frame   0x00000374       0x38 C:/ST/STM32CubeCLT_1.22.0/GNU-tools-for-STM32/bin/../lib/gcc/arm-none-eabi/14.3.1/../../../../arm-none-eabi/lib/thumb/v7e-m+fp/hard\libc_nano.a(libc_a-freer.o)
 .debug_frame   0x000003ac       0x50 C:/ST/STM32CubeCLT_1.22.0/GNU-tools-for-STM32/bin/../lib/gcc/arm-none-eabi/14.3.1/../../../../arm-none-eabi/lib/thumb/v7e-m+fp/hard\libc_nano.a(libc_a-mallocr.o)
 .debug_frame   0x000003fc       0x30 C:/ST/STM32CubeCLT_1.22.0/GNU-tools-for-STM32/bin/../lib/gcc/arm-none-eabi/14.3.1/../../../../arm-none-eabi/lib/thumb/v7e-m+fp/hard\libc_nano.a(libc_a-mlock.o)
 .debug_frame   0x0000042c       0x90 C:/ST/STM32CubeCLT_1.22.0/GNU-tools-for-STM32/bin/../lib/gcc/arm-none-eabi/14.3.1/../../../../arm-none-eabi/lib/thumb/v7e-m+fp/hard\libc_nano.a(libc_a-nano-svfprintf.o)
 .debug_frame   0x000004bc       0x60 C:/ST/STM32CubeCLT_1.22.0/GNU-tools-for-STM32/bin/../lib/gcc/arm-none-eabi/14.3.1/../../../../arm-none-eabi/lib/thumb/v7e-m+fp/hard\libc_nano.a(libc_a-nano-vfprintf_i.o)
 .debug_frame   0x0000051c       0x28 C:/ST/STM32CubeCLT_1.22.0/GNU-tools-for-STM32/bin/../lib/gcc/arm-none-eabi/14.3.1/../../../../arm-none-eabi/lib/thumb/v7e-m+fp/hard\libc_nano.a(libc_a-memmove.o)
 .debug_frame   0x00000544       0x2c C:/ST/STM32CubeCLT_1.22.0/GNU-tools-for-STM32/bin/../lib/gcc/arm-none-eabi/14.3.1/../../../../arm-none-eabi/lib/thumb/v7e-m+fp/hard\libc_nano.a(libc_a-sbrkr.o)
 .debug_frame   0x00000570       0x4c C:/ST/STM32CubeCLT_1.22.0/GNU-tools-for-STM32/bin/../lib/gcc/arm-none-eabi/14.3.1/../../../../arm-none-eabi/lib/thumb/v7e-m+fp/hard\libc_nano.a(libc_a-memchr.o)
 .debug_frame   0x000005bc       0x28 C:/ST/STM32CubeCLT_1.22.0/GNU-tools-for-STM32/bin/../lib/gcc/arm-none-eabi/14.3.1/../../../../arm-none-eabi/lib/thumb/v7e-m+fp/hard\libc_nano.a(libc_a-memcpy-stub.o)
 .debug_frame   0x000005e4       0x3c C:/ST/STM32CubeCLT_1.22.0/GNU-tools-for-STM32/bin/../lib/gcc/arm-none-eabi/14.3.1/../../../../arm-none-eabi/lib/thumb/v7e-m+fp/hard\libc_nano.a(libc_a-reallocr.o)
 .debug_frame   0x00000620       0x20 C:/ST/STM32CubeCLT_1.22.0/GNU-tools-for-STM32/bin/../lib/gcc/arm-none-eabi/14.3.1/../../../../arm-none-eabi/lib/thumb/v7e-m+fp/hard\libc_nano.a(libc_a-msizer.o)
