Archive member included to satisfy reference by file (symbol)

C:/ST/STM32CubeCLT_1.22.0/GNU-tools-for-STM32/bin/../lib/gcc/arm-none-eabi/14.3.1/thumb/v7e-m+fp/hard\libgcc.a(_aeabi_uldivmod.o)
                              CMakeFiles/UDP_Communication_Test.elf.dir/D_/Challenge_Cup/MainCode/Drivers/STM32F4xx_HAL_Driver/Src/stm32f4xx_hal_rcc.c.obj (__aeabi_uldivmod)
C:/ST/STM32CubeCLT_1.22.0/GNU-tools-for-STM32/bin/../lib/gcc/arm-none-eabi/14.3.1/thumb/v7e-m+fp/hard\libgcc.a(_udivmoddi4.o)
                              C:/ST/STM32CubeCLT_1.22.0/GNU-tools-for-STM32/bin/../lib/gcc/arm-none-eabi/14.3.1/thumb/v7e-m+fp/hard\libgcc.a(_aeabi_uldivmod.o) (__udivmoddi4)
C:/ST/STM32CubeCLT_1.22.0/GNU-tools-for-STM32/bin/../lib/gcc/arm-none-eabi/14.3.1/thumb/v7e-m+fp/hard\libgcc.a(_dvmd_tls.o)
                              C:/ST/STM32CubeCLT_1.22.0/GNU-tools-for-STM32/bin/../lib/gcc/arm-none-eabi/14.3.1/thumb/v7e-m+fp/hard\libgcc.a(_aeabi_uldivmod.o) (__aeabi_ldiv0)
C:/ST/STM32CubeCLT_1.22.0/GNU-tools-for-STM32/bin/../lib/gcc/arm-none-eabi/14.3.1/../../../../arm-none-eabi/lib/thumb/v7e-m+fp/hard\libc_nano.a(libc_a-atoi.o)
                              CMakeFiles/UDP_Communication_Test.elf.dir/D_/Challenge_Cup/MainCode/Middlewares/Third_Party/LwIP/src/core/netif.c.obj (atoi)
C:/ST/STM32CubeCLT_1.22.0/GNU-tools-for-STM32/bin/../lib/gcc/arm-none-eabi/14.3.1/../../../../arm-none-eabi/lib/thumb/v7e-m+fp/hard\libc_nano.a(libc_a-exit.o)
                              C:/ST/STM32CubeCLT_1.22.0/GNU-tools-for-STM32/bin/../lib/gcc/arm-none-eabi/14.3.1/../../../../arm-none-eabi/lib/thumb/v7e-m+fp/hard/crt0.o (exit)
C:/ST/STM32CubeCLT_1.22.0/GNU-tools-for-STM32/bin/../lib/gcc/arm-none-eabi/14.3.1/../../../../arm-none-eabi/lib/thumb/v7e-m+fp/hard\libc_nano.a(libc_a-rand.o)
                              CMakeFiles/UDP_Communication_Test.elf.dir/D_/Challenge_Cup/MainCode/Middlewares/Third_Party/LwIP/src/core/udp.c.obj (rand)
C:/ST/STM32CubeCLT_1.22.0/GNU-tools-for-STM32/bin/../lib/gcc/arm-none-eabi/14.3.1/../../../../arm-none-eabi/lib/thumb/v7e-m+fp/hard\libc_nano.a(libc_a-strtol.o)
                              C:/ST/STM32CubeCLT_1.22.0/GNU-tools-for-STM32/bin/../lib/gcc/arm-none-eabi/14.3.1/../../../../arm-none-eabi/lib/thumb/v7e-m+fp/hard\libc_nano.a(libc_a-atoi.o) (_strtol_r)
C:/ST/STM32CubeCLT_1.22.0/GNU-tools-for-STM32/bin/../lib/gcc/arm-none-eabi/14.3.1/../../../../arm-none-eabi/lib/thumb/v7e-m+fp/hard\libc_nano.a(libc_a-ctype_.o)
                              CMakeFiles/UDP_Communication_Test.elf.dir/D_/Challenge_Cup/MainCode/Middlewares/Third_Party/LwIP/src/core/ipv4/ip4_addr.c.obj (_ctype_)
C:/ST/STM32CubeCLT_1.22.0/GNU-tools-for-STM32/bin/../lib/gcc/arm-none-eabi/14.3.1/../../../../arm-none-eabi/lib/thumb/v7e-m+fp/hard\libc_nano.a(libc_a-findfp.o)
                              C:/ST/STM32CubeCLT_1.22.0/GNU-tools-for-STM32/bin/../lib/gcc/arm-none-eabi/14.3.1/../../../../arm-none-eabi/lib/thumb/v7e-m+fp/hard\libc_nano.a(libc_a-exit.o) (__stdio_exit_handler)
C:/ST/STM32CubeCLT_1.22.0/GNU-tools-for-STM32/bin/../lib/gcc/arm-none-eabi/14.3.1/../../../../arm-none-eabi/lib/thumb/v7e-m+fp/hard\libc_nano.a(libc_a-fwalk.o)
                              C:/ST/STM32CubeCLT_1.22.0/GNU-tools-for-STM32/bin/../lib/gcc/arm-none-eabi/14.3.1/../../../../arm-none-eabi/lib/thumb/v7e-m+fp/hard\libc_nano.a(libc_a-findfp.o) (_fwalk_sglue)
C:/ST/STM32CubeCLT_1.22.0/GNU-tools-for-STM32/bin/../lib/gcc/arm-none-eabi/14.3.1/../../../../arm-none-eabi/lib/thumb/v7e-m+fp/hard\libc_nano.a(libc_a-stdio.o)
                              C:/ST/STM32CubeCLT_1.22.0/GNU-tools-for-STM32/bin/../lib/gcc/arm-none-eabi/14.3.1/../../../../arm-none-eabi/lib/thumb/v7e-m+fp/hard\libc_nano.a(libc_a-findfp.o) (__sread)
C:/ST/STM32CubeCLT_1.22.0/GNU-tools-for-STM32/bin/../lib/gcc/arm-none-eabi/14.3.1/../../../../arm-none-eabi/lib/thumb/v7e-m+fp/hard\libc_nano.a(libc_a-memcmp.o)
                              CMakeFiles/UDP_Communication_Test.elf.dir/D_/Challenge_Cup/MainCode/Middlewares/Third_Party/LwIP/src/netif/ethernet.c.obj (memcmp)
C:/ST/STM32CubeCLT_1.22.0/GNU-tools-for-STM32/bin/../lib/gcc/arm-none-eabi/14.3.1/../../../../arm-none-eabi/lib/thumb/v7e-m+fp/hard\libc_nano.a(libc_a-memmove.o)
                              CMakeFiles/UDP_Communication_Test.elf.dir/D_/Challenge_Cup/MainCode/Middlewares/Third_Party/LwIP/src/core/def.c.obj (memmove)
C:/ST/STM32CubeCLT_1.22.0/GNU-tools-for-STM32/bin/../lib/gcc/arm-none-eabi/14.3.1/../../../../arm-none-eabi/lib/thumb/v7e-m+fp/hard\libc_nano.a(libc_a-memset.o)
                              C:/ST/STM32CubeCLT_1.22.0/GNU-tools-for-STM32/bin/../lib/gcc/arm-none-eabi/14.3.1/../../../../arm-none-eabi/lib/thumb/v7e-m+fp/hard/crt0.o (memset)
C:/ST/STM32CubeCLT_1.22.0/GNU-tools-for-STM32/bin/../lib/gcc/arm-none-eabi/14.3.1/../../../../arm-none-eabi/lib/thumb/v7e-m+fp/hard\libc_nano.a(libc_a-strncmp.o)
[...]
Memory Configuration

Name             Origin             Length             Attributes
CCMRAM           0x10000000         0x00010000         xrw
RAM              0x20000000         0x00020000         xrw
ROM              0x08000000         0x00100000         xr
*default*        0x00000000         0xffffffff

Linker script and memory map

LOAD C:/ST/STM32CubeCLT_1.22.0/GNU-tools-for-STM32/bin/../lib/gcc/arm-none-eabi/14.3.1/thumb/v7e-m+fp/hard/crti.o
LOAD C:/ST/STM32CubeCLT_1.22.0/GNU-tools-for-STM32/bin/../lib/gcc/arm-none-eabi/14.3.1/thumb/v7e-m+fp/hard/crtbegin.o
LOAD C:/ST/STM32CubeCLT_1.22.0/GNU-tools-for-STM32/bin/../lib/gcc/arm-none-eabi/14.3.1/../../../../arm-none-eabi/lib/thumb/v7e-m+fp/hard/crt0.o
LOAD CMakeFiles/UDP_Communication_Test.elf.dir/D_/Challenge_Cup/MainCode/Core/Startup/startup_stm32f407xx.s.obj
LOAD CMakeFiles/UDP_Communication_Test.elf.dir/D_/Challenge_Cup/MainCode/Core/Src/board.c.obj
LOAD CMakeFiles/UDP_Communication_Test.elf.dir/D_/Challenge_Cup/MainCode/Core/Src/stm32f4xx_it.c.obj
LOAD CMakeFiles/UDP_Communication_Test.elf.dir/D_/Challenge_Cup/MainCode/Core/Src/syscalls.c.obj
LOAD CMakeFiles/UDP_Communication_Test.elf.dir/D_/Challenge_Cup/MainCode/Core/Src/sysmem.c.obj
LOAD CMakeFiles/UDP_Communication_Test.elf.dir/D_/Challenge_Cup/MainCode/Core/Src/system_stm32f4xx.c.obj
LOAD CMakeFiles/UDP_Communication_Test.elf.dir/D_/Challenge_Cup/MainCode/Projects/ModuleTests/common/Src/standalone_runtime.c.obj
LOAD CMakeFiles/UDP_Communication_Test.elf.dir/D_/Challenge_Cup/MainCode/Projects/ModuleTests/common/Src/standalone_hooks.c.obj
LOAD CMakeFiles/UDP_Communication_Test.elf.dir/D_/Challenge_Cup/MainCode/Core/Src/ethernetif.c.obj
LOAD CMakeFiles/UDP_Communication_Test.elf.dir/Src/main.c.obj
LOAD CMakeFiles/UDP_Communication_Test.elf.dir/D_/Challenge_Cup/MainCode/Drivers/STM32F4xx_HAL_Driver/Src/stm32f4xx_hal.c.obj
LOAD CMakeFiles/UDP_Communication_Test.elf.dir/D_/Challenge_Cup/MainCode/Drivers/STM32F4xx_HAL_Driver/Src/stm32f4xx_hal_can.c.obj
LOAD CMakeFiles/UDP_Communication_Test.elf.dir/D_/Challenge_Cup/MainCode/Drivers/STM32F4xx_HAL_Driver/Src/stm32f4xx_hal_cortex.c.obj
LOAD CMakeFiles/UDP_Communication_Test.elf.dir/D_/Challenge_Cup/MainCode/Drivers/STM32F4xx_HAL_Driver/Src/stm32f4xx_hal_dma.c.obj
LOAD CMakeFiles/UDP_Communication_Test.elf.dir/D_/Challenge_Cup/MainCode/Drivers/STM32F4xx_HAL_Driver/Src/stm32f4xx_hal_dma_ex.c.obj
LOAD CMakeFiles/UDP_Communication_Test.elf.dir/D_/Challenge_Cup/MainCode/Drivers/STM32F4xx_HAL_Driver/Src/stm32f4xx_hal_exti.c.obj
LOAD CMakeFiles/UDP_Communication_Test.elf.dir/D_/Challenge_Cup/MainCode/Drivers/STM32F4xx_HAL_Driver/Src/stm32f4xx_hal_flash.c.obj
LOAD CMakeFiles/UDP_Communication_Test.elf.dir/D_/Challenge_Cup/MainCode/Drivers/STM32F4xx_HAL_Driver/Src/stm32f4xx_hal_flash_ex.c.obj
LOAD CMakeFiles/UDP_Communication_Test.elf.dir/D_/Challenge_Cup/MainCode/Drivers/STM32F4xx_HAL_Driver/Src/stm32f4xx_hal_flash_ramfunc.c.obj
LOAD CMakeFiles/UDP_Communication_Test.elf.dir/D_/Challenge_Cup/MainCode/Drivers/STM32F4xx_HAL_Driver/Src/stm32f4xx_hal_gpio.c.obj
LOAD CMakeFiles/UDP_Communication_Test.elf.dir/D_/Challenge_Cup/MainCode/Drivers/STM32F4xx_HAL_Driver/Src/stm32f4xx_hal_pwr.c.obj
LOAD CMakeFiles/UDP_Communication_Test.elf.dir/D_/Challenge_Cup/MainCode/Drivers/STM32F4xx_HAL_Driver/Src/stm32f4xx_hal_pwr_ex.c.obj
LOAD CMakeFiles/UDP_Communication_Test.elf.dir/D_/Challenge_Cup/MainCode/Drivers/STM32F4xx_HAL_Driver/Src/stm32f4xx_hal_rcc.c.obj
LOAD CMakeFiles/UDP_Communication_Test.elf.dir/D_/Challenge_Cup/MainCode/Drivers/STM32F4xx_HAL_Driver/Src/stm32f4xx_hal_rcc_ex.c.obj
LOAD CMakeFiles/UDP_Communication_Test.elf.dir/D_/Challenge_Cup/MainCode/Drivers/STM32F4xx_HAL_Driver/Src/stm32f4xx_hal_uart.c.obj
LOAD CMakeFiles/UDP_Communication_Test.elf.dir/D_/Challenge_Cup/MainCode/Drivers/STM32F4xx_HAL_Driver/Src/stm32f4xx_hal_eth.c.obj
LOAD CMakeFiles/UDP_Communication_Test.elf.dir/D_/Challenge_Cup/MainCode/Drivers/BSP/Components/lan8742/lan8742.c.obj
LOAD CMakeFiles/UDP_Communication_Test.elf.dir/D_/Challenge_Cup/MainCode/Middlewares/Third_Party/LwIP/src/core/altcp.c.obj
LOAD CMakeFiles/UDP_Communication_Test.elf.dir/D_/Challenge_Cup/MainCode/Middlewares/Third_Party/LwIP/src/core/altcp_alloc.c.obj
LOAD CMakeFiles/UDP_Communication_Test.elf.dir/D_/Challenge_Cup/MainCode/Middlewares/Third_Party/LwIP/src/core/altcp_tcp.c.obj
LOAD CMakeFiles/UDP_Communication_Test.elf.dir/D_/Challenge_Cup/MainCode/Middlewares/Third_Party/LwIP/src/core/def.c.obj
LOAD CMakeFiles/UDP_Communication_Test.elf.dir/D_/Challenge_Cup/MainCode/Middlewares/Third_Party/LwIP/src/core/dns.c.obj
LOAD CMakeFiles/UDP_Communication_Test.elf.dir/D_/Challenge_Cup/MainCode/Middlewares/Third_Party/LwIP/src/core/inet_chksum.c.obj
LOAD CMakeFiles/UDP_Communication_Test.elf.dir/D_/Challenge_Cup/MainCode/Middlewares/Third_Party/LwIP/src/core/init.c.obj
LOAD CMakeFiles/UDP_Communication_Test.elf.dir/D_/Challenge_Cup/MainCode/Middlewares/Third_Party/LwIP/src/core/ip.c.obj
LOAD CMakeFiles/UDP_Communication_Test.elf.dir/D_/Challenge_Cup/MainCode/Middlewares/Third_Party/LwIP/src/core/mem.c.obj
LOAD CMakeFiles/UDP_Communication_Test.elf.dir/D_/Challenge_Cup/MainCode/Middlewares/Third_Party/LwIP/src/core/memp.c.obj
LOAD CMakeFiles/UDP_Communication_Test.elf.dir/D_/Challenge_Cup/MainCode/Middlewares/Third_Party/LwIP/src/core/netif.c.obj
LOAD CMakeFiles/UDP_Communication_Test.elf.dir/D_/Challenge_Cup/MainCode/Middlewares/Third_Party/LwIP/src/core/pbuf.c.obj
LOAD CMakeFiles/UDP_Communication_Test.elf.dir/D_/Challenge_Cup/MainCode/Middlewares/Third_Party/LwIP/src/core/raw.c.obj
LOAD CMakeFiles/UDP_Communication_Test.elf.dir/D_/Challenge_Cup/MainCode/Middlewares/Third_Party/LwIP/src/core/stats.c.obj
LOAD CMakeFiles/UDP_Communication_Test.elf.dir/D_/Challenge_Cup/MainCode/Middlewares/Third_Party/LwIP/src/core/sys.c.obj
LOAD CMakeFiles/UDP_Communication_Test.elf.dir/D_/Challenge_Cup/MainCode/Middlewares/Third_Party/LwIP/src/core/tcp.c.obj
LOAD CMakeFiles/UDP_Communication_Test.elf.dir/D_/Challenge_Cup/MainCode/Middlewares/Third_Party/LwIP/src/core/tcp_in.c.obj
LOAD CMakeFiles/UDP_Communication_Test.elf.dir/D_/Challenge_Cup/MainCode/Middlewares/Third_Party/LwIP/src/core/tcp_out.c.obj
LOAD CMakeFiles/UDP_Communication_Test.elf.dir/D_/Challenge_Cup/MainCode/Middlewares/Third_Party/LwIP/src/core/timeouts.c.obj
LOAD CMakeFiles/UDP_Communication_Test.elf.dir/D_/Challenge_Cup/MainCode/Middlewares/Third_Party/LwIP/src/core/udp.c.obj
LOAD CMakeFiles/UDP_Communication_Test.elf.dir/D_/Challenge_Cup/MainCode/Middlewares/Third_Party/LwIP/src/core/ipv4/autoip.c.obj
LOAD CMakeFiles/UDP_Communication_Test.elf.dir/D_/Challenge_Cup/MainCode/Middlewares/Third_Party/LwIP/src/core/ipv4/etharp.c.obj
LOAD CMakeFiles/UDP_Communication_Test.elf.dir/D_/Challenge_Cup/MainCode/Middlewares/Third_Party/LwIP/src/core/ipv4/icmp.c.obj
LOAD CMakeFiles/UDP_Communication_Test.elf.dir/D_/Challenge_Cup/MainCode/Middlewares/Third_Party/LwIP/src/core/ipv4/igmp.c.obj
LOAD CMakeFiles/UDP_Communication_Test.elf.dir/D_/Challenge_Cup/MainCode/Middlewares/Third_Party/LwIP/src/core/ipv4/ip4.c.obj
LOAD CMakeFiles/UDP_Communication_Test.elf.dir/D_/Challenge_Cup/MainCode/Middlewares/Third_Party/LwIP/src/core/ipv4/ip4_addr.c.obj
LOAD CMakeFiles/UDP_Communication_Test.elf.dir/D_/Challenge_Cup/MainCode/Middlewares/Third_Party/LwIP/src/core/ipv4/ip4_frag.c.obj
LOAD CMakeFiles/UDP_Communication_Test.elf.dir/D_/Challenge_Cup/MainCode/Middlewares/Third_Party/LwIP/src/netif/ethernet.c.obj
LOAD C:/ST/STM32CubeCLT_1.22.0/GNU-tools-for-STM32/bin/../lib/gcc/arm-none-eabi/14.3.1/../../../../arm-none-eabi/lib/thumb/v7e-m+fp/hard\libm.a
START GROUP
LOAD C:/ST/STM32CubeCLT_1.22.0/GNU-tools-for-STM32/bin/../lib/gcc/arm-none-eabi/14.3.1/thumb/v7e-m+fp/hard\libgcc.a
LOAD C:/ST/STM32CubeCLT_1.22.0/GNU-tools-for-STM32/bin/../lib/gcc/arm-none-eabi/14.3.1/../../../../arm-none-eabi/lib/thumb/v7e-m+fp/hard\libc_nano.a
END GROUP
START GROUP
LOAD C:/ST/STM32CubeCLT_1.22.0/GNU-tools-for-STM32/bin/../lib/gcc/arm-none-eabi/14.3.1/thumb/v7e-m+fp/hard\libgcc.a
LOAD C:/ST/STM32CubeCLT_1.22.0/GNU-tools-for-STM32/bin/../lib/gcc/arm-none-eabi/14.3.1/../../../../arm-none-eabi/lib/thumb/v7e-m+fp/hard\libc_nano.a
LOAD C:/ST/STM32CubeCLT_1.22.0/GNU-tools-for-STM32/bin/../lib/gcc/arm-none-eabi/14.3.1/../../../../arm-none-eabi/lib/thumb/v7e-m+fp/hard\libnosys.a
END GROUP
START GROUP
LOAD C:/ST/STM32CubeCLT_1.22.0/GNU-tools-for-STM32/bin/../lib/gcc/arm-none-eabi/14.3.1/thumb/v7e-m+fp/hard\libgcc.a
LOAD C:/ST/STM32CubeCLT_1.22.0/GNU-tools-for-STM32/bin/../lib/gcc/arm-none-eabi/14.3.1/../../../../arm-none-eabi/lib/thumb/v7e-m+fp/hard\libc_nano.a
LOAD C:/ST/STM32CubeCLT_1.22.0/GNU-tools-for-STM32/bin/../lib/gcc/arm-none-eabi/14.3.1/../../../../arm-none-eabi/lib/thumb/v7e-m+fp/hard\libnosys.a
END GROUP
LOAD C:/ST/STM32CubeCLT_1.22.0/GNU-tools-for-STM32/bin/../lib/gcc/arm-none-eabi/14.3.1/thumb/v7e-m+fp/hard/crtend.o
LOAD C:/ST/STM32CubeCLT_1.22.0/GNU-tools-for-STM32/bin/../lib/gcc/arm-none-eabi/14.3.1/thumb/v7e-m+fp/hard/crtn.o
                0x20020000                        _estack = (ORIGIN (RAM) + LENGTH (RAM))
                0x00000200                        _Min_Heap_Size = 0x200
                0x00000400                        _Min_Stack_Size = 0x400

.isr_vector     0x08000000      0x188
                0x08000000                        . = ALIGN (0x4)
 *(.isr_vector)
 .isr_vector    0x08000000      0x188 CMakeFiles/UDP_Communication_Test.elf.dir/D_/Challenge_Cup/MainCode/Core/Startup/startup_stm32f407xx.s.obj
                0x08000000                g_pfnVectors
                0x08000188                        . = ALIGN (0x4)

.text           0x08000190     0x6778
                0x08000190                        . = ALIGN (0x4)
 *(.text)
 .text          0x08000190       0x40 C:/ST/STM32CubeCLT_1.22.0/GNU-tools-for-STM32/bin/../lib/gcc/arm-none-eabi/14.3.1/thumb/v7e-m+fp/hard/crtbegin.o
 .text          0x080001d0       0x30 C:/ST/STM32CubeCLT_1.22.0/GNU-tools-for-STM32/bin/../lib/gcc/arm-none-eabi/14.3.1/thumb/v7e-m+fp/hard\libgcc.a(_aeabi_uldivmod.o)
                0x080001d0                __aeabi_uldivmod
 .text          0x08000200      0x2f8 C:/ST/STM32CubeCLT_1.22.0/GNU-tools-for-STM32/bin/../lib/gcc/arm-none-eabi/14.3.1/thumb/v7e-m+fp/hard\libgcc.a(_udivmoddi4.o)
                0x08000200                __udivmoddi4
 .text          0x080004f8        0x4 C:/ST/STM32CubeCLT_1.22.0/GNU-tools-for-STM32/bin/../lib/gcc/arm-none-eabi/14.3.1/thumb/v7e-m+fp/hard\libgcc.a(_dvmd_tls.o)
                0x080004f8                __aeabi_idiv0
                0x080004f8                __aeabi_ldiv0
 *fill*         0x080004fc        0x4 
 .text          0x08000500       0xa0 C:/ST/STM32CubeCLT_1.22.0/GNU-tools-for-STM32/bin/../lib/gcc/arm-none-eabi/14.3.1/../../../../arm-none-eabi/lib/thumb/v7e-m+fp/hard\libc_nano.a(libc_a-memchr.o)
                0x08000500                memchr
 *(.text*)
 .text.Reset_Handler
                0x080005a0       0x50 CMakeFiles/UDP_Communication_Test.elf.dir/D_/Challenge_Cup/MainCode/Core/Startup/startup_stm32f407xx.s.obj
                0x080005a0                Reset_Handler
 .text.Default_Handler
                0x080005f0        0x2 CMakeFiles/UDP_Communication_Test.elf.dir/D_/Challenge_Cup/MainCode/Core/Startup/startup_stm32f407xx.s.obj
                0x080005f0                RTC_Alarm_IRQHandler
                0x080005f0                HASH_RNG_IRQHandler
                0x080005f0                EXTI2_IRQHandler
                0x080005f0                TIM8_CC_IRQHandler
                0x080005f0                TIM1_CC_IRQHandler
                0x080005f0                DMA2_Stream5_IRQHandler
                0x080005f0                DMA1_Stream5_IRQHandler
                0x080005f0                PVD_IRQHandler
                0x080005f0                SDIO_IRQHandler
                0x080005f0                TAMP_STAMP_IRQHandler
                0x080005f0                CAN2_RX1_IRQHandler
                0x080005f0                EXTI3_IRQHandler
                0x080005f0                TIM8_TRG_COM_TIM14_IRQHandler
                0x080005f0                TIM1_UP_TIM10_IRQHandler
                0x080005f0                TIM8_UP_TIM13_IRQHandler
                0x080005f0                I2C3_ER_IRQHandler
                0x080005f0                EXTI0_IRQHandler
                0x080005f0                I2C2_EV_IRQHandler
                0x080005f0                DMA1_Stream2_IRQHandler
                0x080005f0                FPU_IRQHandler
                0x080005f0                OTG_HS_WKUP_IRQHandler
                0x080005f0                DMA2_Stream2_IRQHandler
                0x080005f0                SPI1_IRQHandler
                0x080005f0                TIM6_DAC_IRQHandler
                0x080005f0                TIM1_BRK_TIM9_IRQHandler
                0x080005f0                DCMI_IRQHandler
                0x080005f0                DMA2_Stream3_IRQHandler
                0x080005f0                USART3_IRQHandler
                0x080005f0                CAN1_RX1_IRQHandler
                0x080005f0                UART5_IRQHandler
                0x080005f0                DMA2_Stream0_IRQHandler
                0x080005f0                TIM4_IRQHandler
                0x080005f0                I2C1_EV_IRQHandler
                0x080005f0                DMA1_Stream6_IRQHandler
                0x080005f0                DMA1_Stream1_IRQHandler
                0x080005f0                UART4_IRQHandler
                0x080005f0                TIM3_IRQHandler
                0x080005f0                RCC_IRQHandler
                0x080005f0                TIM8_BRK_TIM12_IRQHandler
                0x080005f0                Default_Handler
                0x080005f0                EXTI15_10_IRQHandler
                0x080005f0                ADC_IRQHandler
                0x080005f0                DMA1_Stream7_IRQHandler
                0x080005f0                TIM7_IRQHandler
                0x080005f0                CAN2_TX_IRQHandler
                0x080005f0                TIM5_IRQHandler
                0x080005f0                DMA2_Stream7_IRQHandler
                0x080005f0                I2C3_EV_IRQHandler
                0x080005f0                EXTI9_5_IRQHandler
                0x080005f0                RTC_WKUP_IRQHandler
                0x080005f0                ETH_WKUP_IRQHandler
                0x080005f0                SPI2_IRQHandler
                0x080005f0                OTG_HS_EP1_IN_IRQHandler
                0x080005f0                DMA1_Stream0_IRQHandler
                0x080005f0                CAN1_TX_IRQHandler
                0x080005f0                EXTI4_IRQHandler
                0x080005f0                FSMC_IRQHandler
                0x080005f0                ETH_IRQHandler
                0x080005f0                OTG_HS_EP1_OUT_IRQHandler
                0x080005f0                WWDG_IRQHandler
                0x080005f0                TIM2_IRQHandler
                0x080005f0                OTG_FS_WKUP_IRQHandler
                0x080005f0                TIM1_TRG_COM_TIM11_IRQHandler
                0x080005f0                OTG_HS_IRQHandler
                0x080005f0                EXTI1_IRQHandler
                0x080005f0                USART2_IRQHandler
                0x080005f0                I2C2_ER_IRQHandler
                0x080005f0                FLASH_IRQHandler
                0x080005f0                DMA2_Stream4_IRQHandler
                0x080005f0                USART1_IRQHandler
                0x080005f0                OTG_FS_IRQHandler
                0x080005f0                SPI3_IRQHandler
                0x080005f0                DMA1_Stream4_IRQHandler
                0x080005f0                I2C1_ER_IRQHandler
                0x080005f0                DMA2_Stream6_IRQHandler
                0x080005f0                DMA1_Stream3_IRQHandler
 *fill*         0x080005f2        0x2 
 .text.can_init
                0x080005f4       0x7c CMakeFiles/UDP_Communication_Test.elf.dir/D_/Challenge_Cup/MainCode/Core/Src/board.c.obj
 .text.board_peripherals_init_selected.part.0
                0x08000670      0x160 CMakeFiles/UDP_Communication_Test.elf.dir/D_/Challenge_Cup/MainCode/Core/Src/board.c.obj
 .text.board_peripherals_start_selected.part.0
                0x080007d0       0x58 CMakeFiles/UDP_Communication_Test.elf.dir/D_/Challenge_Cup/MainCode/Core/Src/board.c.obj
 .text.HAL_MspInit
                0x08000828       0x3c CMakeFiles/UDP_Communication_Test.elf.dir/D_/Challenge_Cup/MainCode/Core/Src/board.c.obj
                0x08000828                HAL_MspInit
 .text.board_peripherals_init_selected
                0x08000864        0xc CMakeFiles/UDP_Communication_Test.elf.dir/D_/Challenge_Cup/MainCode/Core/Src/board.c.obj
                0x08000864                board_peripherals_init_selected
 .text.board_peripherals_start_selected
                0x08000870        0xc CMakeFiles/UDP_Communication_Test.elf.dir/D_/Challenge_Cup/MainCode/Core/Src/board.c.obj
                0x08000870                board_peripherals_start_selected
 .text.board_phy_reset_release
                0x0800087c       0x2c CMakeFiles/UDP_Communication_Test.elf.dir/D_/Challenge_Cup/MainCode/Core/Src/board.c.obj
                0x0800087c                board_phy_reset_release
 .text.board_led_set
                0x080008a8       0x28 CMakeFiles/UDP_Communication_Test.elf.dir/D_/Challenge_Cup/MainCode/Core/Src/board.c.obj
                0x080008a8                board_led_set
 .text.board_led_toggle
                0x080008d0       0x24 CMakeFiles/UDP_Communication_Test.elf.dir/D_/Challenge_Cup/MainCode/Core/Src/board.c.obj
                0x080008d0                board_led_toggle
 .text.HAL_CAN_MspInit
                0x080008f4       0xfc CMakeFiles/UDP_Communication_Test.elf.dir/D_/Challenge_Cup/MainCode/Core/Src/board.c.obj
                0x080008f4                HAL_CAN_MspInit
 .text.HAL_UART_MspInit
                0x080009f0      0x13c CMakeFiles/UDP_Communication_Test.elf.dir/D_/Challenge_Cup/MainCode/Core/Src/board.c.obj
                0x080009f0                HAL_UART_MspInit
 .text.HAL_CAN_RxFifo0MsgPendingCallback
                0x08000b2c       0x84 CMakeFiles/UDP_Communication_Test.elf.dir/D_/Challenge_Cup/MainCode/Core/Src/board.c.obj
                0x08000b2c                HAL_CAN_RxFifo0MsgPendingCallback
 .text.HAL_CAN_ErrorCallback
                0x08000bb0       0x24 CMakeFiles/UDP_Communication_Test.elf.dir/D_/Challenge_Cup/MainCode/Core/Src/board.c.obj
                0x08000bb0                HAL_CAN_ErrorCallback
 .text.HAL_UART_ErrorCallback
                0x08000bd4       0x18 CMakeFiles/UDP_Communication_Test.elf.dir/D_/Challenge_Cup/MainCode/Core/Src/board.c.obj
                0x08000bd4                HAL_UART_ErrorCallback
 .text.NMI_Handler
                0x08000bec        0x2 CMakeFiles/UDP_Communication_Test.elf.dir/D_/Challenge_Cup/MainCode/Core/Src/stm32f4xx_it.c.obj
                0x08000bec                NMI_Handler
 .text.HardFault_Handler
                0x08000bee        0x2 CMakeFiles/UDP_Communication_Test.elf.dir/D_/Challenge_Cup/MainCode/Core/Src/stm32f4xx_it.c.obj
                0x08000bee                HardFault_Handler
 .text.MemManage_Handler
                0x08000bf0        0x2 CMakeFiles/UDP_Communication_Test.elf.dir/D_/Challenge_Cup/MainCode/Core/Src/stm32f4xx_it.c.obj
                0x08000bf0                MemManage_Handler
 .text.BusFault_Handler
                0x08000bf2        0x2 CMakeFiles/UDP_Communication_Test.elf.dir/D_/Challenge_Cup/MainCode/Core/Src/stm32f4xx_it.c.obj
                0x08000bf2                BusFault_Handler
 .text.UsageFault_Handler
                0x08000bf4        0x2 CMakeFiles/UDP_Communication_Test.elf.dir/D_/Challenge_Cup/MainCode/Core/Src/stm32f4xx_it.c.obj
                0x08000bf4                UsageFault_Handler
 .text.SVC_Handler
                0x08000bf6        0x2 CMakeFiles/UDP_Communication_Test.elf.dir/D_/Challenge_Cup/MainCode/Core/Src/stm32f4xx_it.c.obj
                0x08000bf6                SVC_Handler
 .text.DebugMon_Handler
                0x08000bf8        0x2 CMakeFiles/UDP_Communication_Test.elf.dir/D_/Challenge_Cup/MainCode/Core/Src/stm32f4xx_it.c.obj
                0x08000bf8                DebugMon_Handler
 .text.PendSV_Handler
                0x08000bfa        0x2 CMakeFiles/UDP_Communication_Test.elf.dir/D_/Challenge_Cup/MainCode/Core/Src/stm32f4xx_it.c.obj
                0x08000bfa                PendSV_Handler
 .text.SysTick_Handler
                0x08000bfc        0xe CMakeFiles/UDP_Communication_Test.elf.dir/D_/Challenge_Cup/MainCode/Core/Src/stm32f4xx_it.c.obj
                0x08000bfc                SysTick_Handler
 *fill*         0x08000c0a        0x2 
 .text.CAN1_RX0_IRQHandler
                0x08000c0c        0xc CMakeFiles/UDP_Communication_Test.elf.dir/D_/Challenge_Cup/MainCode/Core/Src/stm32f4xx_it.c.obj
                0x08000c0c                CAN1_RX0_IRQHandler
 .text.CAN2_RX0_IRQHandler
                0x08000c18        0xc CMakeFiles/UDP_Communication_Test.elf.dir/D_/Challenge_Cup/MainCode/Core/Src/stm32f4xx_it.c.obj
                0x08000c18                CAN2_RX0_IRQHandler
 .text.CAN1_SCE_IRQHandler
                0x08000c24        0x4 CMakeFiles/UDP_Communication_Test.elf.dir/D_/Challenge_Cup/MainCode/Core/Src/stm32f4xx_it.c.obj
                0x08000c24                CAN1_SCE_IRQHandler
 .text.CAN2_SCE_IRQHandler
                0x08000c28        0x4 CMakeFiles/UDP_Communication_Test.elf.dir/D_/Challenge_Cup/MainCode/Core/Src/stm32f4xx_it.c.obj
                0x08000c28                CAN2_SCE_IRQHandler
 .text.DMA2_Stream1_IRQHandler
                0x08000c2c        0xc CMakeFiles/UDP_Communication_Test.elf.dir/D_/Challenge_Cup/MainCode/Core/Src/stm32f4xx_it.c.obj
                0x08000c2c                DMA2_Stream1_IRQHandler
 .text.USART6_IRQHandler
                0x08000c38        0xc CMakeFiles/UDP_Communication_Test.elf.dir/D_/Challenge_Cup/MainCode/Core/Src/stm32f4xx_it.c.obj
                0x08000c38                USART6_IRQHandler
 .text._getpid  0x08000c44        0x4 CMakeFiles/UDP_Communication_Test.elf.dir/D_/Challenge_Cup/MainCode/Core/Src/syscalls.c.obj
                0x08000c44                _getpid
 .text._kill    0x08000c48       0x10 CMakeFiles/UDP_Communication_Test.elf.dir/D_/Challenge_Cup/MainCode/Core/Src/syscalls.c.obj
                0x08000c48                _kill
 .text._exit    0x08000c58        0xc CMakeFiles/UDP_Communication_Test.elf.dir/D_/Challenge_Cup/MainCode/Core/Src/syscalls.c.obj
                0x08000c58                _exit
 .text._read    0x08000c64       0x1c CMakeFiles/UDP_Communication_Test.elf.dir/D_/Challenge_Cup/MainCode/Core/Src/syscalls.c.obj
                0x08000c64                _read
 .text._write   0x08000c80       0x1c CMakeFiles/UDP_Communication_Test.elf.dir/D_/Challenge_Cup/MainCode/Core/Src/syscalls.c.obj
                0x08000c80                _write
 .text._close   0x08000c9c        0x6 CMakeFiles/UDP_Communication_Test.elf.dir/D_/Challenge_Cup/MainCode/Core/Src/syscalls.c.obj
                0x08000c9c                _close
 .text._fstat   0x08000ca2        0xa CMakeFiles/UDP_Communication_Test.elf.dir/D_/Challenge_Cup/MainCode/Core/Src/syscalls.c.obj
                0x08000ca2                _fstat
 .text._isatty  0x08000cac        0x4 CMakeFiles/UDP_Communication_Test.elf.dir/D_/Challenge_Cup/MainCode/Core/Src/syscalls.c.obj
                0x08000cac                _isatty
 .text._lseek   0x08000cb0        0x4 CMakeFiles/UDP_Communication_Test.elf.dir/D_/Challenge_Cup/MainCode/Core/Src/syscalls.c.obj
                0x08000cb0                _lseek
 .text._sbrk    0x08000cb4       0x3c CMakeFiles/UDP_Communication_Test.elf.dir/D_/Challenge_Cup/MainCode/Core/Src/sysmem.c.obj
                0x08000cb4                _sbrk
 .text.SystemInit
                0x08000cf0       0x14 CMakeFiles/UDP_Communication_Test.elf.dir/D_/Challenge_Cup/MainCode/Core/Src/system_stm32f4xx.c.obj
                0x08000cf0                SystemInit
 .text.standalone_heartbeat_poll
                0x08000d04       0x1c CMakeFiles/UDP_Communication_Test.elf.dir/D_/Challenge_Cup/MainCode/Projects/ModuleTests/common/Src/standalone_runtime.c.obj
                0x08000d04                standalone_heartbeat_poll
 .text.standalone_set_fault
                0x08000d20        0x8 CMakeFiles/UDP_Communication_Test.elf.dir/D_/Challenge_Cup/MainCode/Projects/ModuleTests/common/Src/standalone_runtime.c.obj
                0x08000d20                standalone_set_fault
 .text.Error_Handler
                0x08000d28        0xe CMakeFiles/UDP_Communication_Test.elf.dir/D_/Challenge_Cup/MainCode/Projects/ModuleTests/common/Src/standalone_runtime.c.obj
                0x08000d28                Error_Handler
 *fill*         0x08000d36        0x2 
 .text.standalone_runtime_init
                0x08000d38       0xf0 CMakeFiles/UDP_Communication_Test.elf.dir/D_/Challenge_Cup/MainCode/Projects/ModuleTests/common/Src/standalone_runtime.c.obj
                0x08000d38                standalone_runtime_init
 .text.app_bridge_on_can_frame
                0x08000e28        0x2 CMakeFiles/UDP_Communication_Test.elf.dir/D_/Challenge_Cup/MainCode/Projects/ModuleTests/common/Src/standalone_hooks.c.obj
                0x08000e28                app_bridge_on_can_frame
 .text.app_bridge_on_can_error
                0x08000e2a        0x2 CMakeFiles/UDP_Communication_Test.elf.dir/D_/Challenge_Cup/MainCode/Projects/ModuleTests/common/Src/standalone_hooks.c.obj
                0x08000e2a                app_bridge_on_can_error
 .text.udp_transport_queue_can_from_isr
                0x08000e2c        0x2 CMakeFiles/UDP_Communication_Test.elf.dir/D_/Challenge_Cup/MainCode/Projects/ModuleTests/common/Src/standalone_hooks.c.obj
                0x08000e2c                udp_transport_queue_can_from_isr
 .text.ETH_PHY_IO_DeInit
                0x08000e2e        0x4 CMakeFiles/UDP_Communication_Test.elf.dir/D_/Challenge_Cup/MainCode/Core/Src/ethernetif.c.obj
                0x08000e2e                ETH_PHY_IO_DeInit
 *fill*         0x08000e32        0x2 
 .text.low_level_output
                0x08000e34       0x60 CMakeFiles/UDP_Communication_Test.elf.dir/D_/Challenge_Cup/MainCode/Core/Src/ethernetif.c.obj
 .text.pbuf_free_custom
                0x08000e94       0x20 CMakeFiles/UDP_Communication_Test.elf.dir/D_/Challenge_Cup/MainCode/Core/Src/ethernetif.c.obj
                0x08000e94                pbuf_free_custom
 .text.ETH_PHY_IO_GetTick
                0x08000eb4        0x4 CMakeFiles/UDP_Communication_Test.elf.dir/D_/Challenge_Cup/MainCode/Core/Src/ethernetif.c.obj
                0x08000eb4                ETH_PHY_IO_GetTick
 .text.ETH_PHY_IO_Init
                0x08000eb8       0x10 CMakeFiles/UDP_Communication_Test.elf.dir/D_/Challenge_Cup/MainCode/Core/Src/ethernetif.c.obj
                0x08000eb8                ETH_PHY_IO_Init
 .text.ETH_PHY_IO_ReadReg
                0x08000ec8       0x1c CMakeFiles/UDP_Communication_Test.elf.dir/D_/Challenge_Cup/MainCode/Core/Src/ethernetif.c.obj
                0x08000ec8                ETH_PHY_IO_ReadReg
 .text.ETH_PHY_IO_WriteReg
                0x08000ee4       0x1c CMakeFiles/UDP_Communication_Test.elf.dir/D_/Challenge_Cup/MainCode/Core/Src/ethernetif.c.obj
                0x08000ee4                ETH_PHY_IO_WriteReg
 .text.ethernetif_input
                0x08000f00       0x44 CMakeFiles/UDP_Communication_Test.elf.dir/D_/Challenge_Cup/MainCode/Core/Src/ethernetif.c.obj
                0x08000f00                ethernetif_input
 .text.sys_now  0x08000f44        0x4 CMakeFiles/UDP_Communication_Test.elf.dir/D_/Challenge_Cup/MainCode/Core/Src/ethernetif.c.obj
                0x08000f44                sys_now
 .text.HAL_ETH_MspInit
                0x08000f48       0xc8 CMakeFiles/UDP_Communication_Test.elf.dir/D_/Challenge_Cup/MainCode/Core/Src/ethernetif.c.obj
                0x08000f48                HAL_ETH_MspInit
 .text.ethernet_link_check_state
                0x08001010       0x94 CMakeFiles/UDP_Communication_Test.elf.dir/D_/Challenge_Cup/MainCode/Core/Src/ethernetif.c.obj
                0x08001010                ethernet_link_check_state
 .text.ethernetif_init
                0x080010a4       0xe8 CMakeFiles/UDP_Communication_Test.elf.dir/D_/Challenge_Cup/MainCode/Core/Src/ethernetif.c.obj
                0x080010a4                ethernetif_init
 .text.HAL_ETH_RxAllocateCallback
                0x0800118c       0x44 CMakeFiles/UDP_Communication_Test.elf.dir/D_/Challenge_Cup/MainCode/Core/Src/ethernetif.c.obj
                0x0800118c                HAL_ETH_RxAllocateCallback
 .text.HAL_ETH_RxLinkCallback
                0x080011d0       0x32 CMakeFiles/UDP_Communication_Test.elf.dir/D_/Challenge_Cup/MainCode/Core/Src/ethernetif.c.obj
                0x080011d0                HAL_ETH_RxLinkCallback
 *fill*         0x08001202        0x2 
 .text.echo_receive
                0x08001204       0xf0 CMakeFiles/UDP_Communication_Test.elf.dir/Src/main.c.obj
 .text.startup.main
                0x080012f4      0x104 CMakeFiles/UDP_Communication_Test.elf.dir/Src/main.c.obj
                0x080012f4                main
 .text.HAL_InitTick
                0x080013f8       0x48 CMakeFiles/UDP_Communication_Test.elf.dir/D_/Challenge_Cup/MainCode/Drivers/STM32F4xx_HAL_Driver/Src/stm32f4xx_hal.c.obj
                0x080013f8                HAL_InitTick
 .text.HAL_Init
                0x08001440       0x34 CMakeFiles/UDP_Communication_Test.elf.dir/D_/Challenge_Cup/MainCode/Drivers/STM32F4xx_HAL_Driver/Src/stm32f4xx_hal.c.obj
                0x08001440                HAL_Init
 .text.HAL_IncTick
                0x08001474       0x18 CMakeFiles/UDP_Communication_Test.elf.dir/D_/Challenge_Cup/MainCode/Drivers/STM32F4xx_HAL_Driver/Src/stm32f4xx_hal.c.obj
                0x08001474                HAL_IncTick
 .text.HAL_GetTick
                0x0800148c        0xc CMakeFiles/UDP_Communication_Test.elf.dir/D_/Challenge_Cup/MainCode/Drivers/STM32F4xx_HAL_Driver/Src/stm32f4xx_hal.c.obj
                0x0800148c                HAL_GetTick
 .text.HAL_Delay
                0x08001498       0x28 CMakeFiles/UDP_Communication_Test.elf.dir/D_/Challenge_Cup/MainCode/Drivers/STM32F4xx_HAL_Driver/Src/stm32f4xx_hal.c.obj
                0x08001498                HAL_Delay
 .text.HAL_GetREVID
                0x080014c0        0xc CMakeFiles/UDP_Communication_Test.elf.dir/D_/Challenge_Cup/MainCode/Drivers/STM32F4xx_HAL_Driver/Src/stm32f4xx_hal.c.obj
                0x080014c0                HAL_GetREVID
 .text.HAL_CAN_Init
                0x080014cc       0xf6 CMakeFiles/UDP_Communication_Test.elf.dir/D_/Challenge_Cup/MainCode/Drivers/STM32F4xx_HAL_Driver/Src/stm32f4xx_hal_can.c.obj
                0x080014cc                HAL_CAN_Init
 *fill*         0x080015c2        0x2 
 .text.HAL_CAN_ConfigFilter
                0x080015c4      0x10c CMakeFiles/UDP_Communication_Test.elf.dir/D_/Challenge_Cup/MainCode/Drivers/STM32F4xx_HAL_Driver/Src/stm32f4xx_hal_can.c.obj
                0x080015c4                HAL_CAN_ConfigFilter
 .text.HAL_CAN_Start
                0x080016d0       0x56 CMakeFiles/UDP_Communication_Test.elf.dir/D_/Challenge_Cup/MainCode/Drivers/STM32F4xx_HAL_Driver/Src/stm32f4xx_hal_can.c.obj
                0x080016d0                HAL_CAN_Start
 .text.HAL_CAN_GetRxMessage
                0x08001726       0xf8 CMakeFiles/UDP_Communication_Test.elf.dir/D_/Challenge_Cup/MainCode/Drivers/STM32F4xx_HAL_Driver/Src/stm32f4xx_hal_can.c.obj
                0x08001726                HAL_CAN_GetRxMessage
 .text.HAL_CAN_GetRxFifoFillLevel
                0x0800181e       0x1e CMakeFiles/UDP_Communication_Test.elf.dir/D_/Challenge_Cup/MainCode/Drivers/STM32F4xx_HAL_Driver/Src/stm32f4xx_hal_can.c.obj
                0x0800181e                HAL_CAN_GetRxFifoFillLevel
 .text.HAL_CAN_ActivateNotification
                0x0800183c       0x22 CMakeFiles/UDP_Communication_Test.elf.dir/D_/Challenge_Cup/MainCode/Drivers/STM32F4xx_HAL_Driver/Src/stm32f4xx_hal_can.c.obj
                0x0800183c                HAL_CAN_ActivateNotification
 .text.HAL_CAN_TxMailbox0CompleteCallback
                0x0800185e        0x2 CMakeFiles/UDP_Communication_Test.elf.dir/D_/Challenge_Cup/MainCode/Drivers/STM32F4xx_HAL_Driver/Src/stm32f4xx_hal_can.c.obj
                0x0800185e                HAL_CAN_TxMailbox0CompleteCallback
 .text.HAL_CAN_TxMailbox1CompleteCallback
                0x08001860        0x2 CMakeFiles/UDP_Communication_Test.elf.dir/D_/Challenge_Cup/MainCode/Drivers/STM32F4xx_HAL_Driver/Src/stm32f4xx_hal_can.c.obj
                0x08001860                HAL_CAN_TxMailbox1CompleteCallback
 .text.HAL_CAN_TxMailbox2CompleteCallback
                0x08001862        0x2 CMakeFiles/UDP_Communication_Test.elf.dir/D_/Challenge_Cup/MainCode/Drivers/STM32F4xx_HAL_Driver/Src/stm32f4xx_hal_can.c.obj
                0x08001862                HAL_CAN_TxMailbox2CompleteCallback
 .text.HAL_CAN_TxMailbox0AbortCallback
                0x08001864        0x2 CMakeFiles/UDP_Communication_Test.elf.dir/D_/Challenge_Cup/MainCode/Drivers/STM32F4xx_HAL_Driver/Src/stm32f4xx_hal_can.c.obj
                0x08001864                HAL_CAN_TxMailbox0AbortCallback
 .text.HAL_CAN_TxMailbox1AbortCallback
                0x08001866        0x2 CMakeFiles/UDP_Communication_Test.elf.dir/D_/Challenge_Cup/MainCode/Drivers/STM32F4xx_HAL_Driver/Src/stm32f4xx_hal_can.c.obj
                0x08001866                HAL_CAN_TxMailbox1AbortCallback
 .text.HAL_CAN_TxMailbox2AbortCallback
                0x08001868        0x2 CMakeFiles/UDP_Communication_Test.elf.dir/D_/Challenge_Cup/MainCode/Drivers/STM32F4xx_HAL_Driver/Src/stm32f4xx_hal_can.c.obj
                0x08001868                HAL_CAN_TxMailbox2AbortCallback
 .text.HAL_CAN_RxFifo0FullCallback
                0x0800186a        0x2 CMakeFiles/UDP_Communication_Test.elf.dir/D_/Challenge_Cup/MainCode/Drivers/STM32F4xx_HAL_Driver/Src/stm32f4xx_hal_can.c.obj
                0x0800186a                HAL_CAN_RxFifo0FullCallback
 .text.HAL_CAN_RxFifo1MsgPendingCallback
                0x0800186c        0x2 CMakeFiles/UDP_Communication_Test.elf.dir/D_/Challenge_Cup/MainCode/Drivers/STM32F4xx_HAL_Driver/Src/stm32f4xx_hal_can.c.obj
                0x0800186c                HAL_CAN_RxFifo1MsgPendingCallback
 .text.HAL_CAN_RxFifo1FullCallback
                0x0800186e        0x2 CMakeFiles/UDP_Communication_Test.elf.dir/D_/Challenge_Cup/MainCode/Drivers/STM32F4xx_HAL_Driver/Src/stm32f4xx_hal_can.c.obj
                0x0800186e                HAL_CAN_RxFifo1FullCallback
 .text.HAL_CAN_SleepCallback
                0x08001870        0x2 CMakeFiles/UDP_Communication_Test.elf.dir/D_/Challenge_Cup/MainCode/Drivers/STM32F4xx_HAL_Driver/Src/stm32f4xx_hal_can.c.obj
                0x08001870                HAL_CAN_SleepCallback
 .text.HAL_CAN_WakeUpFromRxMsgCallback
                0x08001872        0x2 CMakeFiles/UDP_Communication_Test.elf.dir/D_/Challenge_Cup/MainCode/Drivers/STM32F4xx_HAL_Driver/Src/stm32f4xx_hal_can.c.obj
                0x08001872                HAL_CAN_WakeUpFromRxMsgCallback
 .text.HAL_CAN_IRQHandler
                0x08001874      0x208 CMakeFiles/UDP_Communication_Test.elf.dir/D_/Challenge_Cup/MainCode/Drivers/STM32F4xx_HAL_Driver/Src/stm32f4xx_hal_can.c.obj
                0x08001874                HAL_CAN_IRQHandler
 .text.HAL_CAN_GetError
                0x08001a7c        0x4 CMakeFiles/UDP_Communication_Test.elf.dir/D_/Challenge_Cup/MainCode/Drivers/STM32F4xx_HAL_Driver/Src/stm32f4xx_hal_can.c.obj
                0x08001a7c                HAL_CAN_GetError
 .text.HAL_NVIC_SetPriorityGrouping
                0x08001a80       0x24 CMakeFiles/UDP_Communication_Test.elf.dir/D_/Challenge_Cup/MainCode/Drivers/STM32F4xx_HAL_Driver/Src/stm32f4xx_hal_cortex.c.obj
                0x08001a80                HAL_NVIC_SetPriorityGrouping
 .text.HAL_NVIC_SetPriority
                0x08001aa4       0x64 CMakeFiles/UDP_Communication_Test.elf.dir/D_/Challenge_Cup/MainCode/Drivers/STM32F4xx_HAL_Driver/Src/stm32f4xx_hal_cortex.c.obj
                0x08001aa4                HAL_NVIC_SetPriority
 .text.HAL_NVIC_EnableIRQ
                0x08001b08       0x1c CMakeFiles/UDP_Communication_Test.elf.dir/D_/Challenge_Cup/MainCode/Drivers/STM32F4xx_HAL_Driver/Src/stm32f4xx_hal_cortex.c.obj
                0x08001b08                HAL_NVIC_EnableIRQ
 .text.HAL_SYSTICK_Config
                0x08001b24       0x28 CMakeFiles/UDP_Communication_Test.elf.dir/D_/Challenge_Cup/MainCode/Drivers/STM32F4xx_HAL_Driver/Src/stm32f4xx_hal_cortex.c.obj
                0x08001b24                HAL_SYSTICK_Config
 .text.HAL_SYSTICK_Callback
                0x08001b4c        0x2 CMakeFiles/UDP_Communication_Test.elf.dir/D_/Challenge_Cup/MainCode/Drivers/STM32F4xx_HAL_Driver/Src/stm32f4xx_hal_cortex.c.obj
                0x08001b4c                HAL_SYSTICK_Callback
 .text.HAL_SYSTICK_IRQHandler
                0x08001b4e        0x8 CMakeFiles/UDP_Communication_Test.elf.dir/D_/Challenge_Cup/MainCode/Drivers/STM32F4xx_HAL_Driver/Src/stm32f4xx_hal_cortex.c.obj
                0x08001b4e                HAL_SYSTICK_IRQHandler
 *fill*         0x08001b56        0x2 
 .text.DMA_CalcBaseAndBitshift
                0x08001b58       0x2c CMakeFiles/UDP_Communication_Test.elf.dir/D_/Challenge_Cup/MainCode/Drivers/STM32F4xx_HAL_Driver/Src/stm32f4xx_hal_dma.c.obj
 .text.HAL_DMA_Init
                0x08001b84       0xfc CMakeFiles/UDP_Communication_Test.elf.dir/D_/Challenge_Cup/MainCode/Drivers/STM32F4xx_HAL_Driver/Src/stm32f4xx_hal_dma.c.obj
                0x08001b84                HAL_DMA_Init
 .text.HAL_DMA_Abort
                0x08001c80       0x7c CMakeFiles/UDP_Communication_Test.elf.dir/D_/Challenge_Cup/MainCode/Drivers/STM32F4xx_HAL_Driver/Src/stm32f4xx_hal_dma.c.obj
                0x08001c80                HAL_DMA_Abort
 .text.HAL_DMA_Abort_IT
                0x08001cfc       0x24 CMakeFiles/UDP_Communication_Test.elf.dir/D_/Challenge_Cup/MainCode/Drivers/STM32F4xx_HAL_Driver/Src/stm32f4xx_hal_dma.c.obj
                0x08001cfc                HAL_DMA_Abort_IT
 .text.HAL_DMA_IRQHandler
                0x08001d20      0x17c CMakeFiles/UDP_Communication_Test.elf.dir/D_/Challenge_Cup/MainCode/Drivers/STM32F4xx_HAL_Driver/Src/stm32f4xx_hal_dma.c.obj
                0x08001d20                HAL_DMA_IRQHandler
 .text.HAL_GPIO_Init
                0x08001e9c      0x1b0 CMakeFiles/UDP_Communication_Test.elf.dir/D_/Challenge_Cup/MainCode/Drivers/STM32F4xx_HAL_Driver/Src/stm32f4xx_hal_gpio.c.obj
                0x08001e9c                HAL_GPIO_Init
 .text.HAL_GPIO_WritePin
                0x0800204c        0xa CMakeFiles/UDP_Communication_Test.elf.dir/D_/Challenge_Cup/MainCode/Drivers/STM32F4xx_HAL_Driver/Src/stm32f4xx_hal_gpio.c.obj
                0x0800204c                HAL_GPIO_WritePin
 .text.HAL_GPIO_TogglePin
                0x08002056       0x12 CMakeFiles/UDP_Communication_Test.elf.dir/D_/Challenge_Cup/MainCode/Drivers/STM32F4xx_HAL_Driver/Src/stm32f4xx_hal_gpio.c.obj
                0x08002056                HAL_GPIO_TogglePin
 .text.HAL_RCC_OscConfig
                0x08002068      0x35c CMakeFiles/UDP_Communication_Test.elf.dir/D_/Challenge_Cup/MainCode/Drivers/STM32F4xx_HAL_Driver/Src/stm32f4xx_hal_rcc.c.obj
                0x08002068                HAL_RCC_OscConfig
 .text.HAL_RCC_GetSysClockFreq
                0x080023c4       0x5c CMakeFiles/UDP_Communication_Test.elf.dir/D_/Challenge_Cup/MainCode/Drivers/STM32F4xx_HAL_Driver/Src/stm32f4xx_hal_rcc.c.obj
                0x080023c4                HAL_RCC_GetSysClockFreq
 .text.HAL_RCC_ClockConfig
                0x08002420      0x134 CMakeFiles/UDP_Communication_Test.elf.dir/D_/Challenge_Cup/MainCode/Drivers/STM32F4xx_HAL_Driver/Src/stm32f4xx_hal_rcc.c.obj
                0x08002420                HAL_RCC_ClockConfig
 .text.HAL_RCC_GetHCLKFreq
                0x08002554        0xc CMakeFiles/UDP_Communication_Test.elf.dir/D_/Challenge_Cup/MainCode/Drivers/STM32F4xx_HAL_Driver/Src/stm32f4xx_hal_rcc.c.obj
                0x08002554                HAL_RCC_GetHCLKFreq
 .text.HAL_RCC_GetPCLK1Freq
                0x08002560       0x20 CMakeFiles/UDP_Communication_Test.elf.dir/D_/Challenge_Cup/MainCode/Drivers/STM32F4xx_HAL_Driver/Src/stm32f4xx_hal_rcc.c.obj
                0x08002560                HAL_RCC_GetPCLK1Freq
 .text.HAL_RCC_GetPCLK2Freq
                0x08002580       0x20 CMakeFiles/UDP_Communication_Test.elf.dir/D_/Challenge_Cup/MainCode/Drivers/STM32F4xx_HAL_Driver/Src/stm32f4xx_hal_rcc.c.obj
                0x08002580                HAL_RCC_GetPCLK2Freq
 .text.UART_EndRxTransfer
                0x080025a0       0x5c CMakeFiles/UDP_Communication_Test.elf.dir/D_/Challenge_Cup/MainCode/Drivers/STM32F4xx_HAL_Driver/Src/stm32f4xx_hal_uart.c.obj
 .text.UART_SetConfig
                0x080025fc       0xbc CMakeFiles/UDP_Communication_Test.elf.dir/D_/Challenge_Cup/MainCode/Drivers/STM32F4xx_HAL_Driver/Src/stm32f4xx_hal_uart.c.obj
 .text.HAL_UART_Init
                0x080026b8       0x5e CMakeFiles/UDP_Communication_Test.elf.dir/D_/Challenge_Cup/MainCode/Drivers/STM32F4xx_HAL_Driver/Src/stm32f4xx_hal_uart.c.obj
                0x080026b8                HAL_UART_Init
 .text.HAL_UART_TxCpltCallback
                0x08002716        0x2 CMakeFiles/UDP_Communication_Test.elf.dir/D_/Challenge_Cup/MainCode/Drivers/STM32F4xx_HAL_Driver/Src/stm32f4xx_hal_uart.c.obj
                0x08002716                HAL_UART_TxCpltCallback
 .text.HAL_UART_RxCpltCallback
                0x08002718        0x2 CMakeFiles/UDP_Communication_Test.elf.dir/D_/Challenge_Cup/MainCode/Drivers/STM32F4xx_HAL_Driver/Src/stm32f4xx_hal_uart.c.obj
                0x08002718                HAL_UART_RxCpltCallback
 .text.UART_DMAAbortOnError
                0x0800271a        0xe CMakeFiles/UDP_Communication_Test.elf.dir/D_/Challenge_Cup/MainCode/Drivers/STM32F4xx_HAL_Driver/Src/stm32f4xx_hal_uart.c.obj
 .text.HAL_UARTEx_RxEventCallback
                0x08002728        0x2 CMakeFiles/UDP_Communication_Test.elf.dir/D_/Challenge_Cup/MainCode/Drivers/STM32F4xx_HAL_Driver/Src/stm32f4xx_hal_uart.c.obj
                0x08002728                HAL_UARTEx_RxEventCallback
 .text.UART_Receive_IT.isra.0
                0x0800272a       0xb4 CMakeFiles/UDP_Communication_Test.elf.dir/D_/Challenge_Cup/MainCode/Drivers/STM32F4xx_HAL_Driver/Src/stm32f4xx_hal_uart.c.obj
 *fill*         0x080027de        0x2 
 .text.HAL_UART_IRQHandler
                0x080027e0      0x2a0 CMakeFiles/UDP_Communication_Test.elf.dir/D_/Challenge_Cup/MainCode/Drivers/STM32F4xx_HAL_Driver/Src/stm32f4xx_hal_uart.c.obj
                0x080027e0                HAL_UART_IRQHandler
 .text.ETH_Prepare_Tx_Descriptors
                0x08002a80      0x16c CMakeFiles/UDP_Communication_Test.elf.dir/D_/Challenge_Cup/MainCode/Drivers/STM32F4xx_HAL_Driver/Src/stm32f4xx_hal_eth.c.obj
 .text.ETH_SetMACConfig
                0x08002bec       0xec CMakeFiles/UDP_Communication_Test.elf.dir/D_/Challenge_Cup/MainCode/Drivers/STM32F4xx_HAL_Driver/Src/stm32f4xx_hal_eth.c.obj
 .text.ETH_SetDMAConfig
                0x08002cd8       0xa4 CMakeFiles/UDP_Communication_Test.elf.dir/D_/Challenge_Cup/MainCode/Drivers/STM32F4xx_HAL_Driver/Src/stm32f4xx_hal_eth.c.obj
 .text.ETH_FlushTransmitFIFO
                0x08002d7c       0x2e CMakeFiles/UDP_Communication_Test.elf.dir/D_/Challenge_Cup/MainCode/Drivers/STM32F4xx_HAL_Driver/Src/stm32f4xx_hal_eth.c.obj
 .text.ETH_UpdateDescriptor
                0x08002daa       0x80 CMakeFiles/UDP_Communication_Test.elf.dir/D_/Challenge_Cup/MainCode/Drivers/STM32F4xx_HAL_Driver/Src/stm32f4xx_hal_eth.c.obj
 *fill*         0x08002e2a        0x2 
 .text.HAL_ETH_Init
                0x08002e2c      0x1f8 CMakeFiles/UDP_Communication_Test.elf.dir/D_/Challenge_Cup/MainCode/Drivers/STM32F4xx_HAL_Driver/Src/stm32f4xx_hal_eth.c.obj
                0x08002e2c                HAL_ETH_Init
 .text.HAL_ETH_Start
                0x08003024       0x6e CMakeFiles/UDP_Communication_Test.elf.dir/D_/Challenge_Cup/MainCode/Drivers/STM32F4xx_HAL_Driver/Src/stm32f4xx_hal_eth.c.obj
                0x08003024                HAL_ETH_Start
 .text.HAL_ETH_Stop
                0x08003092       0x66 CMakeFiles/UDP_Communication_Test.elf.dir/D_/Challenge_Cup/MainCode/Drivers/STM32F4xx_HAL_Driver/Src/stm32f4xx_hal_eth.c.obj
                0x08003092                HAL_ETH_Stop
 .text.HAL_ETH_Transmit
                0x080030f8       0xac CMakeFiles/UDP_Communication_Test.elf.dir/D_/Challenge_Cup/MainCode/Drivers/STM32F4xx_HAL_Driver/Src/stm32f4xx_hal_eth.c.obj
                0x080030f8                HAL_ETH_Transmit
 .text.HAL_ETH_ReadData
                0x080031a4       0xe8 CMakeFiles/UDP_Communication_Test.elf.dir/D_/Challenge_Cup/MainCode/Drivers/STM32F4xx_HAL_Driver/Src/stm32f4xx_hal_eth.c.obj
                0x080031a4                HAL_ETH_ReadData
 .text.HAL_ETH_ReadPHYRegister
                0x0800328c       0x4a CMakeFiles/UDP_Communication_Test.elf.dir/D_/Challenge_Cup/MainCode/Drivers/STM32F4xx_HAL_Driver/Src/stm32f4xx_hal_eth.c.obj
                0x0800328c                HAL_ETH_ReadPHYRegister
 .text.HAL_ETH_WritePHYRegister
                0x080032d6       0x46 CMakeFiles/UDP_Communication_Test.elf.dir/D_/Challenge_Cup/MainCode/Drivers/STM32F4xx_HAL_Driver/Src/stm32f4xx_hal_eth.c.obj
                0x080032d6                HAL_ETH_WritePHYRegister
 .text.HAL_ETH_GetMACConfig
                0x0800331c       0xcc CMakeFiles/UDP_Communication_Test.elf.dir/D_/Challenge_Cup/MainCode/Drivers/STM32F4xx_HAL_Driver/Src/stm32f4xx_hal_eth.c.obj
                0x0800331c                HAL_ETH_GetMACConfig
 .text.HAL_ETH_SetMACConfig
                0x080033e8       0x18 CMakeFiles/UDP_Communication_Test.elf.dir/D_/Challenge_Cup/MainCode/Drivers/STM32F4xx_HAL_Driver/Src/stm32f4xx_hal_eth.c.obj
                0x080033e8                HAL_ETH_SetMACConfig
 .text.HAL_ETH_SetMDIOClockRange
                0x08003400       0x54 CMakeFiles/UDP_Communication_Test.elf.dir/D_/Challenge_Cup/MainCode/Drivers/STM32F4xx_HAL_Driver/Src/stm32f4xx_hal_eth.c.obj
                0x08003400                HAL_ETH_SetMDIOClockRange
 .text.LAN8742_RegisterBusIO
                0x08003454       0x28 CMakeFiles/UDP_Communication_Test.elf.dir/D_/Challenge_Cup/MainCode/Drivers/BSP/Components/lan8742/lan8742.c.obj
                0x08003454                LAN8742_RegisterBusIO
 .text.LAN8742_Init
                0x0800347c       0x5c CMakeFiles/UDP_Communication_Test.elf.dir/D_/Challenge_Cup/MainCode/Drivers/BSP/Components/lan8742/lan8742.c.obj
                0x0800347c                LAN8742_Init
 .text.LAN8742_GetLinkState
                0x080034d8       0x94 CMakeFiles/UDP_Communication_Test.elf.dir/D_/Challenge_Cup/MainCode/Drivers/BSP/Components/lan8742/lan8742.c.obj
                0x080034d8                LAN8742_GetLinkState
 .text.lwip_htons
                0x0800356c        0x6 CMakeFiles/UDP_Communication_Test.elf.dir/D_/Challenge_Cup/MainCode/Middlewares/Third_Party/LwIP/src/core/def.c.obj
                0x0800356c                lwip_htons
 .text.lwip_standard_chksum
                0x08003572       0x50 CMakeFiles/UDP_Communication_Test.elf.dir/D_/Challenge_Cup/MainCode/Middlewares/Third_Party/LwIP/src/core/inet_chksum.c.obj
                0x08003572                lwip_standard_chksum
 .text.inet_chksum_pbuf
                0x080035c2       0x3e CMakeFiles/UDP_Communication_Test.elf.dir/D_/Challenge_Cup/MainCode/Middlewares/Third_Party/LwIP/src/core/inet_chksum.c.obj
                0x080035c2                inet_chksum_pbuf
 .text.lwip_init
                0x08003600       0x1a CMakeFiles/UDP_Communication_Test.elf.dir/D_/Challenge_Cup/MainCode/Middlewares/Third_Party/LwIP/src/core/init.c.obj
                0x08003600                lwip_init
 *fill*         0x0800361a        0x2 
 .text.mem_init
                0x0800361c       0x44 CMakeFiles/UDP_Communication_Test.elf.dir/D_/Challenge_Cup/MainCode/Middlewares/Third_Party/LwIP/src/core/mem.c.obj
                0x0800361c                mem_init
 .text.mem_free
                0x08003660      0x100 CMakeFiles/UDP_Communication_Test.elf.dir/D_/Challenge_Cup/MainCode/Middlewares/Third_Party/LwIP/src/core/mem.c.obj
                0x08003660                mem_free
 .text.mem_trim
                0x08003760      0x114 CMakeFiles/UDP_Communication_Test.elf.dir/D_/Challenge_Cup/MainCode/Middlewares/Third_Party/LwIP/src/core/mem.c.obj
                0x08003760                mem_trim
 .text.mem_malloc
                0x08003874       0xf0 CMakeFiles/UDP_Communication_Test.elf.dir/D_/Challenge_Cup/MainCode/Middlewares/Third_Party/LwIP/src/core/mem.c.obj
                0x08003874                mem_malloc
 .text.do_memp_malloc_pool.isra.0
                0x08003964       0x16 CMakeFiles/UDP_Communication_Test.elf.dir/D_/Challenge_Cup/MainCode/Middlewares/Third_Party/LwIP/src/core/memp.c.obj
 .text.memp_init_pool
                0x0800397a       0x26 CMakeFiles/UDP_Communication_Test.elf.dir/D_/Challenge_Cup/MainCode/Middlewares/Third_Party/LwIP/src/core/memp.c.obj
                0x0800397a                memp_init_pool
 .text.memp_init
                0x080039a0       0x44 CMakeFiles/UDP_Communication_Test.elf.dir/D_/Challenge_Cup/MainCode/Middlewares/Third_Party/LwIP/src/core/memp.c.obj
                0x080039a0                memp_init
 .text.memp_malloc_pool
                0x080039e4       0x18 CMakeFiles/UDP_Communication_Test.elf.dir/D_/Challenge_Cup/MainCode/Middlewares/Third_Party/LwIP/src/core/memp.c.obj
                0x080039e4                memp_malloc_pool
 .text.memp_malloc
                0x080039fc       0x24 CMakeFiles/UDP_Communication_Test.elf.dir/D_/Challenge_Cup/MainCode/Middlewares/Third_Party/LwIP/src/core/memp.c.obj
                0x080039fc                memp_malloc
 .text.memp_free_pool
                0x08003a20       0x26 CMakeFiles/UDP_Communication_Test.elf.dir/D_/Challenge_Cup/MainCode/Middlewares/Third_Party/LwIP/src/core/memp.c.obj
                0x08003a20                memp_free_pool
 *fill*         0x08003a46        0x2 
 .text.memp_free
                0x08003a48       0x30 CMakeFiles/UDP_Communication_Test.elf.dir/D_/Challenge_Cup/MainCode/Middlewares/Third_Party/LwIP/src/core/memp.c.obj
                0x08003a48                memp_free
 .text.netif_null_output_ip4
                0x08003a78        0x6 CMakeFiles/UDP_Communication_Test.elf.dir/D_/Challenge_Cup/MainCode/Middlewares/Third_Party/LwIP/src/core/netif.c.obj
 .text.netif_issue_reports
                0x08003a7e       0x2c CMakeFiles/UDP_Communication_Test.elf.dir/D_/Challenge_Cup/MainCode/Middlewares/Third_Party/LwIP/src/core/netif.c.obj
 .text.netif_do_set_ipaddr.isra.0
                0x08003aaa       0x32 CMakeFiles/UDP_Communication_Test.elf.dir/D_/Challenge_Cup/MainCode/Middlewares/Third_Party/LwIP/src/core/netif.c.obj
 .text.netif_init
                0x08003adc        0x2 CMakeFiles/UDP_Communication_Test.elf.dir/D_/Challenge_Cup/MainCode/Middlewares/Third_Party/LwIP/src/core/netif.c.obj
                0x08003adc                netif_init
 *fill*         0x08003ade        0x2 
 .text.netif_set_addr
                0x08003ae0       0x58 CMakeFiles/UDP_Communication_Test.elf.dir/D_/Challenge_Cup/MainCode/Middlewares/Third_Party/LwIP/src/core/netif.c.obj
                0x08003ae0                netif_set_addr
 .text.netif_add
                0x08003b38       0xd4 CMakeFiles/UDP_Communication_Test.elf.dir/D_/Challenge_Cup/MainCode/Middlewares/Third_Party/LwIP/src/core/netif.c.obj
                0x08003b38                netif_add
 .text.netif_set_default
                0x08003c0c        0xc CMakeFiles/UDP_Communication_Test.elf.dir/D_/Challenge_Cup/MainCode/Middlewares/Third_Party/LwIP/src/core/netif.c.obj
                0x08003c0c                netif_set_default
 .text.netif_set_up
                0x08003c18       0x1e CMakeFiles/UDP_Communication_Test.elf.dir/D_/Challenge_Cup/MainCode/Middlewares/Third_Party/LwIP/src/core/netif.c.obj
                0x08003c18                netif_set_up
 .text.netif_set_down
                0x08003c36       0x20 CMakeFiles/UDP_Communication_Test.elf.dir/D_/Challenge_Cup/MainCode/Middlewares/Third_Party/LwIP/src/core/netif.c.obj
                0x08003c36                netif_set_down
 .text.netif_set_link_up
                0x08003c56       0x32 CMakeFiles/UDP_Communication_Test.elf.dir/D_/Challenge_Cup/MainCode/Middlewares/Third_Party/LwIP/src/core/netif.c.obj
                0x08003c56                netif_set_link_up
 .text.netif_set_link_down
                0x08003c88       0x1e CMakeFiles/UDP_Communication_Test.elf.dir/D_/Challenge_Cup/MainCode/Middlewares/Third_Party/LwIP/src/core/netif.c.obj
                0x08003c88                netif_set_link_down
 *fill*         0x08003ca6        0x2 
 .text.netif_get_by_index
                0x08003ca8       0x24 CMakeFiles/UDP_Communication_Test.elf.dir/D_/Challenge_Cup/MainCode/Middlewares/Third_Party/LwIP/src/core/netif.c.obj
                0x08003ca8                netif_get_by_index
 .text.pbuf_add_header_impl
                0x08003ccc       0x50 CMakeFiles/UDP_Communication_Test.elf.dir/D_/Challenge_Cup/MainCode/Middlewares/Third_Party/LwIP/src/core/pbuf.c.obj
 .text.pbuf_alloc_reference
                0x08003d1c       0x30 CMakeFiles/UDP_Communication_Test.elf.dir/D_/Challenge_Cup/MainCode/Middlewares/Third_Party/LwIP/src/core/pbuf.c.obj
                0x08003d1c                pbuf_alloc_reference
 .text.pbuf_alloced_custom
                0x08003d4c       0x32 CMakeFiles/UDP_Communication_Test.elf.dir/D_/Challenge_Cup/MainCode/Middlewares/Third_Party/LwIP/src/core/pbuf.c.obj
                0x08003d4c                pbuf_alloced_custom
 .text.pbuf_add_header
                0x08003d7e        0x6 CMakeFiles/UDP_Communication_Test.elf.dir/D_/Challenge_Cup/MainCode/Middlewares/Third_Party/LwIP/src/core/pbuf.c.obj
                0x08003d7e                pbuf_add_header
 .text.pbuf_remove_header
                0x08003d84       0x32 CMakeFiles/UDP_Communication_Test.elf.dir/D_/Challenge_Cup/MainCode/Middlewares/Third_Party/LwIP/src/core/pbuf.c.obj
                0x08003d84                pbuf_remove_header
 .text.pbuf_header_force
                0x08003db6       0x10 CMakeFiles/UDP_Communication_Test.elf.dir/D_/Challenge_Cup/MainCode/Middlewares/Third_Party/LwIP/src/core/pbuf.c.obj
                0x08003db6                pbuf_header_force
 .text.pbuf_free
                0x08003dc6       0x76 CMakeFiles/UDP_Communication_Test.elf.dir/D_/Challenge_Cup/MainCode/Middlewares/Third_Party/LwIP/src/core/pbuf.c.obj
                0x08003dc6                pbuf_free
 .text.pbuf_alloc
                0x08003e3c       0xdc CMakeFiles/UDP_Communication_Test.elf.dir/D_/Challenge_Cup/MainCode/Middlewares/Third_Party/LwIP/src/core/pbuf.c.obj
                0x08003e3c                pbuf_alloc
 .text.pbuf_realloc
                0x08003f18       0x6c CMakeFiles/UDP_Communication_Test.elf.dir/D_/Challenge_Cup/MainCode/Middlewares/Third_Party/LwIP/src/core/pbuf.c.obj
                0x08003f18                pbuf_realloc
 .text.pbuf_clen
                0x08003f84       0x10 CMakeFiles/UDP_Communication_Test.elf.dir/D_/Challenge_Cup/MainCode/Middlewares/Third_Party/LwIP/src/core/pbuf.c.obj
                0x08003f84                pbuf_clen
 .text.pbuf_ref
                0x08003f94       0x12 CMakeFiles/UDP_Communication_Test.elf.dir/D_/Challenge_Cup/MainCode/Middlewares/Third_Party/LwIP/src/core/pbuf.c.obj
                0x08003f94                pbuf_ref
 .text.pbuf_cat
                0x08003fa6       0x40 CMakeFiles/UDP_Communication_Test.elf.dir/D_/Challenge_Cup/MainCode/Middlewares/Third_Party/LwIP/src/core/pbuf.c.obj
                0x08003fa6                pbuf_cat
 .text.pbuf_chain
                0x08003fe6       0x12 CMakeFiles/UDP_Communication_Test.elf.dir/D_/Challenge_Cup/MainCode/Middlewares/Third_Party/LwIP/src/core/pbuf.c.obj
                0x08003fe6                pbuf_chain
 .text.pbuf_copy
                0x08003ff8       0xa6 CMakeFiles/UDP_Communication_Test.elf.dir/D_/Challenge_Cup/MainCode/Middlewares/Third_Party/LwIP/src/core/pbuf.c.obj
                0x08003ff8                pbuf_copy
 .text.pbuf_copy_partial
                0x0800409e       0x62 CMakeFiles/UDP_Communication_Test.elf.dir/D_/Challenge_Cup/MainCode/Middlewares/Third_Party/LwIP/src/core/pbuf.c.obj
                0x0800409e                pbuf_copy_partial
 .text.pbuf_take
                0x08004100       0x68 CMakeFiles/UDP_Communication_Test.elf.dir/D_/Challenge_Cup/MainCode/Middlewares/Third_Party/LwIP/src/core/pbuf.c.obj
                0x08004100                pbuf_take
 .text.pbuf_clone
                0x08004168       0x20 CMakeFiles/UDP_Communication_Test.elf.dir/D_/Challenge_Cup/MainCode/Middlewares/Third_Party/LwIP/src/core/pbuf.c.obj
                0x08004168                pbuf_clone
 .text.sys_timeout_abs
                0x08004188       0x50 CMakeFiles/UDP_Communication_Test.elf.dir/D_/Challenge_Cup/MainCode/Middlewares/Third_Party/LwIP/src/core/timeouts.c.obj
 .text.lwip_cyclic_timer
                0x080041d8       0x34 CMakeFiles/UDP_Communication_Test.elf.dir/D_/Challenge_Cup/MainCode/Middlewares/Third_Party/LwIP/src/core/timeouts.c.obj
 .text.sys_timeout
                0x0800420c       0x24 CMakeFiles/UDP_Communication_Test.elf.dir/D_/Challenge_Cup/MainCode/Middlewares/Third_Party/LwIP/src/core/timeouts.c.obj
                0x0800420c                sys_timeout
 .text.sys_timeouts_init
                0x08004230       0x2c CMakeFiles/UDP_Communication_Test.elf.dir/D_/Challenge_Cup/MainCode/Middlewares/Third_Party/LwIP/src/core/timeouts.c.obj
                0x08004230                sys_timeouts_init
 .text.sys_check_timeouts
                0x0800425c       0x44 CMakeFiles/UDP_Communication_Test.elf.dir/D_/Challenge_Cup/MainCode/Middlewares/Third_Party/LwIP/src/core/timeouts.c.obj
                0x0800425c                sys_check_timeouts
 .text.udp_init
                0x080042a0       0x18 CMakeFiles/UDP_Communication_Test.elf.dir/D_/Challenge_Cup/MainCode/Middlewares/Third_Party/LwIP/src/core/udp.c.obj
                0x080042a0                udp_init
 .text.udp_input
                0x080042b8      0x170 CMakeFiles/UDP_Communication_Test.elf.dir/D_/Challenge_Cup/MainCode/Middlewares/Third_Party/LwIP/src/core/udp.c.obj
                0x080042b8                udp_input
 .text.udp_bind
                0x08004428       0xc0 CMakeFiles/UDP_Communication_Test.elf.dir/D_/Challenge_Cup/MainCode/Middlewares/Third_Party/LwIP/src/core/udp.c.obj
                0x08004428                udp_bind
 .text.udp_sendto_if_src
                0x080044e8       0xd6 CMakeFiles/UDP_Communication_Test.elf.dir/D_/Challenge_Cup/MainCode/Middlewares/Third_Party/LwIP/src/core/udp.c.obj
                0x080044e8                udp_sendto_if_src
 .text.udp_sendto_if
                0x080045be       0x46 CMakeFiles/UDP_Communication_Test.elf.dir/D_/Challenge_Cup/MainCode/Middlewares/Third_Party/LwIP/src/core/udp.c.obj
                0x080045be                udp_sendto_if
 .text.udp_sendto
                0x08004604       0x48 CMakeFiles/UDP_Communication_Test.elf.dir/D_/Challenge_Cup/MainCode/Middlewares/Third_Party/LwIP/src/core/udp.c.obj
                0x08004604                udp_sendto
 .text.udp_recv
                0x0800464c        0xc CMakeFiles/UDP_Communication_Test.elf.dir/D_/Challenge_Cup/MainCode/Middlewares/Third_Party/LwIP/src/core/udp.c.obj
                0x0800464c                udp_recv
 .text.udp_remove
                0x08004658       0x34 CMakeFiles/UDP_Communication_Test.elf.dir/D_/Challenge_Cup/MainCode/Middlewares/Third_Party/LwIP/src/core/udp.c.obj
                0x08004658                udp_remove
 .text.udp_new  0x0800468c       0x1c CMakeFiles/UDP_Communication_Test.elf.dir/D_/Challenge_Cup/MainCode/Middlewares/Third_Party/LwIP/src/core/udp.c.obj
                0x0800468c                udp_new
 .text.udp_new_ip_type
                0x080046a8        0x4 CMakeFiles/UDP_Communication_Test.elf.dir/D_/Challenge_Cup/MainCode/Middlewares/Third_Party/LwIP/src/core/udp.c.obj
                0x080046a8                udp_new_ip_type
 .text.udp_netif_ip_addr_changed
                0x080046ac       0x2c CMakeFiles/UDP_Communication_Test.elf.dir/D_/Challenge_Cup/MainCode/Middlewares/Third_Party/LwIP/src/core/udp.c.obj
                0x080046ac                udp_netif_ip_addr_changed
 .text.etharp_free_entry
                0x080046d8       0x28 CMakeFiles/UDP_Communication_Test.elf.dir/D_/Challenge_Cup/MainCode/Middlewares/Third_Party/LwIP/src/core/ipv4/etharp.c.obj
 .text.etharp_find_entry
                0x08004700       0xf8 CMakeFiles/UDP_Communication_Test.elf.dir/D_/Challenge_Cup/MainCode/Middlewares/Third_Party/LwIP/src/core/ipv4/etharp.c.obj
 .text.etharp_raw
                0x080047f8       0xaa CMakeFiles/UDP_Communication_Test.elf.dir/D_/Challenge_Cup/MainCode/Middlewares/Third_Party/LwIP/src/core/ipv4/etharp.c.obj
 *fill*         0x080048a2        0x2 
 .text.etharp_cleanup_netif
                0x080048a4       0x28 CMakeFiles/UDP_Communication_Test.elf.dir/D_/Challenge_Cup/MainCode/Middlewares/Third_Party/LwIP/src/core/ipv4/etharp.c.obj
                0x080048a4                etharp_cleanup_netif
 .text.etharp_input
                0x080048cc      0x108 CMakeFiles/UDP_Communication_Test.elf.dir/D_/Challenge_Cup/MainCode/Middlewares/Third_Party/LwIP/src/core/ipv4/etharp.c.obj
                0x080048cc                etharp_input
 .text.etharp_request
                0x080049d4       0x2c CMakeFiles/UDP_Communication_Test.elf.dir/D_/Challenge_Cup/MainCode/Middlewares/Third_Party/LwIP/src/core/ipv4/etharp.c.obj
                0x080049d4                etharp_request
 .text.etharp_tmr
                0x08004a00       0x54 CMakeFiles/UDP_Communication_Test.elf.dir/D_/Challenge_Cup/MainCode/Middlewares/Third_Party/LwIP/src/core/ipv4/etharp.c.obj
                0x08004a00                etharp_tmr
 .text.etharp_output_to_arp_index
                0x08004a54       0x98 CMakeFiles/UDP_Communication_Test.elf.dir/D_/Challenge_Cup/MainCode/Middlewares/Third_Party/LwIP/src/core/ipv4/etharp.c.obj
 .text.etharp_query
                0x08004aec       0xf8 CMakeFiles/UDP_Communication_Test.elf.dir/D_/Challenge_Cup/MainCode/Middlewares/Third_Party/LwIP/src/core/ipv4/etharp.c.obj
                0x08004aec                etharp_query
 .text.etharp_output
                0x08004be4      0x104 CMakeFiles/UDP_Communication_Test.elf.dir/D_/Challenge_Cup/MainCode/Middlewares/Third_Party/LwIP/src/core/ipv4/etharp.c.obj
                0x08004be4                etharp_output
 .text.icmp_send_response
                0x08004ce8       0x7a CMakeFiles/UDP_Communication_Test.elf.dir/D_/Challenge_Cup/MainCode/Middlewares/Third_Party/LwIP/src/core/ipv4/icmp.c.obj
 *fill*         0x08004d62        0x2 
 .text.icmp_input
                0x08004d64      0x118 CMakeFiles/UDP_Communication_Test.elf.dir/D_/Challenge_Cup/MainCode/Middlewares/Third_Party/LwIP/src/core/ipv4/icmp.c.obj
                0x08004d64                icmp_input
 .text.icmp_dest_unreach
                0x08004e7c        0x8 CMakeFiles/UDP_Communication_Test.elf.dir/D_/Challenge_Cup/MainCode/Middlewares/Third_Party/LwIP/src/core/ipv4/icmp.c.obj
                0x08004e7c                icmp_dest_unreach
 .text.icmp_time_exceeded
                0x08004e84        0x8 CMakeFiles/UDP_Communication_Test.elf.dir/D_/Challenge_Cup/MainCode/Middlewares/Third_Party/LwIP/src/core/ipv4/icmp.c.obj
                0x08004e84                icmp_time_exceeded
 .text.ip4_input_accept
                0x08004e8c       0x34 CMakeFiles/UDP_Communication_Test.elf.dir/D_/Challenge_Cup/MainCode/Middlewares/Third_Party/LwIP/src/core/ipv4/ip4.c.obj
 .text.ip4_route
                0x08004ec0       0x5c CMakeFiles/UDP_Communication_Test.elf.dir/D_/Challenge_Cup/MainCode/Middlewares/Third_Party/LwIP/src/core/ipv4/ip4.c.obj
                0x08004ec0                ip4_route
 .text.ip4_input
                0x08004f1c      0x15c CMakeFiles/UDP_Communication_Test.elf.dir/D_/Challenge_Cup/MainCode/Middlewares/Third_Party/LwIP/src/core/ipv4/ip4.c.obj
                0x08004f1c                ip4_input
 .text.ip4_output_if_src
                0x08005078       0xd4 CMakeFiles/UDP_Communication_Test.elf.dir/D_/Challenge_Cup/MainCode/Middlewares/Third_Party/LwIP/src/core/ipv4/ip4.c.obj
                0x08005078                ip4_output_if_src
 .text.ip4_output_if
                0x0800514c       0x22 CMakeFiles/UDP_Communication_Test.elf.dir/D_/Challenge_Cup/MainCode/Middlewares/Third_Party/LwIP/src/core/ipv4/ip4.c.obj
                0x0800514c                ip4_output_if
 .text.ip4_addr_isbroadcast_u32
                0x0800516e       0x36 CMakeFiles/UDP_Communication_Test.elf.dir/D_/Challenge_Cup/MainCode/Middlewares/Third_Party/LwIP/src/core/ipv4/ip4_addr.c.obj
                0x0800516e                ip4_addr_isbroadcast_u32
 .text.ip_reass_dequeue_datagram
                0x080051a4       0x30 CMakeFiles/UDP_Communication_Test.elf.dir/D_/Challenge_Cup/MainCode/Middlewares/Third_Party/LwIP/src/core/ipv4/ip4_frag.c.obj
 .text.ip_reass_free_complete_datagram
                0x080051d4       0xa8 CMakeFiles/UDP_Communication_Test.elf.dir/D_/Challenge_Cup/MainCode/Middlewares/Third_Party/LwIP/src/core/ipv4/ip4_frag.c.obj
 .text.ip_reass_remove_oldest_datagram
                0x0800527c       0x7c CMakeFiles/UDP_Communication_Test.elf.dir/D_/Challenge_Cup/MainCode/Middlewares/Third_Party/LwIP/src/core/ipv4/ip4_frag.c.obj
 .text.ipfrag_free_pbuf_custom
                0x080052f8       0x1e CMakeFiles/UDP_Communication_Test.elf.dir/D_/Challenge_Cup/MainCode/Middlewares/Third_Party/LwIP/src/core/ipv4/ip4_frag.c.obj
 *fill*         0x08005316        0x2 
 .text.ip_reass_tmr
                0x08005318       0x2c CMakeFiles/UDP_Communication_Test.elf.dir/D_/Challenge_Cup/MainCode/Middlewares/Third_Party/LwIP/src/core/ipv4/ip4_frag.c.obj
                0x08005318                ip_reass_tmr
 .text.ip4_reass
                0x08005344      0x324 CMakeFiles/UDP_Communication_Test.elf.dir/D_/Challenge_Cup/MainCode/Middlewares/Third_Party/LwIP/src/core/ipv4/ip4_frag.c.obj
                0x08005344                ip4_reass
 .text.ip4_frag
                0x08005668      0x1a0 CMakeFiles/UDP_Communication_Test.elf.dir/D_/Challenge_Cup/MainCode/Middlewares/Third_Party/LwIP/src/core/ipv4/ip4_frag.c.obj
                0x08005668                ip4_frag
 .text.ethernet_input
                0x08005808       0xa0 CMakeFiles/UDP_Communication_Test.elf.dir/D_/Challenge_Cup/MainCode/Middlewares/Third_Party/LwIP/src/netif/ethernet.c.obj
                0x08005808                ethernet_input
 .text.ethernet_output
                0x080058a8       0x58 CMakeFiles/UDP_Communication_Test.elf.dir/D_/Challenge_Cup/MainCode/Middlewares/Third_Party/LwIP/src/netif/ethernet.c.obj
                0x080058a8                ethernet_output
 .text.rand     0x08005900       0x7c C:/ST/STM32CubeCLT_1.22.0/GNU-tools-for-STM32/bin/../lib/gcc/arm-none-eabi/14.3.1/../../../../arm-none-eabi/lib/thumb/v7e-m+fp/hard\libc_nano.a(libc_a-rand.o)
                0x08005900                rand
 .text.std      0x0800597c       0x6c C:/ST/STM32CubeCLT_1.22.0/GNU-tools-for-STM32/bin/../lib/gcc/arm-none-eabi/14.3.1/../../../../arm-none-eabi/lib/thumb/v7e-m+fp/hard\libc_nano.a(libc_a-findfp.o)
 .text.stdio_exit_handler
                0x080059e8       0x18 C:/ST/STM32CubeCLT_1.22.0/GNU-tools-for-STM32/bin/../lib/gcc/arm-none-eabi/14.3.1/../../../../arm-none-eabi/lib/thumb/v7e-m+fp/hard\libc_nano.a(libc_a-findfp.o)
 .text.cleanup_stdio
                0x08005a00       0x40 C:/ST/STM32CubeCLT_1.22.0/GNU-tools-for-STM32/bin/../lib/gcc/arm-none-eabi/14.3.1/../../../../arm-none-eabi/lib/thumb/v7e-m+fp/hard\libc_nano.a(libc_a-findfp.o)
 .text.global_stdio_init.part.0
                0x08005a40       0x40 C:/ST/STM32CubeCLT_1.22.0/GNU-tools-for-STM32/bin/../lib/gcc/arm-none-eabi/14.3.1/../../../../arm-none-eabi/lib/thumb/v7e-m+fp/hard\libc_nano.a(libc_a-findfp.o)
 .text.__sfp_lock_acquire
                0x08005a80        0xc C:/ST/STM32CubeCLT_1.22.0/GNU-tools-for-STM32/bin/../lib/gcc/arm-none-eabi/14.3.1/../../../../arm-none-eabi/lib/thumb/v7e-m+fp/hard\libc_nano.a(libc_a-findfp.o)
                0x08005a80                __sfp_lock_acquire
 .text.__sfp_lock_release
                0x08005a8c        0xc C:/ST/STM32CubeCLT_1.22.0/GNU-tools-for-STM32/bin/../lib/gcc/arm-none-eabi/14.3.1/../../../../arm-none-eabi/lib/thumb/v7e-m+fp/hard\libc_nano.a(libc_a-findfp.o)
                0x08005a8c                __sfp_lock_release
 .text.__sinit  0x08005a98       0x30 C:/ST/STM32CubeCLT_1.22.0/GNU-tools-for-STM32/bin/../lib/gcc/arm-none-eabi/14.3.1/../../../../arm-none-eabi/lib/thumb/v7e-m+fp/hard\libc_nano.a(libc_a-findfp.o)
                0x08005a98                __sinit
 .text._fwalk_sglue
                0x08005ac8       0x3c C:/ST/STM32CubeCLT_1.22.0/GNU-tools-for-STM32/bin/../lib/gcc/arm-none-eabi/14.3.1/../../../../arm-none-eabi/lib/thumb/v7e-m+fp/hard\libc_nano.a(libc_a-fwalk.o)
                0x08005ac8                _fwalk_sglue
 .text.__sread  0x08005b04       0x22 C:/ST/STM32CubeCLT_1.22.0/GNU-tools-for-STM32/bin/../lib/gcc/arm-none-eabi/14.3.1/../../../../arm-none-eabi/lib/thumb/v7e-m+fp/hard\libc_nano.a(libc_a-stdio.o)
                0x08005b04                __sread
 .text.__swrite
                0x08005b26       0x38 C:/ST/STM32CubeCLT_1.22.0/GNU-tools-for-STM32/bin/../lib/gcc/arm-none-eabi/14.3.1/../../../../arm-none-eabi/lib/thumb/v7e-m+fp/hard\libc_nano.a(libc_a-stdio.o)
                0x08005b26                __swrite
 .text.__sseek  0x08005b5e       0x26 C:/ST/STM32CubeCLT_1.22.0/GNU-tools-for-STM32/bin/../lib/gcc/arm-none-eabi/14.3.1/../../../../arm-none-eabi/lib/thumb/v7e-m+fp/hard\libc_nano.a(libc_a-stdio.o)
                0x08005b5e                __sseek
 .text.__sclose
                0x08005b84        0x8 C:/ST/STM32CubeCLT_1.22.0/GNU-tools-for-STM32/bin/../lib/gcc/arm-none-eabi/14.3.1/../../../../arm-none-eabi/lib/thumb/v7e-m+fp/hard\libc_nano.a(libc_a-stdio.o)
                0x08005b84                __sclose
 .text.memcmp   0x08005b8c       0x20 C:/ST/STM32CubeCLT_1.22.0/GNU-tools-for-STM32/bin/../lib/gcc/arm-none-eabi/14.3.1/../../../../arm-none-eabi/lib/thumb/v7e-m+fp/hard\libc_nano.a(libc_a-memcmp.o)
                0x08005b8c                memcmp
 .text.memset   0x08005bac       0x10 C:/ST/STM32CubeCLT_1.22.0/GNU-tools-for-STM32/bin/../lib/gcc/arm-none-eabi/14.3.1/../../../../arm-none-eabi/lib/thumb/v7e-m+fp/hard\libc_nano.a(libc_a-memset.o)
                0x08005bac                memset
 .text._close_r
                0x08005bbc       0x20 C:/ST/STM32CubeCLT_1.22.0/GNU-tools-for-STM32/bin/../lib/gcc/arm-none-eabi/14.3.1/../../../../arm-none-eabi/lib/thumb/v7e-m+fp/hard\libc_nano.a(libc_a-closer.o)
                0x08005bbc                _close_r
 .text._lseek_r
                0x08005bdc       0x24 C:/ST/STM32CubeCLT_1.22.0/GNU-tools-for-STM32/bin/../lib/gcc/arm-none-eabi/14.3.1/../../../../arm-none-eabi/lib/thumb/v7e-m+fp/hard\libc_nano.a(libc_a-lseekr.o)
                0x08005bdc                _lseek_r
 .text._read_r  0x08005c00       0x24 C:/ST/STM32CubeCLT_1.22.0/GNU-tools-for-STM32/bin/../lib/gcc/arm-none-eabi/14.3.1/../../../../arm-none-eabi/lib/thumb/v7e-m+fp/hard\libc_nano.a(libc_a-readr.o)
                0x08005c00                _read_r
 .text._write_r
                0x08005c24       0x24 C:/ST/STM32CubeCLT_1.22.0/GNU-tools-for-STM32/bin/../lib/gcc/arm-none-eabi/14.3.1/../../../../arm-none-eabi/lib/thumb/v7e-m+fp/hard\libc_nano.a(libc_a-writer.o)
                0x08005c24                _write_r
 .text.__errno  0x08005c48        0xc C:/ST/STM32CubeCLT_1.22.0/GNU-tools-for-STM32/bin/../lib/gcc/arm-none-eabi/14.3.1/../../../../arm-none-eabi/lib/thumb/v7e-m+fp/hard\libc_nano.a(libc_a-errno.o)
                0x08005c48                __errno
 .text.__libc_init_array
                0x08005c54       0x48 C:/ST/STM32CubeCLT_1.22.0/GNU-tools-for-STM32/bin/../lib/gcc/arm-none-eabi/14.3.1/../../../../arm-none-eabi/lib/thumb/v7e-m+fp/hard\libc_nano.a(libc_a-init.o)
                0x08005c54                __libc_init_array
 .text.__retarget_lock_init_recursive
                0x08005c9c        0x2 C:/ST/STM32CubeCLT_1.22.0/GNU-tools-for-STM32/bin/../lib/gcc/arm-none-eabi/14.3.1/../../../../arm-none-eabi/lib/thumb/v7e-m+fp/hard\libc_nano.a(libc_a-lock.o)
                0x08005c9c                __retarget_lock_init_recursive
 .text.__retarget_lock_acquire_recursive
                0x08005c9e        0x2 C:/ST/STM32CubeCLT_1.22.0/GNU-tools-for-STM32/bin/../lib/gcc/arm-none-eabi/14.3.1/../../../../arm-none-eabi/lib/thumb/v7e-m+fp/hard\libc_nano.a(libc_a-lock.o)
                0x08005c9e                __retarget_lock_acquire_recursive
 .text.__retarget_lock_release_recursive
                0x08005ca0        0x2 C:/ST/STM32CubeCLT_1.22.0/GNU-tools-for-STM32/bin/../lib/gcc/arm-none-eabi/14.3.1/../../../../arm-none-eabi/lib/thumb/v7e-m+fp/hard\libc_nano.a(libc_a-lock.o)
                0x08005ca0                __retarget_lock_release_recursive
 .text.memcpy   0x08005ca2       0x1c C:/ST/STM32CubeCLT_1.22.0/GNU-tools-for-STM32/bin/../lib/gcc/arm-none-eabi/14.3.1/../../../../arm-none-eabi/lib/thumb/v7e-m+fp/hard\libc_nano.a(libc_a-memcpy-stub.o)
                0x08005ca2                memcpy
 *fill*         0x08005cbe        0x2 
 .text.__assert_func
                0x08005cc0       0x3c C:/ST/STM32CubeCLT_1.22.0/GNU-tools-for-STM32/bin/../lib/gcc/arm-none-eabi/14.3.1/../../../../arm-none-eabi/lib/thumb/v7e-m+fp/hard\libc_nano.a(libc_a-assert.o)
                0x08005cc0                __assert_func
 .text._free_r  0x08005cfc       0x94 C:/ST/STM32CubeCLT_1.22.0/GNU-tools-for-STM32/bin/../lib/gcc/arm-none-eabi/14.3.1/../../../../arm-none-eabi/lib/thumb/v7e-m+fp/hard\libc_nano.a(libc_a-freer.o)
                0x08005cfc                _free_r
 .text.malloc   0x08005d90       0x10 C:/ST/STM32CubeCLT_1.22.0/GNU-tools-for-STM32/bin/../lib/gcc/arm-none-eabi/14.3.1/../../../../arm-none-eabi/lib/thumb/v7e-m+fp/hard\libc_nano.a(libc_a-malloc.o)
                0x08005d90                malloc
 .text.sbrk_aligned
                0x08005da0       0x44 C:/ST/STM32CubeCLT_1.22.0/GNU-tools-for-STM32/bin/../lib/gcc/arm-none-eabi/14.3.1/../../../../arm-none-eabi/lib/thumb/v7e-m+fp/hard\libc_nano.a(libc_a-mallocr.o)
 .text._malloc_r
                0x08005de4      0x100 C:/ST/STM32CubeCLT_1.22.0/GNU-tools-for-STM32/bin/../lib/gcc/arm-none-eabi/14.3.1/../../../../arm-none-eabi/lib/thumb/v7e-m+fp/hard\libc_nano.a(libc_a-mallocr.o)
                0x08005de4                _malloc_r
 .text.__malloc_lock
                0x08005ee4        0xc C:/ST/STM32CubeCLT_1.22.0/GNU-tools-for-STM32/bin/../lib/gcc/arm-none-eabi/14.3.1/../../../../arm-none-eabi/lib/thumb/v7e-m+fp/hard\libc_nano.a(libc_a-mlock.o)
                0x08005ee4                __malloc_lock
 .text.__malloc_unlock
                0x08005ef0        0xc C:/ST/STM32CubeCLT_1.22.0/GNU-tools-for-STM32/bin/../lib/gcc/arm-none-eabi/14.3.1/../../../../arm-none-eabi/lib/thumb/v7e-m+fp/hard\libc_nano.a(libc_a-mlock.o)
                0x08005ef0                __malloc_unlock
 .text.__sflush_r
                0x08005efc      0x104 C:/ST/STM32CubeCLT_1.22.0/GNU-tools-for-STM32/bin/../lib/gcc/arm-none-eabi/14.3.1/../../../../arm-none-eabi/lib/thumb/v7e-m+fp/hard\libc_nano.a(libc_a-fflush.o)
                0x08005efc                __sflush_r
 .text._fflush_r
                0x08006000       0x50 C:/ST/STM32CubeCLT_1.22.0/GNU-tools-for-STM32/bin/../lib/gcc/arm-none-eabi/14.3.1/../../../../arm-none-eabi/lib/thumb/v7e-m+fp/hard\libc_nano.a(libc_a-fflush.o)
                0x08006000                _fflush_r
 .text.fprintf  0x08006050       0x24 C:/ST/STM32CubeCLT_1.22.0/GNU-tools-for-STM32/bin/../lib/gcc/arm-none-eabi/14.3.1/../../../../arm-none-eabi/lib/thumb/v7e-m+fp/hard\libc_nano.a(libc_a-fprintf.o)
                0x08006050                fiprintf
                0x08006050                fprintf
 .text._sbrk_r  0x08006074       0x20 C:/ST/STM32CubeCLT_1.22.0/GNU-tools-for-STM32/bin/../lib/gcc/arm-none-eabi/14.3.1/../../../../arm-none-eabi/lib/thumb/v7e-m+fp/hard\libc_nano.a(libc_a-sbrkr.o)
                0x08006074                _sbrk_r
 .text.abort    0x08006094        0xe C:/ST/STM32CubeCLT_1.22.0/GNU-tools-for-STM32/bin/../lib/gcc/arm-none-eabi/14.3.1/../../../../arm-none-eabi/lib/thumb/v7e-m+fp/hard\libc_nano.a(libc_a-abort.o)
                0x08006094                abort
 .text.__sfputc_r
                0x080060a2       0x2e C:/ST/STM32CubeCLT_1.22.0/GNU-tools-for-STM32/bin/../lib/gcc/arm-none-eabi/14.3.1/../../../../arm-none-eabi/lib/thumb/v7e-m+fp/hard\libc_nano.a(libc_a-nano-vfprintf.o)
 .text.__sfputs_r
                0x080060d0       0x24 C:/ST/STM32CubeCLT_1.22.0/GNU-tools-for-STM32/bin/../lib/gcc/arm-none-eabi/14.3.1/../../../../arm-none-eabi/lib/thumb/v7e-m+fp/hard\libc_nano.a(libc_a-nano-vfprintf.o)
                0x080060d0                __sfputs_r
 .text._vfprintf_r
                0x080060f4      0x228 C:/ST/STM32CubeCLT_1.22.0/GNU-tools-for-STM32/bin/../lib/gcc/arm-none-eabi/14.3.1/../../../../arm-none-eabi/lib/thumb/v7e-m+fp/hard\libc_nano.a(libc_a-nano-vfprintf.o)
                0x080060f4                _vfprintf_r
                0x080060f4                _vfiprintf_r
 .text._printf_common
                0x0800631c       0xda C:/ST/STM32CubeCLT_1.22.0/GNU-tools-for-STM32/bin/../lib/gcc/arm-none-eabi/14.3.1/../../../../arm-none-eabi/lib/thumb/v7e-m+fp/hard\libc_nano.a(libc_a-nano-vfprintf_i.o)
                0x0800631c                _printf_common
 *fill*         0x080063f6        0x2 
 .text._printf_i
                0x080063f8      0x24c C:/ST/STM32CubeCLT_1.22.0/GNU-tools-for-STM32/bin/../lib/gcc/arm-none-eabi/14.3.1/../../../../arm-none-eabi/lib/thumb/v7e-m+fp/hard\libc_nano.a(libc_a-nano-vfprintf_i.o)
                0x080063f8                _printf_i
 .text.__swbuf_r
                0x08006644       0x7c C:/ST/STM32CubeCLT_1.22.0/GNU-tools-for-STM32/bin/../lib/gcc/arm-none-eabi/14.3.1/../../../../arm-none-eabi/lib/thumb/v7e-m+fp/hard\libc_nano.a(libc_a-wbuf.o)
                0x08006644                __swbuf_r
 .text.__swsetup_r
                0x080066c0       0xa8 C:/ST/STM32CubeCLT_1.22.0/GNU-tools-for-STM32/bin/../lib/gcc/arm-none-eabi/14.3.1/../../../../arm-none-eabi/lib/thumb/v7e-m+fp/hard\libc_nano.a(libc_a-wsetup.o)
                0x080066c0                __swsetup_r
 .text._raise_r
                0x08006768       0x50 C:/ST/STM32CubeCLT_1.22.0/GNU-tools-for-STM32/bin/../lib/gcc/arm-none-eabi/14.3.1/../../../../arm-none-eabi/lib/thumb/v7e-m+fp/hard\libc_nano.a(libc_a-signal.o)
                0x08006768                _raise_r
 .text.raise    0x080067b8       0x10 C:/ST/STM32CubeCLT_1.22.0/GNU-tools-for-STM32/bin/../lib/gcc/arm-none-eabi/14.3.1/../../../../arm-none-eabi/lib/thumb/v7e-m+fp/hard\libc_nano.a(libc_a-signal.o)
                0x080067b8                raise
 .text._kill_r  0x080067c8       0x24 C:/ST/STM32CubeCLT_1.22.0/GNU-tools-for-STM32/bin/../lib/gcc/arm-none-eabi/14.3.1/../../../../arm-none-eabi/lib/thumb/v7e-m+fp/hard\libc_nano.a(libc_a-signalr.o)
                0x080067c8                _kill_r
 .text._getpid_r
                0x080067ec        0x4 C:/ST/STM32CubeCLT_1.22.0/GNU-tools-for-STM32/bin/../lib/gcc/arm-none-eabi/14.3.1/../../../../arm-none-eabi/lib/thumb/v7e-m+fp/hard\libc_nano.a(libc_a-signalr.o)
                0x080067ec                _getpid_r
 .text.__swhatbuf_r
                0x080067f0       0x48 C:/ST/STM32CubeCLT_1.22.0/GNU-tools-for-STM32/bin/../lib/gcc/arm-none-eabi/14.3.1/../../../../arm-none-eabi/lib/thumb/v7e-m+fp/hard\libc_nano.a(libc_a-makebuf.o)
                0x080067f0                __swhatbuf_r
 .text.__smakebuf_r
                0x08006838       0x72 C:/ST/STM32CubeCLT_1.22.0/GNU-tools-for-STM32/bin/../lib/gcc/arm-none-eabi/14.3.1/../../../../arm-none-eabi/lib/thumb/v7e-m+fp/hard\libc_nano.a(libc_a-makebuf.o)
                0x08006838                __smakebuf_r
 *fill*         0x080068aa        0x2 
 .text._fstat_r
                0x080068ac       0x24 C:/ST/STM32CubeCLT_1.22.0/GNU-tools-for-STM32/bin/../lib/gcc/arm-none-eabi/14.3.1/../../../../arm-none-eabi/lib/thumb/v7e-m+fp/hard\libc_nano.a(libc_a-fstatr.o)
                0x080068ac                _fstat_r
 .text._isatty_r
                0x080068d0       0x20 C:/ST/STM32CubeCLT_1.22.0/GNU-tools-for-STM32/bin/../lib/gcc/arm-none-eabi/14.3.1/../../../../arm-none-eabi/lib/thumb/v7e-m+fp/hard\libc_nano.a(libc_a-isattyr.o)
                0x080068d0                _isatty_r
 *(.glue_7)
 .glue_7        0x080068f0        0x0 linker stubs
 *(.glue_7t)
 .glue_7t       0x080068f0        0x0 linker stubs
 *(.eh_frame)
 .eh_frame      0x080068f0        0x0 C:/ST/STM32CubeCLT_1.22.0/GNU-tools-for-STM32/bin/../lib/gcc/arm-none-eabi/14.3.1/thumb/v7e-m+fp/hard/crtbegin.o
 *(.init)
 .init          0x080068f0        0x4 C:/ST/STM32CubeCLT_1.22.0/GNU-tools-for-STM32/bin/../lib/gcc/arm-none-eabi/14.3.1/thumb/v7e-m+fp/hard/crti.o
                0x080068f0                _init
 .init          0x080068f4        0x8 C:/ST/STM32CubeCLT_1.22.0/GNU-tools-for-STM32/bin/../lib/gcc/arm-none-eabi/14.3.1/thumb/v7e-m+fp/hard/crtn.o
 *(.fini)
 .fini          0x080068fc        0x4 C:/ST/STM32CubeCLT_1.22.0/GNU-tools-for-STM32/bin/../lib/gcc/arm-none-eabi/14.3.1/thumb/v7e-m+fp/hard/crti.o
                0x080068fc                _fini
 .fini          0x08006900        0x8 C:/ST/STM32CubeCLT_1.22.0/GNU-tools-for-STM32/bin/../lib/gcc/arm-none-eabi/14.3.1/thumb/v7e-m+fp/hard/crtn.o
                0x08006908                        . = ALIGN (0x4)
                0x08006908                        _etext = .

.vfp11_veneer   0x08006908        0x0
 .vfp11_veneer  0x08006908        0x0 linker stubs

.v4_bx          0x08006908        0x0
 .v4_bx         0x08006908        0x0 linker stubs

.iplt           0x08006908        0x0
 .iplt          0x08006908        0x0 C:/ST/STM32CubeCLT_1.22.0/GNU-tools-for-STM32/bin/../lib/gcc/arm-none-eabi/14.3.1/thumb/v7e-m+fp/hard/crtbegin.o

.rodata         0x08006908      0x1a4
                0x08006908                        . = ALIGN (0x4)
 *(.rodata)
 *(.rodata*)
 .rodata.APBPrescTable
                0x08006908        0x8 CMakeFiles/UDP_Communication_Test.elf.dir/D_/Challenge_Cup/MainCode/Core/Src/system_stm32f4xx.c.obj
                0x08006908                APBPrescTable
 .rodata.AHBPrescTable
                0x08006910       0x10 CMakeFiles/UDP_Communication_Test.elf.dir/D_/Challenge_Cup/MainCode/Core/Src/system_stm32f4xx.c.obj
                0x08006910                AHBPrescTable
 .rodata.ethernetif_init.str1.1
                0x08006920       0xe5 CMakeFiles/UDP_Communication_Test.elf.dir/D_/Challenge_Cup/MainCode/Core/Src/ethernetif.c.obj
                                  0x7 (size before relaxing)
 *fill*         0x08006a05        0x1 
 .rodata.CSWTCH.21
                0x08006a06        0x8 CMakeFiles/UDP_Communication_Test.elf.dir/D_/Challenge_Cup/MainCode/Core/Src/ethernetif.c.obj
 .rodata.CSWTCH.20
                0x08006a0e        0x8 CMakeFiles/UDP_Communication_Test.elf.dir/D_/Challenge_Cup/MainCode/Core/Src/ethernetif.c.obj
 *fill*         0x08006a16        0x2 
 .rodata.memp_RX_POOL
                0x08006a18        0xc CMakeFiles/UDP_Communication_Test.elf.dir/D_/Challenge_Cup/MainCode/Core/Src/ethernetif.c.obj
                0x08006a18                memp_RX_POOL
 .rodata.flagBitshiftOffset.0
                0x08006a24        0x8 CMakeFiles/UDP_Communication_Test.elf.dir/D_/Challenge_Cup/MainCode/Drivers/STM32F4xx_HAL_Driver/Src/stm32f4xx_hal_dma.c.obj
 .rodata.memp_pools
                0x08006a2c       0x18 CMakeFiles/UDP_Communication_Test.elf.dir/D_/Challenge_Cup/MainCode/Middlewares/Third_Party/LwIP/src/core/memp.c.obj
                0x08006a2c                memp_pools
 .rodata.memp_PBUF_POOL
                0x08006a44        0xc CMakeFiles/UDP_Communication_Test.elf.dir/D_/Challenge_Cup/MainCode/Middlewares/Third_Party/LwIP/src/core/memp.c.obj
                0x08006a44                memp_PBUF_POOL
 .rodata.memp_PBUF
                0x08006a50        0xc CMakeFiles/UDP_Communication_Test.elf.dir/D_/Challenge_Cup/MainCode/Middlewares/Third_Party/LwIP/src/core/memp.c.obj
                0x08006a50                memp_PBUF
 .rodata.memp_SYS_TIMEOUT
                0x08006a5c        0xc CMakeFiles/UDP_Communication_Test.elf.dir/D_/Challenge_Cup/MainCode/Middlewares/Third_Party/LwIP/src/core/memp.c.obj
                0x08006a5c                memp_SYS_TIMEOUT
 .rodata.memp_FRAG_PBUF
                0x08006a68        0xc CMakeFiles/UDP_Communication_Test.elf.dir/D_/Challenge_Cup/MainCode/Middlewares/Third_Party/LwIP/src/core/memp.c.obj
                0x08006a68                memp_FRAG_PBUF
 .rodata.memp_REASSDATA
                0x08006a74        0xc CMakeFiles/UDP_Communication_Test.elf.dir/D_/Challenge_Cup/MainCode/Middlewares/Third_Party/LwIP/src/core/memp.c.obj
                0x08006a74                memp_REASSDATA
 .rodata.memp_UDP_PCB
                0x08006a80        0xc CMakeFiles/UDP_Communication_Test.elf.dir/D_/Challenge_Cup/MainCode/Middlewares/Third_Party/LwIP/src/core/memp.c.obj
                0x08006a80                memp_UDP_PCB
 .rodata.lwip_cyclic_timers
                0x08006a8c       0x10 CMakeFiles/UDP_Communication_Test.elf.dir/D_/Challenge_Cup/MainCode/Middlewares/Third_Party/LwIP/src/core/timeouts.c.obj
                0x08006a8c                lwip_cyclic_timers
 .rodata.ip_addr_any
                0x08006a9c        0x4 CMakeFiles/UDP_Communication_Test.elf.dir/D_/Challenge_Cup/MainCode/Middlewares/Third_Party/LwIP/src/core/ipv4/ip4_addr.c.obj
                0x08006a9c                ip_addr_any
 .rodata.ethzero
                0x08006aa0        0x6 CMakeFiles/UDP_Communication_Test.elf.dir/D_/Challenge_Cup/MainCode/Middlewares/Third_Party/LwIP/src/netif/ethernet.c.obj
                0x08006aa0                ethzero
 .rodata.ethbroadcast
                0x08006aa6        0x6 CMakeFiles/UDP_Communication_Test.elf.dir/D_/Challenge_Cup/MainCode/Middlewares/Third_Party/LwIP/src/netif/ethernet.c.obj
                0x08006aa6                ethbroadcast
 .rodata.srand.str1.1
                0x08006aac       0x6f C:/ST/STM32CubeCLT_1.22.0/GNU-tools-for-STM32/bin/../lib/gcc/arm-none-eabi/14.3.1/../../../../arm-none-eabi/lib/thumb/v7e-m+fp/hard\libc_nano.a(libc_a-rand.o)
 .rodata.__assert_func.str1.1
                0x08006aac       0x3d C:/ST/STM32CubeCLT_1.22.0/GNU-tools-for-STM32/bin/../lib/gcc/arm-none-eabi/14.3.1/../../../../arm-none-eabi/lib/thumb/v7e-m+fp/hard\libc_nano.a(libc_a-assert.o)
 .rodata._vfprintf_r.str1.1
                0x08006aac       0x11 C:/ST/STM32CubeCLT_1.22.0/GNU-tools-for-STM32/bin/../lib/gcc/arm-none-eabi/14.3.1/../../../../arm-none-eabi/lib/thumb/v7e-m+fp/hard\libc_nano.a(libc_a-nano-vfprintf.o)
 .rodata._printf_i.str1.1
                0x08006aac       0x22 C:/ST/STM32CubeCLT_1.22.0/GNU-tools-for-STM32/bin/../lib/gcc/arm-none-eabi/14.3.1/../../../../arm-none-eabi/lib/thumb/v7e-m+fp/hard\libc_nano.a(libc_a-nano-vfprintf_i.o)
                0x08006b1c                        . = ALIGN (0x4)

.ARM.extab      0x08006aac        0x0
                0x08006aac                        . = ALIGN (0x4)
 *(.ARM.extab* .gnu.linkonce.armextab.*)
                0x08006aac                        . = ALIGN (0x4)

.ARM            0x08006aac        0x8
                0x08006aac                        . = ALIGN (0x4)
                0x08006aac                        __exidx_start = .
 *(.ARM.exidx*)
 .ARM.exidx     0x08006aac        0x8 C:/ST/STM32CubeCLT_1.22.0/GNU-tools-for-STM32/bin/../lib/gcc/arm-none-eabi/14.3.1/thumb/v7e-m+fp/hard\libgcc.a(_udivmoddi4.o)
 .ARM.exidx     0x08006ab4        0x0 C:/ST/STM32CubeCLT_1.22.0/GNU-tools-for-STM32/bin/../lib/gcc/arm-none-eabi/14.3.1/../../../../arm-none-eabi/lib/thumb/v7e-m+fp/hard\libc_nano.a(libc_a-memchr.o)
                                  0x8 (size before relaxing)
                0x08006ab4                        __exidx_end = .
                0x08006ab4                        . = ALIGN (0x4)

.preinit_array  0x08006ab4        0x0
                0x08006ab4                        . = ALIGN (0x4)
                0x08006ab4                        PROVIDE (__preinit_array_start = .)
 *(.preinit_array*)
                0x08006ab4                        PROVIDE (__preinit_array_end = .)
                0x08006ab4                        . = ALIGN (0x4)

.init_array     0x08006ab4        0x4
                0x08006ab4                        . = ALIGN (0x4)
                0x08006ab4                        PROVIDE (__init_array_start = .)
 *(SORT_BY_NAME(.init_array.*))
 *(.init_array*)
 .init_array    0x08006ab4        0x4 C:/ST/STM32CubeCLT_1.22.0/GNU-tools-for-STM32/bin/../lib/gcc/arm-none-eabi/14.3.1/thumb/v7e-m+fp/hard/crtbegin.o
                0x08006ab8                        PROVIDE (__init_array_end = .)
                0x08006ab8                        . = ALIGN (0x4)

.fini_array     0x08006ab8        0x4
                0x08006ab8                        . = ALIGN (0x4)
                [!provide]                        PROVIDE (__fini_array_start = .)
 *(SORT_BY_NAME(.fini_array.*))
 *(.fini_array*)
 .fini_array    0x08006ab8        0x4 C:/ST/STM32CubeCLT_1.22.0/GNU-tools-for-STM32/bin/../lib/gcc/arm-none-eabi/14.3.1/thumb/v7e-m+fp/hard/crtbegin.o
                [!provide]                        PROVIDE (__fini_array_end = .)
                0x08006abc                        . = ALIGN (0x4)
                0x08006abc                        _sidata = LOADADDR (.data)

.rel.dyn        0x08006abc        0x0
 .rel.iplt      0x08006abc        0x0 C:/ST/STM32CubeCLT_1.22.0/GNU-tools-for-STM32/bin/../lib/gcc/arm-none-eabi/14.3.1/thumb/v7e-m+fp/hard/crtbegin.o

.data           0x20000000       0x80 load address 0x08006abc
                0x20000000                        . = ALIGN (0x4)
                0x20000000                        _sdata = .
 *(.data)
 *(.data*)
 .data.SystemCoreClock
                0x20000000        0x4 CMakeFiles/UDP_Communication_Test.elf.dir/D_/Challenge_Cup/MainCode/Core/Src/system_stm32f4xx.c.obj
                0x20000000                SystemCoreClock
 .data.LAN8720_IOCtx
                0x20000004       0x14 CMakeFiles/UDP_Communication_Test.elf.dir/D_/Challenge_Cup/MainCode/Core/Src/ethernetif.c.obj
                0x20000004                LAN8720_IOCtx
 .data.uwTickFreq
                0x20000018        0x1 CMakeFiles/UDP_Communication_Test.elf.dir/D_/Challenge_Cup/MainCode/Drivers/STM32F4xx_HAL_Driver/Src/stm32f4xx_hal.c.obj
                0x20000018                uwTickFreq
 *fill*         0x20000019        0x3 
 .data.uwTickPrio
                0x2000001c        0x4 CMakeFiles/UDP_Communication_Test.elf.dir/D_/Challenge_Cup/MainCode/Drivers/STM32F4xx_HAL_Driver/Src/stm32f4xx_hal.c.obj
                0x2000001c                uwTickPrio
 .data.udp_port
                0x20000020        0x2 CMakeFiles/UDP_Communication_Test.elf.dir/D_/Challenge_Cup/MainCode/Middlewares/Third_Party/LwIP/src/core/udp.c.obj
 *fill*         0x20000022        0x2 
 .data.__sglue  0x20000024        0xc C:/ST/STM32CubeCLT_1.22.0/GNU-tools-for-STM32/bin/../lib/gcc/arm-none-eabi/14.3.1/../../../../arm-none-eabi/lib/thumb/v7e-m+fp/hard\libc_nano.a(libc_a-findfp.o)
                0x20000024                __sglue
 .data._impure_ptr
                0x20000030        0x4 C:/ST/STM32CubeCLT_1.22.0/GNU-tools-for-STM32/bin/../lib/gcc/arm-none-eabi/14.3.1/../../../../arm-none-eabi/lib/thumb/v7e-m+fp/hard\libc_nano.a(libc_a-impure.o)
                0x20000030                _impure_ptr
 .data._impure_data
                0x20000034       0x4c C:/ST/STM32CubeCLT_1.22.0/GNU-tools-for-STM32/bin/../lib/gcc/arm-none-eabi/14.3.1/../../../../arm-none-eabi/lib/thumb/v7e-m+fp/hard\libc_nano.a(libc_a-impure.o)
                0x20000034                _impure_data
 *(.RamFunc)
 *(.RamFunc*)
                0x20000080                        . = ALIGN (0x4)
                0x20000080                        _edata = .
                0x08006b3c                        _siccmram = LOADADDR (.ccmram)

.igot.plt       0x20000080        0x0 load address 0x08006b3c
 .igot.plt      0x20000080        0x0 C:/ST/STM32CubeCLT_1.22.0/GNU-tools-for-STM32/bin/../lib/gcc/arm-none-eabi/14.3.1/thumb/v7e-m+fp/hard/crtbegin.o

.ccmram         0x10000000        0x0 load address 0x08006b3c
                0x10000000                        . = ALIGN (0x4)
                0x10000000                        _sccmram = .
 *(.ccmram)
 *(.ccmram*)
                0x10000000                        . = ALIGN (0x4)
                0x10000000                        _eccmram = .
                0x10000000                        . = ALIGN (0x4)

.bss            0x20000080     0x82a4
                0x20000080                        _sbss = .
                0x20000080                        __bss_start__ = _sbss
 *(.bss)
 .bss           0x20000080       0x1c C:/ST/STM32CubeCLT_1.22.0/GNU-tools-for-STM32/bin/../lib/gcc/arm-none-eabi/14.3.1/thumb/v7e-m+fp/hard/crtbegin.o
 *(.bss*)
 .bss.force_uart_rx_faulted
                0x2000009c        0x1 CMakeFiles/UDP_Communication_Test.elf.dir/D_/Challenge_Cup/MainCode/Core/Src/board.c.obj
 *fill*         0x2000009d        0x3 
 .bss.hdma_usart6_rx
                0x200000a0       0x60 CMakeFiles/UDP_Communication_Test.elf.dir/D_/Challenge_Cup/MainCode/Core/Src/board.c.obj
                0x200000a0                hdma_usart6_rx
 .bss.huart3    0x20000100       0x48 CMakeFiles/UDP_Communication_Test.elf.dir/D_/Challenge_Cup/MainCode/Core/Src/board.c.obj
                0x20000100                huart3
 .bss.huart6    0x20000148       0x48 CMakeFiles/UDP_Communication_Test.elf.dir/D_/Challenge_Cup/MainCode/Core/Src/board.c.obj
                0x20000148                huart6
 .bss.hcan2     0x20000190       0x28 CMakeFiles/UDP_Communication_Test.elf.dir/D_/Challenge_Cup/MainCode/Core/Src/board.c.obj
                0x20000190                hcan2